Archive member included to satisfy reference by file (symbol)

/Users/gaetan/Hepia_MEGA/temps_reel/ghost-buster/Debug/libMyLab_lib.a(custom_rand.o)
                              ./src/tp1_ghostbuster.o (init_rnd32)
/Users/gaetan/Hepia_MEGA/temps_reel/ghost-buster/Debug/libMyLab_lib.a(lcd.o)
                              ./src/tp1_ghostbuster.o (init_lcd)
/Users/gaetan/Hepia_MEGA/temps_reel/ghost-buster/Debug/libMyLab_lib.a(ssp.o)
                              /Users/gaetan/Hepia_MEGA/temps_reel/ghost-buster/Debug/libMyLab_lib.a(lcd.o) (ssp_init_custom)
/Users/gaetan/Hepia_MEGA/temps_reel/ghost-buster/Debug/libMyLab_lib.a(traces.o)
                              ./src/trace_mgt.o (write_trace_ref)
/Users/gaetan/Hepia_MEGA/temps_reel/ghost-buster/Debug/libMyLab_lib.a(uart.o)
                              ./src/tp1_ghostbuster.o (uart0_init)
/Users/gaetan/Hepia_MEGA/temps_reel/ghost-buster/Debug/libMyLab_lib.a(fonts.o)
                              /Users/gaetan/Hepia_MEGA/temps_reel/ghost-buster/Debug/libMyLab_lib.a(lcd.o) (SmallFont)
/Users/gaetan/MEGAsync/workspace_lpcexpresso/Temps_Reel/CMSISv2p00_LPC17xx/Debug/libCMSISv2p00_LPC17xx.a(system_LPC17xx.o)
                              ./src/cr_startup_lpc17.o (SystemInit)
/Applications/lpcxpresso_8.2.2_650/lpcxpresso/tools/bin/../lib/gcc/arm-none-eabi/5.4.1/../../../../arm-none-eabi/lib/armv7-m/libcr_semihost.a(_cr__main.o)
                              ./src/cr_startup_lpc17.o (__main)
/Applications/lpcxpresso_8.2.2_650/lpcxpresso/tools/bin/../lib/gcc/arm-none-eabi/5.4.1/../../../../arm-none-eabi/lib/armv7-m/libcr_c.a(memcpy.o)
                              ./FreeRTOS_src/queue.o (memcpy)
/Applications/lpcxpresso_8.2.2_650/lpcxpresso/tools/bin/../lib/gcc/arm-none-eabi/5.4.1/../../../../arm-none-eabi/lib/armv7-m/libcr_c.a(memset.o)
                              ./FreeRTOS_src/tasks.o (memset)
/Applications/lpcxpresso_8.2.2_650/lpcxpresso/tools/bin/../lib/gcc/arm-none-eabi/5.4.1/../../../../arm-none-eabi/lib/armv7-m/libcr_c.a(alloc.o)
                              /Users/gaetan/Hepia_MEGA/temps_reel/ghost-buster/Debug/libMyLab_lib.a(lcd.o) (malloc)
/Applications/lpcxpresso_8.2.2_650/lpcxpresso/tools/bin/../lib/gcc/arm-none-eabi/5.4.1/../../../../arm-none-eabi/lib/armv7-m/libcr_c.a(fclose.o)
                              /Users/gaetan/Hepia_MEGA/temps_reel/ghost-buster/Debug/libMyLab_lib.a(lcd.o) (fclose)
/Applications/lpcxpresso_8.2.2_650/lpcxpresso/tools/bin/../lib/gcc/arm-none-eabi/5.4.1/../../../../arm-none-eabi/lib/armv7-m/libcr_c.a(fflush.o)
                              /Applications/lpcxpresso_8.2.2_650/lpcxpresso/tools/bin/../lib/gcc/arm-none-eabi/5.4.1/../../../../arm-none-eabi/lib/armv7-m/libcr_c.a(fclose.o) (fflush)
/Applications/lpcxpresso_8.2.2_650/lpcxpresso/tools/bin/../lib/gcc/arm-none-eabi/5.4.1/../../../../arm-none-eabi/lib/armv7-m/libcr_c.a(fopen.o)
                              /Users/gaetan/Hepia_MEGA/temps_reel/ghost-buster/Debug/libMyLab_lib.a(lcd.o) (fopen)
/Applications/lpcxpresso_8.2.2_650/lpcxpresso/tools/bin/../lib/gcc/arm-none-eabi/5.4.1/../../../../arm-none-eabi/lib/armv7-m/libcr_c.a(fpprintf.o)
                              /Users/gaetan/Hepia_MEGA/temps_reel/ghost-buster/Debug/libMyLab_lib.a(lcd.o) (vsprintf)
/Applications/lpcxpresso_8.2.2_650/lpcxpresso/tools/bin/../lib/gcc/arm-none-eabi/5.4.1/../../../../arm-none-eabi/lib/armv7-m/libcr_c.a(fread.o)
                              /Users/gaetan/Hepia_MEGA/temps_reel/ghost-buster/Debug/libMyLab_lib.a(lcd.o) (fread)
/Applications/lpcxpresso_8.2.2_650/lpcxpresso/tools/bin/../lib/gcc/arm-none-eabi/5.4.1/../../../../arm-none-eabi/lib/armv7-m/libcr_c.a(freopen.o)
                              /Applications/lpcxpresso_8.2.2_650/lpcxpresso/tools/bin/../lib/gcc/arm-none-eabi/5.4.1/../../../../arm-none-eabi/lib/armv7-m/libcr_c.a(fopen.o) (freopen)
/Applications/lpcxpresso_8.2.2_650/lpcxpresso/tools/bin/../lib/gcc/arm-none-eabi/5.4.1/../../../../arm-none-eabi/lib/armv7-m/libcr_c.a(fseek.o)
                              /Users/gaetan/Hepia_MEGA/temps_reel/ghost-buster/Debug/libMyLab_lib.a(lcd.o) (fseek)
/Applications/lpcxpresso_8.2.2_650/lpcxpresso/tools/bin/../lib/gcc/arm-none-eabi/5.4.1/../../../../arm-none-eabi/lib/armv7-m/libcr_c.a(ftell.o)
                              /Applications/lpcxpresso_8.2.2_650/lpcxpresso/tools/bin/../lib/gcc/arm-none-eabi/5.4.1/../../../../arm-none-eabi/lib/armv7-m/libcr_c.a(fseek.o) (ftell)
/Applications/lpcxpresso_8.2.2_650/lpcxpresso/tools/bin/../lib/gcc/arm-none-eabi/5.4.1/../../../../arm-none-eabi/lib/armv7-m/libcr_c.a(initio.o)
                              /Applications/lpcxpresso_8.2.2_650/lpcxpresso/tools/bin/../lib/gcc/arm-none-eabi/5.4.1/../../../../arm-none-eabi/lib/armv7-m/libcr_semihost.a(_cr__main.o) (_initio)
/Applications/lpcxpresso_8.2.2_650/lpcxpresso/tools/bin/../lib/gcc/arm-none-eabi/5.4.1/../../../../arm-none-eabi/lib/armv7-m/libcr_c.a(printf.o)
[...]
Memory Configuration

Name             Origin             Length             Attributes
MFlash512        0x0000000000000000 0x0000000000080000 xr
RamLoc32         0x0000000010000000 0x0000000000008000 xrw
RamAHB32         0x000000002007c000 0x0000000000008000 xrw
*default*        0x0000000000000000 0xffffffffffffffff

Linker script and memory map

                0x000000002007c018                __user_heap_base = __end_bss_RAM2
LOAD ./src/cr_startup_lpc17.o
LOAD ./src/tp1_ghostbuster.o
LOAD ./src/trace_mgt.o
LOAD ./FreeRTOS_src/croutine.o
LOAD ./FreeRTOS_src/list.o
LOAD ./FreeRTOS_src/queue.o
LOAD ./FreeRTOS_src/tasks.o
LOAD ./FreeRTOS_src/timers.o
LOAD ./FreeRTOS_portable/MemMang/heap_2.o
LOAD ./FreeRTOS_portable/port.o
LOAD /Users/gaetan/Hepia_MEGA/temps_reel/ghost-buster/Debug/libMyLab_lib.a
LOAD /Users/gaetan/MEGAsync/workspace_lpcexpresso/Temps_Reel/CMSISv2p00_LPC17xx/Debug/libCMSISv2p00_LPC17xx.a
START GROUP
LOAD /Applications/lpcxpresso_8.2.2_650/lpcxpresso/tools/bin/../lib/gcc/arm-none-eabi/5.4.1/../../../../arm-none-eabi/lib/armv7-m/libcr_semihost.a
LOAD /Applications/lpcxpresso_8.2.2_650/lpcxpresso/tools/bin/../lib/gcc/arm-none-eabi/5.4.1/../../../../arm-none-eabi/lib/armv7-m/libcr_c.a
LOAD /Applications/lpcxpresso_8.2.2_650/lpcxpresso/tools/bin/../lib/gcc/arm-none-eabi/5.4.1/armv7-m/libcr_eabihelpers.a
END GROUP
                0x0000000000000000                __base_MFlash512 = 0x0
                0x0000000000000000                __base_Flash = 0x0
                0x0000000000080000                __top_MFlash512 = 0x80000
                0x0000000000080000                __top_Flash = 0x80000
                0x0000000010000000                __base_RamLoc32 = 0x10000000
                0x0000000010000000                __base_RAM = 0x10000000
                0x0000000010008000                __top_RamLoc32 = 0x10008000
                0x0000000010008000                __top_RAM = 0x10008000
                0x000000002007c000                __base_RamAHB32 = 0x2007c000
                0x000000002007c000                __base_RAM2 = 0x2007c000
                0x0000000020084000                __top_RamAHB32 = 0x20084000
                0x0000000020084000                __top_RAM2 = 0x20084000

.text           0x0000000000000000     0x5440
 FILL mask 0xff
                0x0000000000000000                __vectors_start__ = ABSOLUTE (.)
 *(.isr_vector)
 .isr_vector    0x0000000000000000       0xcc ./src/cr_startup_lpc17.o
                0x0000000000000000                g_pfnVectors
                0x00000000000000cc                . = ALIGN (0x4)
                0x00000000000000cc                __section_table_start = .
                0x00000000000000cc                __data_section_table = .
                0x00000000000000cc        0x4 LONG 0x5458 LOADADDR (.data)
                0x00000000000000d0        0x4 LONG 0x10000000 ADDR (.data)
                0x00000000000000d4        0x4 LONG 0xe8 SIZEOF (.data)
                0x00000000000000d8        0x4 LONG 0x5440 LOADADDR (.data_RAM2)
                0x00000000000000dc        0x4 LONG 0x2007c000 ADDR (.data_RAM2)
                0x00000000000000e0        0x4 LONG 0x18 SIZEOF (.data_RAM2)
                0x00000000000000e4                __data_section_table_end = .
                0x00000000000000e4                __bss_section_table = .
                0x00000000000000e4        0x4 LONG 0x100000e8 ADDR (.bss)
                0x00000000000000e8        0x4 LONG 0xaf8 SIZEOF (.bss)
                0x00000000000000ec        0x4 LONG 0x2007c018 ADDR (.bss_RAM2)
                0x00000000000000f0        0x4 LONG 0x0 SIZEOF (.bss_RAM2)
                0x00000000000000f4                __bss_section_table_end = .
                0x00000000000000f4                __section_table_end = .
 *(.after_vectors*)
 .after_vectors
                0x00000000000000f4      0x12c ./src/cr_startup_lpc17.o
                0x00000000000000f4                data_init
                0x0000000000000138                bss_init
                0x0000000000000170                ResetISR
                0x00000000000001e8                NMI_Handler
                0x00000000000001f0                HardFault_Handler
                0x00000000000001f8                MemManage_Handler
                0x0000000000000200                BusFault_Handler
                0x0000000000000208                UsageFault_Handler
                0x0000000000000210                DebugMon_Handler
                0x0000000000000218                CANActivity_IRQHandler
                0x0000000000000218                TIMER3_IRQHandler
                0x0000000000000218                IntDefaultHandler
                0x0000000000000218                PLL0_IRQHandler
                0x0000000000000218                CAN_IRQHandler
                0x0000000000000218                PLL1_IRQHandler
                0x0000000000000218                SSP0_IRQHandler
                0x0000000000000218                I2S_IRQHandler
                0x0000000000000218                I2C2_IRQHandler
                0x0000000000000218                RTC_IRQHandler
                0x0000000000000218                TIMER0_IRQHandler
                0x0000000000000218                SPI_IRQHandler
                0x0000000000000218                EINT1_IRQHandler
                0x0000000000000218                TIMER1_IRQHandler
                0x0000000000000218                UART2_IRQHandler
                0x0000000000000218                ADC_IRQHandler
                0x0000000000000218                SSP1_IRQHandler
                0x0000000000000218                USB_IRQHandler
                0x0000000000000218                BOD_IRQHandler
                0x0000000000000218                WDT_IRQHandler
                0x0000000000000218                QEI_IRQHandler
                0x0000000000000218                EINT0_IRQHandler
                0x0000000000000218                DMA_IRQHandler
                0x0000000000000218                UART3_IRQHandler
                0x0000000000000218                MCPWM_IRQHandler
                0x0000000000000218                TIMER2_IRQHandler
                0x0000000000000218                ENET_IRQHandler
                0x0000000000000218                RIT_IRQHandler
                0x0000000000000218                I2C0_IRQHandler
                0x0000000000000218                USBActivity_IRQHandler
                0x0000000000000218                PWM1_IRQHandler
                0x0000000000000218                I2C1_IRQHandler
                0x0000000000000218                EINT2_IRQHandler
                0x0000000000000218                UART1_IRQHandler
                0x0000000000000218                EINT3_IRQHandler
 *(.text*)
 .text.main     0x0000000000000220       0x94 ./src/tp1_ghostbuster.o
                0x0000000000000220                main
 .text.write_trace
                0x00000000000002b4       0x28 ./src/trace_mgt.o
                0x00000000000002b4                write_trace
 .text.vListInsertEnd
                0x00000000000002dc       0x50 ./FreeRTOS_src/list.o
                0x00000000000002dc                vListInsertEnd
 .text.vListRemove
                0x000000000000032c       0x50 ./FreeRTOS_src/list.o
                0x000000000000032c                vListRemove
 .text.vTaskIncrementTick
                0x000000000000037c      0x12c ./FreeRTOS_src/tasks.o
                0x000000000000037c                vTaskIncrementTick
 .text.vTaskSwitchContext
                0x00000000000004a8      0x100 ./FreeRTOS_src/tasks.o
                0x00000000000004a8                vTaskSwitchContext
 .text.vPortSVCHandler
                0x00000000000005a8       0x24 ./FreeRTOS_portable/port.o
                0x00000000000005a8                vPortSVCHandler
 .text.xPortPendSVHandler
                0x00000000000005cc       0x40 ./FreeRTOS_portable/port.o
                0x00000000000005cc                xPortPendSVHandler
 .text.xPortSysTickHandler
                0x000000000000060c       0x28 ./FreeRTOS_portable/port.o
                0x000000000000060c                xPortSysTickHandler
 .text.rnd_32   0x0000000000000634       0x78 /Users/gaetan/Hepia_MEGA/temps_reel/ghost-buster/Debug/libMyLab_lib.a(custom_rand.o)
                0x0000000000000634                rnd_32
 .text.init_rnd32
                0x00000000000006ac       0x6c /Users/gaetan/Hepia_MEGA/temps_reel/ghost-buster/Debug/libMyLab_lib.a(custom_rand.o)
                0x00000000000006ac                init_rnd32
 .text.LCD_RS_ENA
                0x0000000000000718       0x38 /Users/gaetan/Hepia_MEGA/temps_reel/ghost-buster/Debug/libMyLab_lib.a(lcd.o)
 .text.LCD_RS_DIS
                0x0000000000000750       0x38 /Users/gaetan/Hepia_MEGA/temps_reel/ghost-buster/Debug/libMyLab_lib.a(lcd.o)
 .text.Write_Cmd_Data
                0x0000000000000788       0x24 /Users/gaetan/Hepia_MEGA/temps_reel/ghost-buster/Debug/libMyLab_lib.a(lcd.o)
                0x0000000000000788                Write_Cmd_Data
 .text.Write_Cmd
                0x00000000000007ac       0x24 /Users/gaetan/Hepia_MEGA/temps_reel/ghost-buster/Debug/libMyLab_lib.a(lcd.o)
                0x00000000000007ac                Write_Cmd
 .text.Write_Data
                0x00000000000007d0       0x30 /Users/gaetan/Hepia_MEGA/temps_reel/ghost-buster/Debug/libMyLab_lib.a(lcd.o)
                0x00000000000007d0                Write_Data
 .text.Write_Data_U16
                0x0000000000000800       0x24 /Users/gaetan/Hepia_MEGA/temps_reel/ghost-buster/Debug/libMyLab_lib.a(lcd.o)
                0x0000000000000800                Write_Data_U16
 .text.Delay    0x0000000000000824       0x30 /Users/gaetan/Hepia_MEGA/temps_reel/ghost-buster/Debug/libMyLab_lib.a(lcd.o)
                0x0000000000000824                Delay
 .text.ILI9341_Initial
                0x0000000000000854      0x21c /Users/gaetan/Hepia_MEGA/temps_reel/ghost-buster/Debug/libMyLab_lib.a(lcd.o)
                0x0000000000000854                ILI9341_Initial
 .text.init_lcd
                0x0000000000000a70       0x54 /Users/gaetan/Hepia_MEGA/temps_reel/ghost-buster/Debug/libMyLab_lib.a(lcd.o)
                0x0000000000000a70                init_lcd
 .text.LCD_SetPos
                0x0000000000000ac4       0xb0 /Users/gaetan/Hepia_MEGA/temps_reel/ghost-buster/Debug/libMyLab_lib.a(lcd.o)
                0x0000000000000ac4                LCD_SetPos
 .text.clear_screen
                0x0000000000000b74       0x48 /Users/gaetan/Hepia_MEGA/temps_reel/ghost-buster/Debug/libMyLab_lib.a(lcd.o)
                0x0000000000000b74                clear_screen
 .text.lcd_print_char
                0x0000000000000bbc      0x108 /Users/gaetan/Hepia_MEGA/temps_reel/ghost-buster/Debug/libMyLab_lib.a(lcd.o)
                0x0000000000000bbc                lcd_print_char
 .text.lcd_print
                0x0000000000000cc4       0xf8 /Users/gaetan/Hepia_MEGA/temps_reel/ghost-buster/Debug/libMyLab_lib.a(lcd.o)
                0x0000000000000cc4                lcd_print
 .text.read_bmp_file
                0x0000000000000dbc      0x1f0 /Users/gaetan/Hepia_MEGA/temps_reel/ghost-buster/Debug/libMyLab_lib.a(lcd.o)
                0x0000000000000dbc                read_bmp_file
 .text.display_bitmap16
                0x0000000000000fac       0x70 /Users/gaetan/Hepia_MEGA/temps_reel/ghost-buster/Debug/libMyLab_lib.a(lcd.o)
                0x0000000000000fac                display_bitmap16
 .text.ssp_init_custom
                0x000000000000101c       0x84 /Users/gaetan/Hepia_MEGA/temps_reel/ghost-buster/Debug/libMyLab_lib.a(ssp.o)
                0x000000000000101c                ssp_init_custom
 .text.ssp_send_buf
                0x00000000000010a0       0x48 /Users/gaetan/Hepia_MEGA/temps_reel/ghost-buster/Debug/libMyLab_lib.a(ssp.o)
                0x00000000000010a0                ssp_send_buf
 .text.NVIC_EnableIRQ
                0x00000000000010e8       0x30 /Users/gaetan/Hepia_MEGA/temps_reel/ghost-buster/Debug/libMyLab_lib.a(traces.o)
 .text.NVIC_SetPendingIRQ
                0x0000000000001118       0x34 /Users/gaetan/Hepia_MEGA/temps_reel/ghost-buster/Debug/libMyLab_lib.a(traces.o)
 .text.start_timer
                0x000000000000114c       0xa0 /Users/gaetan/Hepia_MEGA/temps_reel/ghost-buster/Debug/libMyLab_lib.a(traces.o)
                0x000000000000114c                start_timer
 .text.write_trace_ref
                0x00000000000011ec      0x134 /Users/gaetan/Hepia_MEGA/temps_reel/ghost-buster/Debug/libMyLab_lib.a(traces.o)
                0x00000000000011ec                write_trace_ref
 .text.UART0_IRQHandler
                0x0000000000001320       0x7c /Users/gaetan/Hepia_MEGA/temps_reel/ghost-buster/Debug/libMyLab_lib.a(traces.o)
                0x0000000000001320                UART0_IRQHandler
 .text.init_traces
                0x000000000000139c       0x44 /Users/gaetan/Hepia_MEGA/temps_reel/ghost-buster/Debug/libMyLab_lib.a(traces.o)
                0x000000000000139c                init_traces
 .text.uart0_init
                0x00000000000013e0       0xac /Users/gaetan/Hepia_MEGA/temps_reel/ghost-buster/Debug/libMyLab_lib.a(uart.o)
                0x00000000000013e0                uart0_init
 .text.SystemInit
                0x000000000000148c       0xe4 /Users/gaetan/MEGAsync/workspace_lpcexpresso/Temps_Reel/CMSISv2p00_LPC17xx/Debug/libCMSISv2p00_LPC17xx.a(system_LPC17xx.o)
                0x000000000000148c                SystemInit
 .text.__main   0x0000000000001570       0x14 /Applications/lpcxpresso_8.2.2_650/lpcxpresso/tools/bin/../lib/gcc/arm-none-eabi/5.4.1/../../../../arm-none-eabi/lib/armv7-m/libcr_semihost.a(_cr__main.o)
                0x0000000000001570                __main
                0x0000000000001570                __CR_SEMIHOST
 .text.memcpy   0x0000000000001584        0x4 /Applications/lpcxpresso_8.2.2_650/lpcxpresso/tools/bin/../lib/gcc/arm-none-eabi/5.4.1/../../../../arm-none-eabi/lib/armv7-m/libcr_c.a(memcpy.o)
                0x0000000000001584                memcpy
 .text.memset   0x0000000000001588        0x4 /Applications/lpcxpresso_8.2.2_650/lpcxpresso/tools/bin/../lib/gcc/arm-none-eabi/5.4.1/../../../../arm-none-eabi/lib/armv7-m/libcr_c.a(memset.o)
                0x0000000000001588                memset
 .text.malloc   0x000000000000158c       0xc8 /Applications/lpcxpresso_8.2.2_650/lpcxpresso/tools/bin/../lib/gcc/arm-none-eabi/5.4.1/../../../../arm-none-eabi/lib/armv7-m/libcr_c.a(alloc.o)
                0x000000000000158c                malloc
 .text.free     0x0000000000001654       0x30 /Applications/lpcxpresso_8.2.2_650/lpcxpresso/tools/bin/../lib/gcc/arm-none-eabi/5.4.1/../../../../arm-none-eabi/lib/armv7-m/libcr_c.a(alloc.o)
                0x0000000000001654                free
 .text._Csys_alloc
                0x0000000000001684       0x20 /Applications/lpcxpresso_8.2.2_650/lpcxpresso/tools/bin/../lib/gcc/arm-none-eabi/5.4.1/../../../../arm-none-eabi/lib/armv7-m/libcr_c.a(alloc.o)
                0x0000000000001684                _Csys_alloc
 .text.fclose   0x00000000000016a4       0x6c /Applications/lpcxpresso_8.2.2_650/lpcxpresso/tools/bin/../lib/gcc/arm-none-eabi/5.4.1/../../../../arm-none-eabi/lib/armv7-m/libcr_c.a(fclose.o)
                0x00000000000016a4                fclose
 .text.fflush   0x0000000000001710       0x30 /Applications/lpcxpresso_8.2.2_650/lpcxpresso/tools/bin/../lib/gcc/arm-none-eabi/5.4.1/../../../../arm-none-eabi/lib/armv7-m/libcr_c.a(fflush.o)
                0x0000000000001710                fflush
 .text.fopen    0x0000000000001740       0x28 /Applications/lpcxpresso_8.2.2_650/lpcxpresso/tools/bin/../lib/gcc/arm-none-eabi/5.4.1/../../../../arm-none-eabi/lib/armv7-m/libcr_c.a(fopen.o)
                0x0000000000001740                fopen
 .text.fp_round
                0x0000000000001768       0x4c /Applications/lpcxpresso_8.2.2_650/lpcxpresso/tools/bin/../lib/gcc/arm-none-eabi/5.4.1/../../../../arm-none-eabi/lib/armv7-m/libcr_c.a(fpprintf.o)
 .text.pr_dec.constprop.1
                0x00000000000017b4       0x26 /Applications/lpcxpresso_8.2.2_650/lpcxpresso/tools/bin/../lib/gcc/arm-none-eabi/5.4.1/../../../../arm-none-eabi/lib/armv7-m/libcr_c.a(fpprintf.o)
 *fill*         0x00000000000017da        0x2 ff
 .text.sprintf  0x00000000000017dc       0x6c /Applications/lpcxpresso_8.2.2_650/lpcxpresso/tools/bin/../lib/gcc/arm-none-eabi/5.4.1/../../../../arm-none-eabi/lib/armv7-m/libcr_c.a(fpprintf.o)
                0x00000000000017dc                sprintf
 .text.fp_display
                0x0000000000001848      0x8ec /Applications/lpcxpresso_8.2.2_650/lpcxpresso/tools/bin/../lib/gcc/arm-none-eabi/5.4.1/../../../../arm-none-eabi/lib/armv7-m/libcr_c.a(fpprintf.o)
 .text.vsprintf
                0x0000000000002134       0x5c /Applications/lpcxpresso_8.2.2_650/lpcxpresso/tools/bin/../lib/gcc/arm-none-eabi/5.4.1/../../../../arm-none-eabi/lib/armv7-m/libcr_c.a(fpprintf.o)
                0x0000000000002134                vsprintf
 .text.vsnprintf
                0x0000000000002190       0x5c /Applications/lpcxpresso_8.2.2_650/lpcxpresso/tools/bin/../lib/gcc/arm-none-eabi/5.4.1/../../../../arm-none-eabi/lib/armv7-m/libcr_c.a(fpprintf.o)
                0x0000000000002190                vsnprintf
 .text.printf   0x00000000000021ec       0x54 /Applications/lpcxpresso_8.2.2_650/lpcxpresso/tools/bin/../lib/gcc/arm-none-eabi/5.4.1/../../../../arm-none-eabi/lib/armv7-m/libcr_c.a(fpprintf.o)
                0x00000000000021ec                printf
 .text.fread    0x0000000000002240       0x1a /Applications/lpcxpresso_8.2.2_650/lpcxpresso/tools/bin/../lib/gcc/arm-none-eabi/5.4.1/../../../../arm-none-eabi/lib/armv7-m/libcr_c.a(fread.o)
                0x0000000000002240                fread
 .text.freopen  0x000000000000225a       0x88 /Applications/lpcxpresso_8.2.2_650/lpcxpresso/tools/bin/../lib/gcc/arm-none-eabi/5.4.1/../../../../arm-none-eabi/lib/armv7-m/libcr_c.a(freopen.o)
                0x000000000000225a                freopen
 *fill*         0x00000000000022e2        0x2 ff
 .text.fseek    0x00000000000022e4      0x110 /Applications/lpcxpresso_8.2.2_650/lpcxpresso/tools/bin/../lib/gcc/arm-none-eabi/5.4.1/../../../../arm-none-eabi/lib/armv7-m/libcr_c.a(fseek.o)
                0x00000000000022e4                fseek
 .text.ftell    0x00000000000023f4       0x4c /Applications/lpcxpresso_8.2.2_650/lpcxpresso/tools/bin/../lib/gcc/arm-none-eabi/5.4.1/../../../../arm-none-eabi/lib/armv7-m/libcr_c.a(ftell.o)
                0x00000000000023f4                ftell
 .text._initio  0x0000000000002440       0xa4 /Applications/lpcxpresso_8.2.2_650/lpcxpresso/tools/bin/../lib/gcc/arm-none-eabi/5.4.1/../../../../arm-none-eabi/lib/armv7-m/libcr_c.a(initio.o)
                0x0000000000002440                _initio
 .text._terminateio
                0x00000000000024e4       0x44 /Applications/lpcxpresso_8.2.2_650/lpcxpresso/tools/bin/../lib/gcc/arm-none-eabi/5.4.1/../../../../arm-none-eabi/lib/armv7-m/libcr_c.a(initio.o)
                0x00000000000024e4                _terminateio
 .text.__vfprintf
                0x0000000000002528      0xd28 /Applications/lpcxpresso_8.2.2_650/lpcxpresso/tools/bin/../lib/gcc/arm-none-eabi/5.4.1/../../../../arm-none-eabi/lib/armv7-m/libcr_c.a(printf.o)
                0x0000000000002528                __vfprintf
 .text.remove   0x0000000000003250       0x14 /Applications/lpcxpresso_8.2.2_650/lpcxpresso/tools/bin/../lib/gcc/arm-none-eabi/5.4.1/../../../../arm-none-eabi/lib/armv7-m/libcr_c.a(remove.o)
                0x0000000000003250                remove
 .text.setvbuf  0x0000000000003264       0x40 /Applications/lpcxpresso_8.2.2_650/lpcxpresso/tools/bin/../lib/gcc/arm-none-eabi/5.4.1/../../../../arm-none-eabi/lib/armv7-m/libcr_c.a(setvbuf.o)
                0x0000000000003264                setvbuf
 .text.exit     0x00000000000032a4       0x2c /Applications/lpcxpresso_8.2.2_650/lpcxpresso/tools/bin/../lib/gcc/arm-none-eabi/5.4.1/../../../../arm-none-eabi/lib/armv7-m/libcr_c.a(stdlib.o)
                0x00000000000032a4                exit
 .text.strlen   0x00000000000032d0       0x4a /Applications/lpcxpresso_8.2.2_650/lpcxpresso/tools/bin/../lib/gcc/arm-none-eabi/5.4.1/../../../../arm-none-eabi/lib/armv7-m/libcr_c.a(strlen.o)
                0x00000000000032d0                strlen
 .text._Csys_read_
                0x000000000000331a       0x22 /Applications/lpcxpresso_8.2.2_650/lpcxpresso/tools/bin/../lib/gcc/arm-none-eabi/5.4.1/../../../../arm-none-eabi/lib/armv7-m/libcr_c.a(__fillbuf.o)
                0x000000000000331a                _Csys_read_
 .text.__filbuf
                0x000000000000333c      0x178 /Applications/lpcxpresso_8.2.2_650/lpcxpresso/tools/bin/../lib/gcc/arm-none-eabi/5.4.1/../../../../arm-none-eabi/lib/armv7-m/libcr_c.a(__fillbuf.o)
                0x000000000000333c                __filbuf
 .text._fillb2  0x00000000000034b4       0x1c /Applications/lpcxpresso_8.2.2_650/lpcxpresso/tools/bin/../lib/gcc/arm-none-eabi/5.4.1/../../../../arm-none-eabi/lib/armv7-m/libcr_c.a(__fillbuf.o)
                0x00000000000034b4                _fillb2
 .text._sbrk    0x00000000000034d0       0x40 /Applications/lpcxpresso_8.2.2_650/lpcxpresso/tools/bin/../lib/gcc/arm-none-eabi/5.4.1/../../../../arm-none-eabi/lib/armv7-m/libcr_c.a(_cr_sbrk.o)
                0x00000000000034d0                _sbrk
 .text._deferredlazyseek
                0x0000000000003510       0x44 /Applications/lpcxpresso_8.2.2_650/lpcxpresso/tools/bin/../lib/gcc/arm-none-eabi/5.4.1/../../../../arm-none-eabi/lib/armv7-m/libcr_c.a(_deferredlazyseek.o)
                0x0000000000003510                _deferredlazyseek
 .text.__flsbuf
                0x0000000000003554      0x140 /Applications/lpcxpresso_8.2.2_650/lpcxpresso/tools/bin/../lib/gcc/arm-none-eabi/5.4.1/../../../../arm-none-eabi/lib/armv7-m/libcr_c.a(_deferredlazyseek.o)
                0x0000000000003554                __flsbuf
 .text._do_fflush
                0x0000000000003694       0x44 /Applications/lpcxpresso_8.2.2_650/lpcxpresso/tools/bin/../lib/gcc/arm-none-eabi/5.4.1/../../../../arm-none-eabi/lib/armv7-m/libcr_c.a(_do_fflush.o)
                0x0000000000003694                _do_fflush
 .text._fdopen  0x00000000000036d8       0x6a /Applications/lpcxpresso_8.2.2_650/lpcxpresso/tools/bin/../lib/gcc/arm-none-eabi/5.4.1/../../../../arm-none-eabi/lib/armv7-m/libcr_c.a(_fdopen.o)
                0x00000000000036d8                _fdopen
 .text._fflush  0x0000000000003742       0x58 /Applications/lpcxpresso_8.2.2_650/lpcxpresso/tools/bin/../lib/gcc/arm-none-eabi/5.4.1/../../../../arm-none-eabi/lib/armv7-m/libcr_c.a(_fflush.o)
                0x0000000000003742                _fflush
 .text._frexpl  0x000000000000379a       0x5a /Applications/lpcxpresso_8.2.2_650/lpcxpresso/tools/bin/../lib/gcc/arm-none-eabi/5.4.1/../../../../arm-none-eabi/lib/armv7-m/libcr_c.a(_frexpl.o)
                0x000000000000379a                _frexpl
 .text._ldexpl  0x00000000000037f4       0x4c /Applications/lpcxpresso_8.2.2_650/lpcxpresso/tools/bin/../lib/gcc/arm-none-eabi/5.4.1/../../../../arm-none-eabi/lib/armv7-m/libcr_c.a(_ldexpl.o)
                0x00000000000037f4                _ldexpl
 .text._Cread   0x0000000000003840       0x8c /Applications/lpcxpresso_8.2.2_650/lpcxpresso/tools/bin/../lib/gcc/arm-none-eabi/5.4.1/../../../../arm-none-eabi/lib/armv7-m/libcr_c.a(_read.o)
                0x0000000000003840                _Cread
 .text._Cwritebuf
                0x00000000000038cc       0x68 /Applications/lpcxpresso_8.2.2_650/lpcxpresso/tools/bin/../lib/gcc/arm-none-eabi/5.4.1/../../../../arm-none-eabi/lib/armv7-m/libcr_c.a(_writebuf.o)
                0x00000000000038cc                _Cwritebuf
 .text.__check_heap_overflow
                0x0000000000003934       0x18 /Applications/lpcxpresso_8.2.2_650/lpcxpresso/tools/bin/../lib/gcc/arm-none-eabi/5.4.1/../../../../arm-none-eabi/lib/armv7-m/libcr_c.a(_cr_check_heap.o)
                0x0000000000003934                __check_heap_overflow
 .text.__aeabi_dmul
                0x000000000000394c      0x110 /Applications/lpcxpresso_8.2.2_650/lpcxpresso/tools/bin/../lib/gcc/arm-none-eabi/5.4.1/armv7-m/libcr_eabihelpers.a(double.o)
                0x000000000000394c                __aeabi_dmul
 .text.__aeabi_ddiv
                0x0000000000003a5c      0x138 /Applications/lpcxpresso_8.2.2_650/lpcxpresso/tools/bin/../lib/gcc/arm-none-eabi/5.4.1/armv7-m/libcr_eabihelpers.a(double.o)
                0x0000000000003a5c                __aeabi_ddiv
 .text.__aeabi_dsub
                0x0000000000003b94      0x1a0 /Applications/lpcxpresso_8.2.2_650/lpcxpresso/tools/bin/../lib/gcc/arm-none-eabi/5.4.1/armv7-m/libcr_eabihelpers.a(double.o)
                0x0000000000003b94                __aeabi_dsub
 .text.__aeabi_dadd
                0x0000000000003d34      0x10c /Applications/lpcxpresso_8.2.2_650/lpcxpresso/tools/bin/../lib/gcc/arm-none-eabi/5.4.1/armv7-m/libcr_eabihelpers.a(double.o)
                0x0000000000003d34                __aeabi_dadd
 .text.__aeabi_d2iz
                0x0000000000003e40       0x40 /Applications/lpcxpresso_8.2.2_650/lpcxpresso/tools/bin/../lib/gcc/arm-none-eabi/5.4.1/armv7-m/libcr_eabihelpers.a(double.o)
                0x0000000000003e40                __aeabi_d2iz
 .text.__bhs_ui2d
                0x0000000000003e80       0x46 /Applications/lpcxpresso_8.2.2_650/lpcxpresso/tools/bin/../lib/gcc/arm-none-eabi/5.4.1/armv7-m/libcr_eabihelpers.a(double.o)
                0x0000000000003e80                __bhs_ui2d
 .text.__aeabi_i2d
                0x0000000000003ec6       0x10 /Applications/lpcxpresso_8.2.2_650/lpcxpresso/tools/bin/../lib/gcc/arm-none-eabi/5.4.1/armv7-m/libcr_eabihelpers.a(double.o)
                0x0000000000003ec6                __aeabi_i2d
 .text.__aeabi_dcmpeq
                0x0000000000003ed6       0x2c /Applications/lpcxpresso_8.2.2_650/lpcxpresso/tools/bin/../lib/gcc/arm-none-eabi/5.4.1/armv7-m/libcr_eabihelpers.a(double.o)
                0x0000000000003ed6                __aeabi_dcmpeq
 .text.__aeabi_dcmplt
                0x0000000000003f02       0x54 /Applications/lpcxpresso_8.2.2_650/lpcxpresso/tools/bin/../lib/gcc/arm-none-eabi/5.4.1/armv7-m/libcr_eabihelpers.a(double.o)
                0x0000000000003f02                __aeabi_dcmplt
 .text.__aeabi_dcmple
                0x0000000000003f56       0x54 /Applications/lpcxpresso_8.2.2_650/lpcxpresso/tools/bin/../lib/gcc/arm-none-eabi/5.4.1/armv7-m/libcr_eabihelpers.a(double.o)
                0x0000000000003f56                __aeabi_dcmple
 .text.__aeabi_dcmpge
                0x0000000000003faa       0x54 /Applications/lpcxpresso_8.2.2_650/lpcxpresso/tools/bin/../lib/gcc/arm-none-eabi/5.4.1/armv7-m/libcr_eabihelpers.a(double.o)
                0x0000000000003faa                __aeabi_dcmpge
 .text.__aeabi_memcpy
                0x0000000000003ffe       0x34 /Applications/lpcxpresso_8.2.2_650/lpcxpresso/tools/bin/../lib/gcc/arm-none-eabi/5.4.1/armv7-m/libcr_eabihelpers.a(memcpy.o)
                0x0000000000003ffe                __aeabi_memcpy
                0x0000000000004008                __aeabi_memcpy4
                0x0000000000004008                __aeabi_memcpy8
 .text.__aeabi_memset_lowlevel
                0x0000000000004032       0x32 /Applications/lpcxpresso_8.2.2_650/lpcxpresso/tools/bin/../lib/gcc/arm-none-eabi/5.4.1/armv7-m/libcr_eabihelpers.a(memcpy.o)
                0x0000000000004032                __aeabi_lowlevel_memset
 .text.__sys_appexit
                0x0000000000004064        0xc /Applications/lpcxpresso_8.2.2_650/lpcxpresso/tools/bin/../lib/gcc/arm-none-eabi/5.4.1/../../../../arm-none-eabi/lib/armv7-m/libcr_semihost.a(__sys_appexit.o)
                0x0000000000004064                __exit
                0x0000000000004064                __sys_appexit
 .text.__sys_close
                0x0000000000004070        0xc /Applications/lpcxpresso_8.2.2_650/lpcxpresso/tools/bin/../lib/gcc/arm-none-eabi/5.4.1/../../../../arm-none-eabi/lib/armv7-m/libcr_semihost.a(__sys_close.o)
                0x0000000000004070                __sys_close
 .text.__sys_flen
                0x000000000000407c        0xc /Applications/lpcxpresso_8.2.2_650/lpcxpresso/tools/bin/../lib/gcc/arm-none-eabi/5.4.1/../../../../arm-none-eabi/lib/armv7-m/libcr_semihost.a(__sys_flen.o)
                0x000000000000407c                __sys_flen
 .text.__sys_istty
                0x0000000000004088        0xc /Applications/lpcxpresso_8.2.2_650/lpcxpresso/tools/bin/../lib/gcc/arm-none-eabi/5.4.1/../../../../arm-none-eabi/lib/armv7-m/libcr_semihost.a(__sys_istty.o)
                0x0000000000004088                __sys_istty
 .text.__sys_open
                0x0000000000004094        0xc /Applications/lpcxpresso_8.2.2_650/lpcxpresso/tools/bin/../lib/gcc/arm-none-eabi/5.4.1/../../../../arm-none-eabi/lib/armv7-m/libcr_semihost.a(__sys_open.o)
                0x0000000000004094                __sys_open
 .text.__sys_read
                0x00000000000040a0        0xc /Applications/lpcxpresso_8.2.2_650/lpcxpresso/tools/bin/../lib/gcc/arm-none-eabi/5.4.1/../../../../arm-none-eabi/lib/armv7-m/libcr_semihost.a(__sys_read.o)
                0x00000000000040a0                __sys_read
 .text.__sys_readc
                0x00000000000040ac        0x8 /Applications/lpcxpresso_8.2.2_650/lpcxpresso/tools/bin/../lib/gcc/arm-none-eabi/5.4.1/../../../../arm-none-eabi/lib/armv7-m/libcr_semihost.a(__sys_readc.o)
                0x00000000000040ac                __readc
                0x00000000000040ac                __sys_readc
 .text.__sys_remove
                0x00000000000040b4        0xc /Applications/lpcxpresso_8.2.2_650/lpcxpresso/tools/bin/../lib/gcc/arm-none-eabi/5.4.1/../../../../arm-none-eabi/lib/armv7-m/libcr_semihost.a(__sys_remove.o)
                0x00000000000040b4                __sys_remove
 .text.__sys_seek
                0x00000000000040c0        0xc /Applications/lpcxpresso_8.2.2_650/lpcxpresso/tools/bin/../lib/gcc/arm-none-eabi/5.4.1/../../../../arm-none-eabi/lib/armv7-m/libcr_semihost.a(__sys_seek.o)
                0x00000000000040c0                __sys_seek
 .text.__sys_tmpnam
                0x00000000000040cc        0xc /Applications/lpcxpresso_8.2.2_650/lpcxpresso/tools/bin/../lib/gcc/arm-none-eabi/5.4.1/../../../../arm-none-eabi/lib/armv7-m/libcr_semihost.a(__sys_tmpnam.o)
                0x00000000000040cc                __sys_tmpnam
 .text.__sys_write
                0x00000000000040d8        0xc /Applications/lpcxpresso_8.2.2_650/lpcxpresso/tools/bin/../lib/gcc/arm-none-eabi/5.4.1/../../../../arm-none-eabi/lib/armv7-m/libcr_semihost.a(__sys_write.o)
                0x00000000000040d8                __write
                0x00000000000040d8                __sys_write
 *(.rodata .rodata.* .constdata .constdata.*)
 .rodata        0x00000000000040e4       0x1a ./src/tp1_ghostbuster.o
 *fill*         0x00000000000040fe        0x2 ff
 .rodata        0x0000000000004100      0x18b /Users/gaetan/Hepia_MEGA/temps_reel/ghost-buster/Debug/libMyLab_lib.a(lcd.o)
 *fill*         0x000000000000428b        0x1 ff
 .rodata        0x000000000000428c       0xcc /Users/gaetan/Hepia_MEGA/temps_reel/ghost-buster/Debug/libMyLab_lib.a(traces.o)
 .rodata.SmallFont
                0x0000000000004358      0x478 /Users/gaetan/Hepia_MEGA/temps_reel/ghost-buster/Debug/libMyLab_lib.a(fonts.o)
                0x0000000000004358                SmallFont
 .rodata.BigFont
                0x00000000000047d0      0xbe4 /Users/gaetan/Hepia_MEGA/temps_reel/ghost-buster/Debug/libMyLab_lib.a(fonts.o)
                0x00000000000047d0                BigFont
 .rodata.str1.1
                0x00000000000053b4       0x18 /Applications/lpcxpresso_8.2.2_650/lpcxpresso/tools/bin/../lib/gcc/arm-none-eabi/5.4.1/../../../../arm-none-eabi/lib/armv7-m/libcr_c.a(alloc.o)
 .rodata.str1.1
                0x00000000000053cc       0x34 /Applications/lpcxpresso_8.2.2_650/lpcxpresso/tools/bin/../lib/gcc/arm-none-eabi/5.4.1/../../../../arm-none-eabi/lib/armv7-m/libcr_c.a(fpprintf.o)
                                         0x35 (size before relaxing)
 .rodata.str1.1
                0x0000000000005400        0x4 /Applications/lpcxpresso_8.2.2_650/lpcxpresso/tools/bin/../lib/gcc/arm-none-eabi/5.4.1/../../../../arm-none-eabi/lib/armv7-m/libcr_c.a(initio.o)
 .rodata.str1.1
                0x0000000000005404       0x31 /Applications/lpcxpresso_8.2.2_650/lpcxpresso/tools/bin/../lib/gcc/arm-none-eabi/5.4.1/../../../../arm-none-eabi/lib/armv7-m/libcr_c.a(printf.o)
                                         0x38 (size before relaxing)
 *fill*         0x0000000000005435        0x3 ff
 .rodata.__huge_vall
                0x0000000000005438        0x8 /Applications/lpcxpresso_8.2.2_650/lpcxpresso/tools/bin/../lib/gcc/arm-none-eabi/5.4.1/../../../../arm-none-eabi/lib/armv7-m/libcr_c.a(_hugeval.o)
                0x0000000000005438                __huge_vall
                0x0000000000005440                . = ALIGN (0x4)

.glue_7         0x0000000000005440        0x0
 .glue_7        0x0000000000005440        0x0 linker stubs

.glue_7t        0x0000000000005440        0x0
 .glue_7t       0x0000000000005440        0x0 linker stubs

.vfp11_veneer   0x0000000000005440        0x0
 .vfp11_veneer  0x0000000000005440        0x0 linker stubs

.v4_bx          0x0000000000005440        0x0
 .v4_bx         0x0000000000005440        0x0 linker stubs

.iplt           0x0000000000005440        0x0
 .iplt          0x0000000000005440        0x0 ./src/cr_startup_lpc17.o

.rel.dyn        0x0000000000005440        0x0
 .rel.iplt      0x0000000000005440        0x0 ./src/cr_startup_lpc17.o

.ARM.extab
 *(.ARM.extab* .gnu.linkonce.armextab.*)
                0x0000000000005440                __exidx_start = .

.ARM.exidx
 *(.ARM.exidx* .gnu.linkonce.armexidx.*)
                0x0000000000005440                __exidx_end = .
                0x0000000000005440                _etext = .

.data_RAM2      0x000000002007c000       0x18 load address 0x0000000000005440
 FILL mask 0xff
                [!provide]                        PROVIDE (__start_data_RAM2, .)
 *(.ramfunc.$RAM2)
 *(.ramfunc.$RamAHB32)
 *(.data.$RAM2*)
 .data.$RAM2    0x000000002007c000       0x18 ./src/tp1_ghostbuster.o
                0x000000002007c000                ghost_im_left
                0x000000002007c008                ghost_im_right
                0x000000002007c010                ghost_im_center
 *(.data.$RamAHB32*)
                0x000000002007c018                . = ALIGN (0x4)
                [!provide]                        PROVIDE (__end_data_RAM2, .)

.uninit_RESERVED
                0x0000000010000000        0x0
 *(.bss.$RESERVED*)
                0x0000000010000000                . = ALIGN (0x4)
                0x0000000010000000                _end_uninit_RESERVED = .

.data           0x0000000010000000       0xe8 load address 0x0000000000005458
 FILL mask 0xff
                0x0000000010000000                _data = .
 *(vtable)
 *(.ramfunc*)
 *(.data*)
 .data.previous_id_in
                0x0000000010000000        0x4 ./FreeRTOS_src/tasks.o
 .data.xNextTaskUnblockTime
                0x0000000010000004        0x4 ./FreeRTOS_src/tasks.o
 .data.olds     0x0000000010000008       0xdc /Users/gaetan/Hepia_MEGA/temps_reel/ghost-buster/Debug/libMyLab_lib.a(custom_rand.o)
                0x0000000010000008                olds
 .data.SystemCoreClock
                0x00000000100000e4        0x4 /Users/gaetan/MEGAsync/workspace_lpcexpresso/Temps_Reel/CMSISv2p00_LPC17xx/Debug/libCMSISv2p00_LPC17xx.a(system_LPC17xx.o)
                0x00000000100000e4                SystemCoreClock
                0x00000000100000e8                . = ALIGN (0x4)
                0x00000000100000e8                _edata = .

.igot.plt       0x00000000100000e8        0x0 load address 0x0000000000005540
 .igot.plt      0x00000000100000e8        0x0 ./src/cr_startup_lpc17.o

.bss_RAM2       0x000000002007c018        0x0
                [!provide]                        PROVIDE (__start_bss_RAM2, .)
 *(.bss.$RAM2*)
 *(.bss.$RamAHB32*)
                0x000000002007c018                . = ALIGN ((. != 0x0)?0x4:0x1)
                0x000000002007c018                PROVIDE (__end_bss_RAM2, .)

.bss            0x00000000100000e8      0xaf8
                0x00000000100000e8                _bss = .
 *(.bss*)
 .bss.pxCurrentTCB
                0x00000000100000e8        0x4 ./FreeRTOS_src/tasks.o
                0x00000000100000e8                pxCurrentTCB
 .bss.pxReadyTasksLists
                0x00000000100000ec       0x64 ./FreeRTOS_src/tasks.o
 .bss.pxDelayedTaskList
                0x0000000010000150        0x4 ./FreeRTOS_src/tasks.o
 .bss.pxOverflowDelayedTaskList
                0x0000000010000154        0x4 ./FreeRTOS_src/tasks.o
 .bss.xTickCount
                0x0000000010000158        0x4 ./FreeRTOS_src/tasks.o
 .bss.uxTopReadyPriority
                0x000000001000015c        0x4 ./FreeRTOS_src/tasks.o
 .bss.uxSchedulerSuspended
                0x0000000010000160        0x4 ./FreeRTOS_src/tasks.o
 .bss.uxMissedTicks
                0x0000000010000164        0x4 ./FreeRTOS_src/tasks.o
 .bss.xMissedYield
                0x0000000010000168        0x4 ./FreeRTOS_src/tasks.o
 .bss.xNumOfOverflows
                0x000000001000016c        0x4 ./FreeRTOS_src/tasks.o
 .bss.uxTaskNumber
                0x0000000010000170        0x4 ./FreeRTOS_src/tasks.o
 .bss.write_idx
                0x0000000010000174        0x4 /Users/gaetan/Hepia_MEGA/temps_reel/ghost-buster/Debug/libMyLab_lib.a(traces.o)
                0x0000000010000174                write_idx
 .bss.read_idx  0x0000000010000178        0x4 /Users/gaetan/Hepia_MEGA/temps_reel/ghost-buster/Debug/libMyLab_lib.a(traces.o)
                0x0000000010000178                read_idx
 .bss.int_enabled
                0x000000001000017c        0x1 /Users/gaetan/Hepia_MEGA/temps_reel/ghost-buster/Debug/libMyLab_lib.a(traces.o)
 .bss.trace_init_done
                0x000000001000017d        0x1 /Users/gaetan/Hepia_MEGA/temps_reel/ghost-buster/Debug/libMyLab_lib.a(traces.o)
 *fill*         0x000000001000017e        0x2 
 .bss._extra    0x0000000010000180        0x4 /Applications/lpcxpresso_8.2.2_650/lpcxpresso/tools/bin/../lib/gcc/arm-none-eabi/5.4.1/../../../../arm-none-eabi/lib/armv7-m/libcr_c.a(initio.o)
                0x0000000010000180                _extra
 .bss.__Ciob    0x0000000010000184      0x140 /Applications/lpcxpresso_8.2.2_650/lpcxpresso/tools/bin/../lib/gcc/arm-none-eabi/5.4.1/../../../../arm-none-eabi/lib/armv7-m/libcr_c.a(stdio.o)
                0x0000000010000184                __Ciob
 .bss._exitvector
                0x00000000100002c4       0x84 /Applications/lpcxpresso_8.2.2_650/lpcxpresso/tools/bin/../lib/gcc/arm-none-eabi/5.4.1/../../../../arm-none-eabi/lib/armv7-m/libcr_c.a(stdlib.o)
                0x00000000100002c4                _exitvector
 .bss._number_of_exit_functions
                0x0000000010000348        0x4 /Applications/lpcxpresso_8.2.2_650/lpcxpresso/tools/bin/../lib/gcc/arm-none-eabi/5.4.1/../../../../arm-none-eabi/lib/armv7-m/libcr_c.a(stdlib.o)
                0x0000000010000348                _number_of_exit_functions
 .bss.__heaps   0x000000001000034c        0x4 /Applications/lpcxpresso_8.2.2_650/lpcxpresso/tools/bin/../lib/gcc/arm-none-eabi/5.4.1/../../../../arm-none-eabi/lib/armv7-m/libcr_c.a(__init_alloc.o)
                0x000000001000034c                __heaps
 .bss.__end_of_heap
                0x0000000010000350        0x4 /Applications/lpcxpresso_8.2.2_650/lpcxpresso/tools/bin/../lib/gcc/arm-none-eabi/5.4.1/../../../../arm-none-eabi/lib/armv7-m/libcr_c.a(__init_alloc.o)
                0x0000000010000350                __end_of_heap
 .bss.errno     0x0000000010000354        0x4 /Applications/lpcxpresso_8.2.2_650/lpcxpresso/tools/bin/../lib/gcc/arm-none-eabi/5.4.1/../../../../arm-none-eabi/lib/armv7-m/libcr_c.a(errno.o)
                0x0000000010000354                errno
 *(COMMON)
 COMMON         0x0000000010000358       0x7c ./src/tp1_ghostbuster.o
                0x0000000010000358                ghost_width
                0x000000001000035a                ghost_height
                0x000000001000035c                object
 COMMON         0x00000000100003d4        0x8 /Users/gaetan/Hepia_MEGA/temps_reel/ghost-buster/Debug/libMyLab_lib.a(custom_rand.o)
                0x00000000100003d4                _j
                0x00000000100003d8                _k
 COMMON         0x00000000100003dc      0x804 /Users/gaetan/Hepia_MEGA/temps_reel/ghost-buster/Debug/libMyLab_lib.a(traces.o)
                0x00000000100003dc                timer_counter
                0x00000000100003e0                trace_buffer
                0x0000000010000be0                . = ALIGN (0x4)
                0x0000000010000be0                _ebss = .
                [!provide]                        PROVIDE (end, .)

.noinit_RAM2    0x000000002007c018        0x0
 *(.noinit.$RAM2*)
 *(.noinit.$RamAHB32*)
                0x000000002007c018                . = ALIGN (0x4)

.noinit         0x0000000010000be0        0x0
                0x0000000010000be0                _noinit = .
 *(.noinit*)
                0x0000000010000be0                . = ALIGN (0x4)
                0x0000000010000be0                _end_noinit = .
                0x0000000010000be0                PROVIDE (_pvHeapStart, DEFINED (__user_heap_base)?__user_heap_base:.)
                0x0000000010008000                PROVIDE (_vStackTop, DEFINED (__user_stack_top)?__user_stack_top:(__top_RamLoc32 - 0x0))
                [!provide]                        PROVIDE (__valid_user_code_checksum, (0x0 - ((((((_vStackTop + (ResetISR + 0x1)) + (NMI_Handler + 0x1)) + (HardFault_Handler + 0x1)) + (DEFINED (MemManage_Handler)?MemManage_Handler:0x0 + 0x1)) + (DEFINED (BusFault_Handler)?BusFault_Handler:0x0 + 0x1)) + (DEFINED (UsageFault_Handler)?UsageFault_Handler:0x0 + 0x1))))
OUTPUT(TP1_ghostbuster_etu.axf elf32-littlearm)

.debug_info     0x0000000000000000     0x4057
 .debug_info    0x0000000000000000      0x259 ./src/cr_startup_lpc17.o
 .debug_info    0x0000000000000259      0x278 ./src/tp1_ghostbuster.o
 .debug_info    0x00000000000004d1       0xd7 ./src/trace_mgt.o
 .debug_info    0x00000000000005a8      0x264 ./FreeRTOS_src/list.o
 .debug_info    0x000000000000080c      0xa47 ./FreeRTOS_src/tasks.o
 .debug_info    0x0000000000001253      0x1c6 ./FreeRTOS_portable/port.o
 .debug_info    0x0000000000001419      0x126 /Users/gaetan/Hepia_MEGA/temps_reel/ghost-buster/Debug/libMyLab_lib.a(custom_rand.o)
 .debug_info    0x000000000000153f     0x10ee /Users/gaetan/Hepia_MEGA/temps_reel/ghost-buster/Debug/libMyLab_lib.a(lcd.o)
 .debug_info    0x000000000000262d      0x5d3 /Users/gaetan/Hepia_MEGA/temps_reel/ghost-buster/Debug/libMyLab_lib.a(ssp.o)
 .debug_info    0x0000000000002c00      0xa01 /Users/gaetan/Hepia_MEGA/temps_reel/ghost-buster/Debug/libMyLab_lib.a(traces.o)
 .debug_info    0x0000000000003601      0x699 /Users/gaetan/Hepia_MEGA/temps_reel/ghost-buster/Debug/libMyLab_lib.a(uart.o)
 .debug_info    0x0000000000003c9a       0xa5 /Users/gaetan/Hepia_MEGA/temps_reel/ghost-buster/Debug/libMyLab_lib.a(fonts.o)
 .debug_info    0x0000000000003d3f      0x318 /Users/gaetan/MEGAsync/workspace_lpcexpresso/Temps_Reel/CMSISv2p00_LPC17xx/Debug/libCMSISv2p00_LPC17xx.a(system_LPC17xx.o)

.debug_abbrev   0x0000000000000000      0xfe7
 .debug_abbrev  0x0000000000000000      0x100 ./src/cr_startup_lpc17.o
 .debug_abbrev  0x0000000000000100      0x13c ./src/tp1_ghostbuster.o
 .debug_abbrev  0x000000000000023c       0x8a ./src/trace_mgt.o
 .debug_abbrev  0x00000000000002c6       0xbf ./FreeRTOS_src/list.o
 .debug_abbrev  0x0000000000000385      0x1e8 ./FreeRTOS_src/tasks.o
 .debug_abbrev  0x000000000000056d      0x11d ./FreeRTOS_portable/port.o
 .debug_abbrev  0x000000000000068a       0xc2 /Users/gaetan/Hepia_MEGA/temps_reel/ghost-buster/Debug/libMyLab_lib.a(custom_rand.o)
 .debug_abbrev  0x000000000000074c      0x25b /Users/gaetan/Hepia_MEGA/temps_reel/ghost-buster/Debug/libMyLab_lib.a(lcd.o)
 .debug_abbrev  0x00000000000009a7      0x163 /Users/gaetan/Hepia_MEGA/temps_reel/ghost-buster/Debug/libMyLab_lib.a(ssp.o)
 .debug_abbrev  0x0000000000000b0a      0x213 /Users/gaetan/Hepia_MEGA/temps_reel/ghost-buster/Debug/libMyLab_lib.a(traces.o)
 .debug_abbrev  0x0000000000000d1d      0x19c /Users/gaetan/Hepia_MEGA/temps_reel/ghost-buster/Debug/libMyLab_lib.a(uart.o)
 .debug_abbrev  0x0000000000000eb9       0x48 /Users/gaetan/Hepia_MEGA/temps_reel/ghost-buster/Debug/libMyLab_lib.a(fonts.o)
 .debug_abbrev  0x0000000000000f01       0xe6 /Users/gaetan/MEGAsync/workspace_lpcexpresso/Temps_Reel/CMSISv2p00_LPC17xx/Debug/libCMSISv2p00_LPC17xx.a(system_LPC17xx.o)

.debug_aranges  0x0000000000000000      0x458
 .debug_aranges
                0x0000000000000000       0x68 ./src/cr_startup_lpc17.o
 .debug_aranges
                0x0000000000000068       0x28 ./src/tp1_ghostbuster.o
 .debug_aranges
                0x0000000000000090       0x20 ./src/trace_mgt.o
 .debug_aranges
                0x00000000000000b0       0x40 ./FreeRTOS_src/list.o
 .debug_aranges
                0x00000000000000f0       0xe0 ./FreeRTOS_src/tasks.o
 .debug_aranges
                0x00000000000001d0       0x70 ./FreeRTOS_portable/port.o
 .debug_aranges
                0x0000000000000240       0x28 /Users/gaetan/Hepia_MEGA/temps_reel/ghost-buster/Debug/libMyLab_lib.a(custom_rand.o)
 .debug_aranges
                0x0000000000000268       0xf8 /Users/gaetan/Hepia_MEGA/temps_reel/ghost-buster/Debug/libMyLab_lib.a(lcd.o)
 .debug_aranges
                0x0000000000000360       0x38 /Users/gaetan/Hepia_MEGA/temps_reel/ghost-buster/Debug/libMyLab_lib.a(ssp.o)
 .debug_aranges
                0x0000000000000398       0x50 /Users/gaetan/Hepia_MEGA/temps_reel/ghost-buster/Debug/libMyLab_lib.a(traces.o)
 .debug_aranges
                0x00000000000003e8       0x30 /Users/gaetan/Hepia_MEGA/temps_reel/ghost-buster/Debug/libMyLab_lib.a(uart.o)
 .debug_aranges
                0x0000000000000418       0x18 /Users/gaetan/Hepia_MEGA/temps_reel/ghost-buster/Debug/libMyLab_lib.a(fonts.o)
 .debug_aranges
                0x0000000000000430       0x28 /Users/gaetan/MEGAsync/workspace_lpcexpresso/Temps_Reel/CMSISv2p00_LPC17xx/Debug/libCMSISv2p00_LPC17xx.a(system_LPC17xx.o)

.debug_ranges   0x0000000000000000      0x380
 .debug_ranges  0x0000000000000000       0x58 ./src/cr_startup_lpc17.o
 .debug_ranges  0x0000000000000058       0x18 ./src/tp1_ghostbuster.o
 .debug_ranges  0x0000000000000070       0x10 ./src/trace_mgt.o
 .debug_ranges  0x0000000000000080       0x30 ./FreeRTOS_src/list.o
 .debug_ranges  0x00000000000000b0       0xd0 ./FreeRTOS_src/tasks.o
 .debug_ranges  0x0000000000000180       0x60 ./FreeRTOS_portable/port.o
 .debug_ranges  0x00000000000001e0       0x18 /Users/gaetan/Hepia_MEGA/temps_reel/ghost-buster/Debug/libMyLab_lib.a(custom_rand.o)
 .debug_ranges  0x00000000000001f8       0xe8 /Users/gaetan/Hepia_MEGA/temps_reel/ghost-buster/Debug/libMyLab_lib.a(lcd.o)
 .debug_ranges  0x00000000000002e0       0x28 /Users/gaetan/Hepia_MEGA/temps_reel/ghost-buster/Debug/libMyLab_lib.a(ssp.o)
 .debug_ranges  0x0000000000000308       0x40 /Users/gaetan/Hepia_MEGA/temps_reel/ghost-buster/Debug/libMyLab_lib.a(traces.o)
 .debug_ranges  0x0000000000000348       0x20 /Users/gaetan/Hepia_MEGA/temps_reel/ghost-buster/Debug/libMyLab_lib.a(uart.o)
 .debug_ranges  0x0000000000000368       0x18 /Users/gaetan/MEGAsync/workspace_lpcexpresso/Temps_Reel/CMSISv2p00_LPC17xx/Debug/libCMSISv2p00_LPC17xx.a(system_LPC17xx.o)

.debug_macro    0x0000000000000000     0x4100
 .debug_macro   0x0000000000000000       0x52 ./src/cr_startup_lpc17.o
 .debug_macro   0x0000000000000052      0x892 ./src/cr_startup_lpc17.o
 .debug_macro   0x00000000000008e4       0x10 ./src/cr_startup_lpc17.o
 .debug_macro   0x00000000000008f4      0x12d ./src/cr_startup_lpc17.o
 .debug_macro   0x0000000000000a21      0x5b2 ./src/cr_startup_lpc17.o
 .debug_macro   0x0000000000000fd3      0x19d ./src/tp1_ghostbuster.o
 .debug_macro   0x0000000000001170       0xa0 ./src/tp1_ghostbuster.o
 .debug_macro   0x0000000000001210       0x22 ./src/tp1_ghostbuster.o
 .debug_macro   0x0000000000001232       0x82 ./src/tp1_ghostbuster.o
 .debug_macro   0x00000000000012b4       0x46 ./src/tp1_ghostbuster.o
 .debug_macro   0x00000000000012fa      0x150 ./src/tp1_ghostbuster.o
 .debug_macro   0x000000000000144a       0xa3 ./src/tp1_ghostbuster.o
 .debug_macro   0x00000000000014ed       0x12 ./src/tp1_ghostbuster.o
 .debug_macro   0x00000000000014ff       0x1f ./src/tp1_ghostbuster.o
 .debug_macro   0x000000000000151e      0x177 ./src/tp1_ghostbuster.o
 .debug_macro   0x0000000000001695       0x49 ./src/tp1_ghostbuster.o
 .debug_macro   0x00000000000016de       0x57 ./src/tp1_ghostbuster.o
 .debug_macro   0x0000000000001735       0x6a ./src/tp1_ghostbuster.o
 .debug_macro   0x000000000000179f       0x62 ./src/tp1_ghostbuster.o
 .debug_macro   0x0000000000001801       0x1c ./src/tp1_ghostbuster.o
 .debug_macro   0x000000000000181d       0x2e ./src/tp1_ghostbuster.o
 .debug_macro   0x000000000000184b       0x18 ./src/tp1_ghostbuster.o
 .debug_macro   0x0000000000001863      0x7af ./src/tp1_ghostbuster.o
 .debug_macro   0x0000000000002012      0x2c7 ./src/tp1_ghostbuster.o
 .debug_macro   0x00000000000022d9       0x1c ./src/tp1_ghostbuster.o
 .debug_macro   0x00000000000022f5       0x28 ./src/tp1_ghostbuster.o
 .debug_macro   0x000000000000231d       0x1c ./src/tp1_ghostbuster.o
 .debug_macro   0x0000000000002339       0xc2 ./src/tp1_ghostbuster.o
 .debug_macro   0x00000000000023fb       0x22 ./src/tp1_ghostbuster.o
 .debug_macro   0x000000000000241d      0x135 ./src/trace_mgt.o
 .debug_macro   0x0000000000002552       0x10 ./src/trace_mgt.o
 .debug_macro   0x0000000000002562      0x150 ./src/trace_mgt.o
 .debug_macro   0x00000000000026b2       0x16 ./src/trace_mgt.o
 .debug_macro   0x00000000000026c8       0x9d ./FreeRTOS_src/list.o
 .debug_macro   0x0000000000002765       0x28 ./FreeRTOS_src/list.o
 .debug_macro   0x000000000000278d      0x130 ./FreeRTOS_src/tasks.o
 .debug_macro   0x00000000000028bd       0x61 ./FreeRTOS_src/tasks.o
 .debug_macro   0x000000000000291e       0x16 ./FreeRTOS_src/tasks.o
 .debug_macro   0x0000000000002934       0xda ./FreeRTOS_portable/port.o
 .debug_macro   0x0000000000002a0e       0x46 /Users/gaetan/Hepia_MEGA/temps_reel/ghost-buster/Debug/libMyLab_lib.a(custom_rand.o)
 .debug_macro   0x0000000000002a54      0x886 /Users/gaetan/Hepia_MEGA/temps_reel/ghost-buster/Debug/libMyLab_lib.a(custom_rand.o)
 .debug_macro   0x00000000000032da       0xf8 /Users/gaetan/Hepia_MEGA/temps_reel/ghost-buster/Debug/libMyLab_lib.a(lcd.o)
 .debug_macro   0x00000000000033d2       0x9a /Users/gaetan/Hepia_MEGA/temps_reel/ghost-buster/Debug/libMyLab_lib.a(lcd.o)
 .debug_macro   0x000000000000346c       0xc4 /Users/gaetan/Hepia_MEGA/temps_reel/ghost-buster/Debug/libMyLab_lib.a(lcd.o)
 .debug_macro   0x0000000000003530       0x90 /Users/gaetan/Hepia_MEGA/temps_reel/ghost-buster/Debug/libMyLab_lib.a(ssp.o)
 .debug_macro   0x00000000000035c0       0x22 /Users/gaetan/Hepia_MEGA/temps_reel/ghost-buster/Debug/libMyLab_lib.a(ssp.o)
 .debug_macro   0x00000000000035e2       0xcf /Users/gaetan/Hepia_MEGA/temps_reel/ghost-buster/Debug/libMyLab_lib.a(traces.o)
 .debug_macro   0x00000000000036b1       0x84 /Users/gaetan/Hepia_MEGA/temps_reel/ghost-buster/Debug/libMyLab_lib.a(uart.o)
 .debug_macro   0x0000000000003735       0x1a /Users/gaetan/Hepia_MEGA/temps_reel/ghost-buster/Debug/libMyLab_lib.a(fonts.o)
 .debug_macro   0x000000000000374f      0x12b /Users/gaetan/MEGAsync/workspace_lpcexpresso/Temps_Reel/CMSISv2p00_LPC17xx/Debug/libCMSISv2p00_LPC17xx.a(system_LPC17xx.o)
 .debug_macro   0x000000000000387a      0x886 /Users/gaetan/MEGAsync/workspace_lpcexpresso/Temps_Reel/CMSISv2p00_LPC17xx/Debug/libCMSISv2p00_LPC17xx.a(system_LPC17xx.o)

.debug_line     0x0000000000000000     0x25bf
 .debug_line    0x0000000000000000      0x1ed ./src/cr_startup_lpc17.o
 .debug_line    0x00000000000001ed      0x39f ./src/tp1_ghostbuster.o
 .debug_line    0x000000000000058c      0x2a2 ./src/trace_mgt.o
 .debug_line    0x000000000000082e      0x22c ./FreeRTOS_src/list.o
 .debug_line    0x0000000000000a5a      0x5be ./FreeRTOS_src/tasks.o
 .debug_line    0x0000000000001018      0x276 ./FreeRTOS_portable/port.o
 .debug_line    0x000000000000128e      0x1a0 /Users/gaetan/Hepia_MEGA/temps_reel/ghost-buster/Debug/libMyLab_lib.a(custom_rand.o)
 .debug_line    0x000000000000142e      0x77c /Users/gaetan/Hepia_MEGA/temps_reel/ghost-buster/Debug/libMyLab_lib.a(lcd.o)
 .debug_line    0x0000000000001baa      0x26e /Users/gaetan/Hepia_MEGA/temps_reel/ghost-buster/Debug/libMyLab_lib.a(ssp.o)
 .debug_line    0x0000000000001e18      0x311 /Users/gaetan/Hepia_MEGA/temps_reel/ghost-buster/Debug/libMyLab_lib.a(traces.o)
 .debug_line    0x0000000000002129      0x230 /Users/gaetan/Hepia_MEGA/temps_reel/ghost-buster/Debug/libMyLab_lib.a(uart.o)
 .debug_line    0x0000000000002359       0x85 /Users/gaetan/Hepia_MEGA/temps_reel/ghost-buster/Debug/libMyLab_lib.a(fonts.o)
 .debug_line    0x00000000000023de      0x1e1 /Users/gaetan/MEGAsync/workspace_lpcexpresso/Temps_Reel/CMSISv2p00_LPC17xx/Debug/libCMSISv2p00_LPC17xx.a(system_LPC17xx.o)

.debug_str      0x0000000000000000     0xe5e7
 .debug_str     0x0000000000000000     0x3d6f ./src/cr_startup_lpc17.o
                                       0x3dee (size before relaxing)
 .debug_str     0x0000000000003d6f     0x772f ./src/tp1_ghostbuster.o
                                       0xb3a5 (size before relaxing)
 .debug_str     0x000000000000b49e       0x7c ./src/trace_mgt.o
                                       0xa8fe (size before relaxing)
 .debug_str     0x000000000000b51a      0x142 ./FreeRTOS_src/list.o
                                       0x4522 (size before relaxing)
 .debug_str     0x000000000000b65c     0x10a0 ./FreeRTOS_src/tasks.o
                                       0x5ab9 (size before relaxing)
 .debug_str     0x000000000000c6fc      0x368 ./FreeRTOS_portable/port.o
                                       0x4a4a (size before relaxing)
 .debug_str     0x000000000000ca64      0x6b7 /Users/gaetan/Hepia_MEGA/temps_reel/ghost-buster/Debug/libMyLab_lib.a(custom_rand.o)
                                       0x3c63 (size before relaxing)
 .debug_str     0x000000000000d11b      0x987 /Users/gaetan/Hepia_MEGA/temps_reel/ghost-buster/Debug/libMyLab_lib.a(lcd.o)
                                       0x8ede (size before relaxing)
 .debug_str     0x000000000000daa2      0x30c /Users/gaetan/Hepia_MEGA/temps_reel/ghost-buster/Debug/libMyLab_lib.a(ssp.o)
                                       0x80a7 (size before relaxing)
 .debug_str     0x000000000000ddae      0x3bf /Users/gaetan/Hepia_MEGA/temps_reel/ghost-buster/Debug/libMyLab_lib.a(traces.o)
                                       0x8578 (size before relaxing)
 .debug_str     0x000000000000e16d       0x56 /Users/gaetan/Hepia_MEGA/temps_reel/ghost-buster/Debug/libMyLab_lib.a(uart.o)
                                       0x802b (size before relaxing)
 .debug_str     0x000000000000e1c3       0x1f /Users/gaetan/Hepia_MEGA/temps_reel/ghost-buster/Debug/libMyLab_lib.a(fonts.o)
                                       0x253a (size before relaxing)
 .debug_str     0x000000000000e1e2      0x405 /Users/gaetan/MEGAsync/workspace_lpcexpresso/Temps_Reel/CMSISv2p00_LPC17xx/Debug/libCMSISv2p00_LPC17xx.a(system_LPC17xx.o)
                                       0x814b (size before relaxing)

.comment        0x0000000000000000      0x14c
 .comment       0x0000000000000000       0x6e ./src/cr_startup_lpc17.o
                                         0x6f (size before relaxing)
 .comment       0x000000000000006e       0x6f ./src/tp1_ghostbuster.o
 .comment       0x000000000000006e       0x6f ./src/trace_mgt.o
 .comment       0x000000000000006e       0x6f ./FreeRTOS_src/list.o
 .comment       0x000000000000006e       0x6f ./FreeRTOS_src/tasks.o
 .comment       0x000000000000006e       0x6f ./FreeRTOS_portable/port.o
 .comment       0x000000000000006e       0x70 /Users/gaetan/Hepia_MEGA/temps_reel/ghost-buster/Debug/libMyLab_lib.a(custom_rand.o)
                                         0x71 (size before relaxing)
 .comment       0x00000000000000de       0x71 /Users/gaetan/Hepia_MEGA/temps_reel/ghost-buster/Debug/libMyLab_lib.a(lcd.o)
 .comment       0x00000000000000de       0x71 /Users/gaetan/Hepia_MEGA/temps_reel/ghost-buster/Debug/libMyLab_lib.a(ssp.o)
 .comment       0x00000000000000de       0x71 /Users/gaetan/Hepia_MEGA/temps_reel/ghost-buster/Debug/libMyLab_lib.a(traces.o)
 .comment       0x00000000000000de       0x71 /Users/gaetan/Hepia_MEGA/temps_reel/ghost-buster/Debug/libMyLab_lib.a(uart.o)
 .comment       0x00000000000000de       0x71 /Users/gaetan/Hepia_MEGA/temps_reel/ghost-buster/Debug/libMyLab_lib.a(fonts.o)
 .comment       0x00000000000000de       0x6f /Users/gaetan/MEGAsync/workspace_lpcexpresso/Temps_Reel/CMSISv2p00_LPC17xx/Debug/libCMSISv2p00_LPC17xx.a(system_LPC17xx.o)
 .comment       0x00000000000000de       0x6e /Applications/lpcxpresso_8.2.2_650/lpcxpresso/tools/bin/../lib/gcc/arm-none-eabi/5.4.1/../../../../arm-none-eabi/lib/armv7-m/libcr_semihost.a(_cr__main.o)
                                         0x6f (size before relaxing)
 .comment       0x000000000000014c       0x6f /Applications/lpcxpresso_8.2.2_650/lpcxpresso/tools/bin/../lib/gcc/arm-none-eabi/5.4.1/../../../../arm-none-eabi/lib/armv7-m/libcr_c.a(memcpy.o)
 .comment       0x000000000000014c       0x6f /Applications/lpcxpresso_8.2.2_650/lpcxpresso/tools/bin/../lib/gcc/arm-none-eabi/5.4.1/../../../../arm-none-eabi/lib/armv7-m/libcr_c.a(memset.o)
 .comment       0x000000000000014c       0x6f /Applications/lpcxpresso_8.2.2_650/lpcxpresso/tools/bin/../lib/gcc/arm-none-eabi/5.4.1/../../../../arm-none-eabi/lib/armv7-m/libcr_c.a(alloc.o)
 .comment       0x000000000000014c       0x6f /Applications/lpcxpresso_8.2.2_650/lpcxpresso/tools/bin/../lib/gcc/arm-none-eabi/5.4.1/../../../../arm-none-eabi/lib/armv7-m/libcr_c.a(fclose.o)
 .comment       0x000000000000014c       0x6f /Applications/lpcxpresso_8.2.2_650/lpcxpresso/tools/bin/../lib/gcc/arm-none-eabi/5.4.1/../../../../arm-none-eabi/lib/armv7-m/libcr_c.a(fflush.o)
 .comment       0x000000000000014c       0x6f /Applications/lpcxpresso_8.2.2_650/lpcxpresso/tools/bin/../lib/gcc/arm-none-eabi/5.4.1/../../../../arm-none-eabi/lib/armv7-m/libcr_c.a(fopen.o)
 .comment       0x000000000000014c       0x6f /Applications/lpcxpresso_8.2.2_650/lpcxpresso/tools/bin/../lib/gcc/arm-none-eabi/5.4.1/../../../../arm-none-eabi/lib/armv7-m/libcr_c.a(fpprintf.o)
 .comment       0x000000000000014c       0x6f /Applications/lpcxpresso_8.2.2_650/lpcxpresso/tools/bin/../lib/gcc/arm-none-eabi/5.4.1/../../../../arm-none-eabi/lib/armv7-m/libcr_c.a(fread.o)
 .comment       0x000000000000014c       0x6f /Applications/lpcxpresso_8.2.2_650/lpcxpresso/tools/bin/../lib/gcc/arm-none-eabi/5.4.1/../../../../arm-none-eabi/lib/armv7-m/libcr_c.a(freopen.o)
 .comment       0x000000000000014c       0x6f /Applications/lpcxpresso_8.2.2_650/lpcxpresso/tools/bin/../lib/gcc/arm-none-eabi/5.4.1/../../../../arm-none-eabi/lib/armv7-m/libcr_c.a(fseek.o)
 .comment       0x000000000000014c       0x6f /Applications/lpcxpresso_8.2.2_650/lpcxpresso/tools/bin/../lib/gcc/arm-none-eabi/5.4.1/../../../../arm-none-eabi/lib/armv7-m/libcr_c.a(ftell.o)
 .comment       0x000000000000014c       0x6f /Applications/lpcxpresso_8.2.2_650/lpcxpresso/tools/bin/../lib/gcc/arm-none-eabi/5.4.1/../../../../arm-none-eabi/lib/armv7-m/libcr_c.a(initio.o)
 .comment       0x000000000000014c       0x6f /Applications/lpcxpresso_8.2.2_650/lpcxpresso/tools/bin/../lib/gcc/arm-none-eabi/5.4.1/../../../../arm-none-eabi/lib/armv7-m/libcr_c.a(printf.o)
 .comment       0x000000000000014c       0x6f /Applications/lpcxpresso_8.2.2_650/lpcxpresso/tools/bin/../lib/gcc/arm-none-eabi/5.4.1/../../../../arm-none-eabi/lib/armv7-m/libcr_c.a(remove.o)
 .comment       0x000000000000014c       0x6f /Applications/lpcxpresso_8.2.2_650/lpcxpresso/tools/bin/../lib/gcc/arm-none-eabi/5.4.1/../../../../arm-none-eabi/lib/armv7-m/libcr_c.a(setvbuf.o)
 .comment       0x000000000000014c       0x6f /Applications/lpcxpresso_8.2.2_650/lpcxpresso/tools/bin/../lib/gcc/arm-none-eabi/5.4.1/../../../../arm-none-eabi/lib/armv7-m/libcr_c.a(stdio.o)
 .comment       0x000000000000014c       0x6f /Applications/lpcxpresso_8.2.2_650/lpcxpresso/tools/bin/../lib/gcc/arm-none-eabi/5.4.1/../../../../arm-none-eabi/lib/armv7-m/libcr_c.a(stdlib.o)
 .comment       0x000000000000014c       0x6f /Applications/lpcxpresso_8.2.2_650/lpcxpresso/tools/bin/../lib/gcc/arm-none-eabi/5.4.1/../../../../arm-none-eabi/lib/armv7-m/libcr_c.a(strlen.o)
 .comment       0x000000000000014c       0x6f /Applications/lpcxpresso_8.2.2_650/lpcxpresso/tools/bin/../lib/gcc/arm-none-eabi/5.4.1/../../../../arm-none-eabi/lib/armv7-m/libcr_c.a(__fillbuf.o)
 .comment       0x000000000000014c       0x6f /Applications/lpcxpresso_8.2.2_650/lpcxpresso/tools/bin/../lib/gcc/arm-none-eabi/5.4.1/../../../../arm-none-eabi/lib/armv7-m/libcr_c.a(__init_alloc.o)
 .comment       0x000000000000014c       0x6f /Applications/lpcxpresso_8.2.2_650/lpcxpresso/tools/bin/../lib/gcc/arm-none-eabi/5.4.1/../../../../arm-none-eabi/lib/armv7-m/libcr_c.a(_cr_sbrk.o)
 .comment       0x000000000000014c       0x6f /Applications/lpcxpresso_8.2.2_650/lpcxpresso/tools/bin/../lib/gcc/arm-none-eabi/5.4.1/../../../../arm-none-eabi/lib/armv7-m/libcr_c.a(_deferredlazyseek.o)
 .comment       0x000000000000014c       0x6f /Applications/lpcxpresso_8.2.2_650/lpcxpresso/tools/bin/../lib/gcc/arm-none-eabi/5.4.1/../../../../arm-none-eabi/lib/armv7-m/libcr_c.a(_do_fflush.o)
 .comment       0x000000000000014c       0x6f /Applications/lpcxpresso_8.2.2_650/lpcxpresso/tools/bin/../lib/gcc/arm-none-eabi/5.4.1/../../../../arm-none-eabi/lib/armv7-m/libcr_c.a(_fdopen.o)
 .comment       0x000000000000014c       0x6f /Applications/lpcxpresso_8.2.2_650/lpcxpresso/tools/bin/../lib/gcc/arm-none-eabi/5.4.1/../../../../arm-none-eabi/lib/armv7-m/libcr_c.a(_fflush.o)
 .comment       0x000000000000014c       0x6f /Applications/lpcxpresso_8.2.2_650/lpcxpresso/tools/bin/../lib/gcc/arm-none-eabi/5.4.1/../../../../arm-none-eabi/lib/armv7-m/libcr_c.a(_frexpl.o)
 .comment       0x000000000000014c       0x6f /Applications/lpcxpresso_8.2.2_650/lpcxpresso/tools/bin/../lib/gcc/arm-none-eabi/5.4.1/../../../../arm-none-eabi/lib/armv7-m/libcr_c.a(_hugeval.o)
 .comment       0x000000000000014c       0x6f /Applications/lpcxpresso_8.2.2_650/lpcxpresso/tools/bin/../lib/gcc/arm-none-eabi/5.4.1/../../../../arm-none-eabi/lib/armv7-m/libcr_c.a(_ldexpl.o)
 .comment       0x000000000000014c       0x6f /Applications/lpcxpresso_8.2.2_650/lpcxpresso/tools/bin/../lib/gcc/arm-none-eabi/5.4.1/../../../../arm-none-eabi/lib/armv7-m/libcr_c.a(_read.o)
 .comment       0x000000000000014c       0x6f /Applications/lpcxpresso_8.2.2_650/lpcxpresso/tools/bin/../lib/gcc/arm-none-eabi/5.4.1/../../../../arm-none-eabi/lib/armv7-m/libcr_c.a(_writebuf.o)
 .comment       0x000000000000014c       0x6f /Applications/lpcxpresso_8.2.2_650/lpcxpresso/tools/bin/../lib/gcc/arm-none-eabi/5.4.1/../../../../arm-none-eabi/lib/armv7-m/libcr_c.a(errno.o)
 .comment       0x000000000000014c       0x6f /Applications/lpcxpresso_8.2.2_650/lpcxpresso/tools/bin/../lib/gcc/arm-none-eabi/5.4.1/../../../../arm-none-eabi/lib/armv7-m/libcr_c.a(_cr_check_heap.o)
 .comment       0x000000000000014c       0x6f /Applications/lpcxpresso_8.2.2_650/lpcxpresso/tools/bin/../lib/gcc/arm-none-eabi/5.4.1/armv7-m/libcr_eabihelpers.a(double.o)

.ARM.attributes
                0x0000000000000000       0x31
 .ARM.attributes
                0x0000000000000000       0x33 ./src/cr_startup_lpc17.o
 .ARM.attributes
                0x0000000000000033       0x33 ./src/tp1_ghostbuster.o
 .ARM.attributes
                0x0000000000000066       0x33 ./src/trace_mgt.o
 .ARM.attributes
                0x0000000000000099       0x33 ./FreeRTOS_src/list.o
 .ARM.attributes
                0x00000000000000cc       0x33 ./FreeRTOS_src/tasks.o
 .ARM.attributes
                0x00000000000000ff       0x33 ./FreeRTOS_portable/port.o
 .ARM.attributes
                0x0000000000000132       0x33 /Users/gaetan/Hepia_MEGA/temps_reel/ghost-buster/Debug/libMyLab_lib.a(custom_rand.o)
 .ARM.attributes
                0x0000000000000165       0x33 /Users/gaetan/Hepia_MEGA/temps_reel/ghost-buster/Debug/libMyLab_lib.a(lcd.o)
 .ARM.attributes
                0x0000000000000198       0x33 /Users/gaetan/Hepia_MEGA/temps_reel/ghost-buster/Debug/libMyLab_lib.a(ssp.o)
 .ARM.attributes
                0x00000000000001cb       0x33 /Users/gaetan/Hepia_MEGA/temps_reel/ghost-buster/Debug/libMyLab_lib.a(traces.o)
 .ARM.attributes
                0x00000000000001fe       0x33 /Users/gaetan/Hepia_MEGA/temps_reel/ghost-buster/Debug/libMyLab_lib.a(uart.o)
 .ARM.attributes
                0x0000000000000231       0x33 /Users/gaetan/Hepia_MEGA/temps_reel/ghost-buster/Debug/libMyLab_lib.a(fonts.o)
 .ARM.attributes
                0x0000000000000264       0x33 /Users/gaetan/MEGAsync/workspace_lpcexpresso/Temps_Reel/CMSISv2p00_LPC17xx/Debug/libCMSISv2p00_LPC17xx.a(system_LPC17xx.o)
 .ARM.attributes
                0x0000000000000297       0x33 /Applications/lpcxpresso_8.2.2_650/lpcxpresso/tools/bin/../lib/gcc/arm-none-eabi/5.4.1/../../../../arm-none-eabi/lib/armv7-m/libcr_semihost.a(_cr__main.o)
 .ARM.attributes
                0x00000000000002ca       0x33 /Applications/lpcxpresso_8.2.2_650/lpcxpresso/tools/bin/../lib/gcc/arm-none-eabi/5.4.1/../../../../arm-none-eabi/lib/armv7-m/libcr_c.a(memcpy.o)
 .ARM.attributes
                0x00000000000002fd       0x33 /Applications/lpcxpresso_8.2.2_650/lpcxpresso/tools/bin/../lib/gcc/arm-none-eabi/5.4.1/../../../../arm-none-eabi/lib/armv7-m/libcr_c.a(memset.o)
 .ARM.attributes
                0x0000000000000330       0x33 /Applications/lpcxpresso_8.2.2_650/lpcxpresso/tools/bin/../lib/gcc/arm-none-eabi/5.4.1/../../../../arm-none-eabi/lib/armv7-m/libcr_c.a(alloc.o)
 .ARM.attributes
                0x0000000000000363       0x33 /Applications/lpcxpresso_8.2.2_650/lpcxpresso/tools/bin/../lib/gcc/arm-none-eabi/5.4.1/../../../../arm-none-eabi/lib/armv7-m/libcr_c.a(fclose.o)
 .ARM.attributes
                0x0000000000000396       0x33 /Applications/lpcxpresso_8.2.2_650/lpcxpresso/tools/bin/../lib/gcc/arm-none-eabi/5.4.1/../../../../arm-none-eabi/lib/armv7-m/libcr_c.a(fflush.o)
 .ARM.attributes
                0x00000000000003c9       0x33 /Applications/lpcxpresso_8.2.2_650/lpcxpresso/tools/bin/../lib/gcc/arm-none-eabi/5.4.1/../../../../arm-none-eabi/lib/armv7-m/libcr_c.a(fopen.o)
 .ARM.attributes
                0x00000000000003fc       0x33 /Applications/lpcxpresso_8.2.2_650/lpcxpresso/tools/bin/../lib/gcc/arm-none-eabi/5.4.1/../../../../arm-none-eabi/lib/armv7-m/libcr_c.a(fpprintf.o)
 .ARM.attributes
                0x000000000000042f       0x33 /Applications/lpcxpresso_8.2.2_650/lpcxpresso/tools/bin/../lib/gcc/arm-none-eabi/5.4.1/../../../../arm-none-eabi/lib/armv7-m/libcr_c.a(fread.o)
 .ARM.attributes
                0x0000000000000462       0x33 /Applications/lpcxpresso_8.2.2_650/lpcxpresso/tools/bin/../lib/gcc/arm-none-eabi/5.4.1/../../../../arm-none-eabi/lib/armv7-m/libcr_c.a(freopen.o)
 .ARM.attributes
                0x0000000000000495       0x33 /Applications/lpcxpresso_8.2.2_650/lpcxpresso/tools/bin/../lib/gcc/arm-none-eabi/5.4.1/../../../../arm-none-eabi/lib/armv7-m/libcr_c.a(fseek.o)
 .ARM.attributes
                0x00000000000004c8       0x33 /Applications/lpcxpresso_8.2.2_650/lpcxpresso/tools/bin/../lib/gcc/arm-none-eabi/5.4.1/../../../../arm-none-eabi/lib/armv7-m/libcr_c.a(ftell.o)
 .ARM.attributes
                0x00000000000004fb       0x33 /Applications/lpcxpresso_8.2.2_650/lpcxpresso/tools/bin/../lib/gcc/arm-none-eabi/5.4.1/../../../../arm-none-eabi/lib/armv7-m/libcr_c.a(initio.o)
 .ARM.attributes
                0x000000000000052e       0x33 /Applications/lpcxpresso_8.2.2_650/lpcxpresso/tools/bin/../lib/gcc/arm-none-eabi/5.4.1/../../../../arm-none-eabi/lib/armv7-m/libcr_c.a(printf.o)
 .ARM.attributes
                0x0000000000000561       0x33 /Applications/lpcxpresso_8.2.2_650/lpcxpresso/tools/bin/../lib/gcc/arm-none-eabi/5.4.1/../../../../arm-none-eabi/lib/armv7-m/libcr_c.a(remove.o)
 .ARM.attributes
                0x0000000000000594       0x33 /Applications/lpcxpresso_8.2.2_650/lpcxpresso/tools/bin/../lib/gcc/arm-none-eabi/5.4.1/../../../../arm-none-eabi/lib/armv7-m/libcr_c.a(setvbuf.o)
 .ARM.attributes
                0x00000000000005c7       0x33 /Applications/lpcxpresso_8.2.2_650/lpcxpresso/tools/bin/../lib/gcc/arm-none-eabi/5.4.1/../../../../arm-none-eabi/lib/armv7-m/libcr_c.a(stdio.o)
 .ARM.attributes
                0x00000000000005fa       0x33 /Applications/lpcxpresso_8.2.2_650/lpcxpresso/tools/bin/../lib/gcc/arm-none-eabi/5.4.1/../../../../arm-none-eabi/lib/armv7-m/libcr_c.a(stdlib.o)
 .ARM.attributes
                0x000000000000062d       0x33 /Applications/lpcxpresso_8.2.2_650/lpcxpresso/tools/bin/../lib/gcc/arm-none-eabi/5.4.1/../../../../arm-none-eabi/lib/armv7-m/libcr_c.a(strlen.o)
 .ARM.attributes
                0x0000000000000660       0x33 /Applications/lpcxpresso_8.2.2_650/lpcxpresso/tools/bin/../lib/gcc/arm-none-eabi/5.4.1/../../../../arm-none-eabi/lib/armv7-m/libcr_c.a(__fillbuf.o)
 .ARM.attributes
                0x0000000000000693       0x33 /Applications/lpcxpresso_8.2.2_650/lpcxpresso/tools/bin/../lib/gcc/arm-none-eabi/5.4.1/../../../../arm-none-eabi/lib/armv7-m/libcr_c.a(__init_alloc.o)
 .ARM.attributes
                0x00000000000006c6       0x33 /Applications/lpcxpresso_8.2.2_650/lpcxpresso/tools/bin/../lib/gcc/arm-none-eabi/5.4.1/../../../../arm-none-eabi/lib/armv7-m/libcr_c.a(_cr_sbrk.o)
 .ARM.attributes
                0x00000000000006f9       0x33 /Applications/lpcxpresso_8.2.2_650/lpcxpresso/tools/bin/../lib/gcc/arm-none-eabi/5.4.1/../../../../arm-none-eabi/lib/armv7-m/libcr_c.a(_deferredlazyseek.o)
 .ARM.attributes
                0x000000000000072c       0x33 /Applications/lpcxpresso_8.2.2_650/lpcxpresso/tools/bin/../lib/gcc/arm-none-eabi/5.4.1/../../../../arm-none-eabi/lib/armv7-m/libcr_c.a(_do_fflush.o)
 .ARM.attributes
                0x000000000000075f       0x33 /Applications/lpcxpresso_8.2.2_650/lpcxpresso/tools/bin/../lib/gcc/arm-none-eabi/5.4.1/../../../../arm-none-eabi/lib/armv7-m/libcr_c.a(_fdopen.o)
 .ARM.attributes
                0x0000000000000792       0x33 /Applications/lpcxpresso_8.2.2_650/lpcxpresso/tools/bin/../lib/gcc/arm-none-eabi/5.4.1/../../../../arm-none-eabi/lib/armv7-m/libcr_c.a(_fflush.o)
 .ARM.attributes
                0x00000000000007c5       0x33 /Applications/lpcxpresso_8.2.2_650/lpcxpresso/tools/bin/../lib/gcc/arm-none-eabi/5.4.1/../../../../arm-none-eabi/lib/armv7-m/libcr_c.a(_frexpl.o)
 .ARM.attributes
                0x00000000000007f8       0x33 /Applications/lpcxpresso_8.2.2_650/lpcxpresso/tools/bin/../lib/gcc/arm-none-eabi/5.4.1/../../../../arm-none-eabi/lib/armv7-m/libcr_c.a(_hugeval.o)
 .ARM.attributes
                0x000000000000082b       0x33 /Applications/lpcxpresso_8.2.2_650/lpcxpresso/tools/bin/../lib/gcc/arm-none-eabi/5.4.1/../../../../arm-none-eabi/lib/armv7-m/libcr_c.a(_ldexpl.o)
 .ARM.attributes
                0x000000000000085e       0x33 /Applications/lpcxpresso_8.2.2_650/lpcxpresso/tools/bin/../lib/gcc/arm-none-eabi/5.4.1/../../../../arm-none-eabi/lib/armv7-m/libcr_c.a(_read.o)
 .ARM.attributes
                0x0000000000000891       0x33 /Applications/lpcxpresso_8.2.2_650/lpcxpresso/tools/bin/../lib/gcc/arm-none-eabi/5.4.1/../../../../arm-none-eabi/lib/armv7-m/libcr_c.a(_writebuf.o)
 .ARM.attributes
                0x00000000000008c4       0x33 /Applications/lpcxpresso_8.2.2_650/lpcxpresso/tools/bin/../lib/gcc/arm-none-eabi/5.4.1/../../../../arm-none-eabi/lib/armv7-m/libcr_c.a(errno.o)
 .ARM.attributes
                0x00000000000008f7       0x33 /Applications/lpcxpresso_8.2.2_650/lpcxpresso/tools/bin/../lib/gcc/arm-none-eabi/5.4.1/../../../../arm-none-eabi/lib/armv7-m/libcr_c.a(_cr_check_heap.o)
 .ARM.attributes
                0x000000000000092a       0x33 /Applications/lpcxpresso_8.2.2_650/lpcxpresso/tools/bin/../lib/gcc/arm-none-eabi/5.4.1/armv7-m/libcr_eabihelpers.a(double.o)
 .ARM.attributes
                0x000000000000095d       0x21 /Applications/lpcxpresso_8.2.2_650/lpcxpresso/tools/bin/../lib/gcc/arm-none-eabi/5.4.1/armv7-m/libcr_eabihelpers.a(memcpy.o)
 .ARM.attributes
                0x000000000000097e       0x21 /Applications/lpcxpresso_8.2.2_650/lpcxpresso/tools/bin/../lib/gcc/arm-none-eabi/5.4.1/../../../../arm-none-eabi/lib/armv7-m/libcr_semihost.a(__sys_appexit.o)
 .ARM.attributes
                0x000000000000099f       0x21 /Applications/lpcxpresso_8.2.2_650/lpcxpresso/tools/bin/../lib/gcc/arm-none-eabi/5.4.1/../../../../arm-none-eabi/lib/armv7-m/libcr_semihost.a(__sys_close.o)
 .ARM.attributes
                0x00000000000009c0       0x21 /Applications/lpcxpresso_8.2.2_650/lpcxpresso/tools/bin/../lib/gcc/arm-none-eabi/5.4.1/../../../../arm-none-eabi/lib/armv7-m/libcr_semihost.a(__sys_flen.o)
 .ARM.attributes
                0x00000000000009e1       0x21 /Applications/lpcxpresso_8.2.2_650/lpcxpresso/tools/bin/../lib/gcc/arm-none-eabi/5.4.1/../../../../arm-none-eabi/lib/armv7-m/libcr_semihost.a(__sys_istty.o)
 .ARM.attributes
                0x0000000000000a02       0x21 /Applications/lpcxpresso_8.2.2_650/lpcxpresso/tools/bin/../lib/gcc/arm-none-eabi/5.4.1/../../../../arm-none-eabi/lib/armv7-m/libcr_semihost.a(__sys_open.o)
 .ARM.attributes
                0x0000000000000a23       0x21 /Applications/lpcxpresso_8.2.2_650/lpcxpresso/tools/bin/../lib/gcc/arm-none-eabi/5.4.1/../../../../arm-none-eabi/lib/armv7-m/libcr_semihost.a(__sys_read.o)
 .ARM.attributes
                0x0000000000000a44       0x21 /Applications/lpcxpresso_8.2.2_650/lpcxpresso/tools/bin/../lib/gcc/arm-none-eabi/5.4.1/../../../../arm-none-eabi/lib/armv7-m/libcr_semihost.a(__sys_readc.o)
 .ARM.attributes
                0x0000000000000a65       0x21 /Applications/lpcxpresso_8.2.2_650/lpcxpresso/tools/bin/../lib/gcc/arm-none-eabi/5.4.1/../../../../arm-none-eabi/lib/armv7-m/libcr_semihost.a(__sys_remove.o)
 .ARM.attributes
                0x0000000000000a86       0x21 /Applications/lpcxpresso_8.2.2_650/lpcxpresso/tools/bin/../lib/gcc/arm-none-eabi/5.4.1/../../../../arm-none-eabi/lib/armv7-m/libcr_semihost.a(__sys_seek.o)
 .ARM.attributes
                0x0000000000000aa7       0x21 /Applications/lpcxpresso_8.2.2_650/lpcxpresso/tools/bin/../lib/gcc/arm-none-eabi/5.4.1/../../../../arm-none-eabi/lib/armv7-m/libcr_semihost.a(__sys_tmpnam.o)
 .ARM.attributes
                0x0000000000000ac8       0x21 /Applications/lpcxpresso_8.2.2_650/lpcxpresso/tools/bin/../lib/gcc/arm-none-eabi/5.4.1/../../../../arm-none-eabi/lib/armv7-m/libcr_semihost.a(__sys_write.o)

.debug_frame    0x0000000000000000      0xe40
 .debug_frame   0x0000000000000000      0x128 ./src/cr_startup_lpc17.o
 .debug_frame   0x0000000000000128       0x5c ./src/tp1_ghostbuster.o
 .debug_frame   0x0000000000000184       0x34 ./src/trace_mgt.o
 .debug_frame   0x00000000000001b8       0xd8 ./FreeRTOS_src/list.o
 .debug_frame   0x0000000000000290      0x388 ./FreeRTOS_src/tasks.o
 .debug_frame   0x0000000000000618      0x148 ./FreeRTOS_portable/port.o
 .debug_frame   0x0000000000000760       0x5c /Users/gaetan/Hepia_MEGA/temps_reel/ghost-buster/Debug/libMyLab_lib.a(custom_rand.o)
 .debug_frame   0x00000000000007bc      0x408 /Users/gaetan/Hepia_MEGA/temps_reel/ghost-buster/Debug/libMyLab_lib.a(lcd.o)
 .debug_frame   0x0000000000000bc4       0xa8 /Users/gaetan/Hepia_MEGA/temps_reel/ghost-buster/Debug/libMyLab_lib.a(ssp.o)
 .debug_frame   0x0000000000000c6c      0x11c /Users/gaetan/Hepia_MEGA/temps_reel/ghost-buster/Debug/libMyLab_lib.a(traces.o)
 .debug_frame   0x0000000000000d88       0x7c /Users/gaetan/Hepia_MEGA/temps_reel/ghost-buster/Debug/libMyLab_lib.a(uart.o)
 .debug_frame   0x0000000000000e04       0x3c /Users/gaetan/MEGAsync/workspace_lpcexpresso/Temps_Reel/CMSISv2p00_LPC17xx/Debug/libCMSISv2p00_LPC17xx.a(system_LPC17xx.o)
