Archive member included to satisfy reference by file (symbol)

/Users/selement/Documents/LPCXpresso_8.2.2/workspace/TP1_ghostbuster_etu/Debug/libMyLab_lib.a(custom_rand.o)
                              ./src/tp1_ghostbuster.o (init_rnd32)
/Users/selement/Documents/LPCXpresso_8.2.2/workspace/TP1_ghostbuster_etu/Debug/libMyLab_lib.a(lcd.o)
                              ./src/tp1_ghostbuster.o (init_lcd)
/Users/selement/Documents/LPCXpresso_8.2.2/workspace/TP1_ghostbuster_etu/Debug/libMyLab_lib.a(ssp.o)
                              /Users/selement/Documents/LPCXpresso_8.2.2/workspace/TP1_ghostbuster_etu/Debug/libMyLab_lib.a(lcd.o) (ssp_init_custom)
/Users/selement/Documents/LPCXpresso_8.2.2/workspace/TP1_ghostbuster_etu/Debug/libMyLab_lib.a(traces.o)
                              ./src/trace_mgt.o (write_trace_ref)
/Users/selement/Documents/LPCXpresso_8.2.2/workspace/TP1_ghostbuster_etu/Debug/libMyLab_lib.a(uart.o)
                              /Users/selement/Documents/LPCXpresso_8.2.2/workspace/TP1_ghostbuster_etu/Debug/libMyLab_lib.a(traces.o) (uart0_init)
/Users/selement/Documents/LPCXpresso_8.2.2/workspace/TP1_ghostbuster_etu/Debug/libMyLab_lib.a(fonts.o)
                              /Users/selement/Documents/LPCXpresso_8.2.2/workspace/TP1_ghostbuster_etu/Debug/libMyLab_lib.a(lcd.o) (SmallFont)
/Users/selement/Documents/LPCXpresso_8.2.2/workspace/CMSISv2p00_LPC17xx/Debug/libCMSISv2p00_LPC17xx.a(system_LPC17xx.o)
                              ./src/cr_startup_lpc17.o (SystemInit)
/Applications/lpcxpresso_8.2.2_650/lpcxpresso/tools/bin/../lib/gcc/arm-none-eabi/5.4.1/../../../../arm-none-eabi/lib/armv7-m/libcr_semihost.a(_cr__main.o)
                              ./src/cr_startup_lpc17.o (__main)
/Applications/lpcxpresso_8.2.2_650/lpcxpresso/tools/bin/../lib/gcc/arm-none-eabi/5.4.1/../../../../arm-none-eabi/lib/armv7-m/libcr_c.a(memcpy.o)
                              ./FreeRTOS_src/queue.o (memcpy)
/Applications/lpcxpresso_8.2.2_650/lpcxpresso/tools/bin/../lib/gcc/arm-none-eabi/5.4.1/../../../../arm-none-eabi/lib/armv7-m/libcr_c.a(memset.o)
                              ./FreeRTOS_src/tasks.o (memset)
/Applications/lpcxpresso_8.2.2_650/lpcxpresso/tools/bin/../lib/gcc/arm-none-eabi/5.4.1/../../../../arm-none-eabi/lib/armv7-m/libcr_c.a(alloc.o)
                              /Users/selement/Documents/LPCXpresso_8.2.2/workspace/TP1_ghostbuster_etu/Debug/libMyLab_lib.a(lcd.o) (malloc)
/Applications/lpcxpresso_8.2.2_650/lpcxpresso/tools/bin/../lib/gcc/arm-none-eabi/5.4.1/../../../../arm-none-eabi/lib/armv7-m/libcr_c.a(fclose.o)
                              /Users/selement/Documents/LPCXpresso_8.2.2/workspace/TP1_ghostbuster_etu/Debug/libMyLab_lib.a(lcd.o) (fclose)
/Applications/lpcxpresso_8.2.2_650/lpcxpresso/tools/bin/../lib/gcc/arm-none-eabi/5.4.1/../../../../arm-none-eabi/lib/armv7-m/libcr_c.a(fflush.o)
                              /Applications/lpcxpresso_8.2.2_650/lpcxpresso/tools/bin/../lib/gcc/arm-none-eabi/5.4.1/../../../../arm-none-eabi/lib/armv7-m/libcr_c.a(fclose.o) (fflush)
/Applications/lpcxpresso_8.2.2_650/lpcxpresso/tools/bin/../lib/gcc/arm-none-eabi/5.4.1/../../../../arm-none-eabi/lib/armv7-m/libcr_c.a(fopen.o)
                              /Users/selement/Documents/LPCXpresso_8.2.2/workspace/TP1_ghostbuster_etu/Debug/libMyLab_lib.a(lcd.o) (fopen)
/Applications/lpcxpresso_8.2.2_650/lpcxpresso/tools/bin/../lib/gcc/arm-none-eabi/5.4.1/../../../../arm-none-eabi/lib/armv7-m/libcr_c.a(fpprintf.o)
                              /Users/selement/Documents/LPCXpresso_8.2.2/workspace/TP1_ghostbuster_etu/Debug/libMyLab_lib.a(lcd.o) (vsprintf)
/Applications/lpcxpresso_8.2.2_650/lpcxpresso/tools/bin/../lib/gcc/arm-none-eabi/5.4.1/../../../../arm-none-eabi/lib/armv7-m/libcr_c.a(fread.o)
                              /Users/selement/Documents/LPCXpresso_8.2.2/workspace/TP1_ghostbuster_etu/Debug/libMyLab_lib.a(lcd.o) (fread)
/Applications/lpcxpresso_8.2.2_650/lpcxpresso/tools/bin/../lib/gcc/arm-none-eabi/5.4.1/../../../../arm-none-eabi/lib/armv7-m/libcr_c.a(freopen.o)
                              /Applications/lpcxpresso_8.2.2_650/lpcxpresso/tools/bin/../lib/gcc/arm-none-eabi/5.4.1/../../../../arm-none-eabi/lib/armv7-m/libcr_c.a(fopen.o) (freopen)
/Applications/lpcxpresso_8.2.2_650/lpcxpresso/tools/bin/../lib/gcc/arm-none-eabi/5.4.1/../../../../arm-none-eabi/lib/armv7-m/libcr_c.a(fseek.o)
                              /Users/selement/Documents/LPCXpresso_8.2.2/workspace/TP1_ghostbuster_etu/Debug/libMyLab_lib.a(lcd.o) (fseek)
/Applications/lpcxpresso_8.2.2_650/lpcxpresso/tools/bin/../lib/gcc/arm-none-eabi/5.4.1/../../../../arm-none-eabi/lib/armv7-m/libcr_c.a(ftell.o)
                              /Applications/lpcxpresso_8.2.2_650/lpcxpresso/tools/bin/../lib/gcc/arm-none-eabi/5.4.1/../../../../arm-none-eabi/lib/armv7-m/libcr_c.a(fseek.o) (ftell)
/Applications/lpcxpresso_8.2.2_650/lpcxpresso/tools/bin/../lib/gcc/arm-none-eabi/5.4.1/../../../../arm-none-eabi/lib/armv7-m/libcr_c.a(initio.o)
[...]
Memory Configuration

Name             Origin             Length             Attributes
MFlash512        0x0000000000000000 0x0000000000080000 xr
RamLoc32         0x0000000010000000 0x0000000000008000 xrw
RamAHB32         0x000000002007c000 0x0000000000008000 xrw
*default*        0x0000000000000000 0xffffffffffffffff

Linker script and memory map

                0x000000002007c018                __user_heap_base = __end_bss_RAM2
LOAD ./src/cr_startup_lpc17.o
LOAD ./src/tp1_ghostbuster.o
LOAD ./src/trace_mgt.o
LOAD ./FreeRTOS_src/croutine.o
LOAD ./FreeRTOS_src/list.o
LOAD ./FreeRTOS_src/queue.o
LOAD ./FreeRTOS_src/tasks.o
LOAD ./FreeRTOS_src/timers.o
LOAD ./FreeRTOS_portable/MemMang/heap_2.o
LOAD ./FreeRTOS_portable/port.o
LOAD /Users/selement/Documents/LPCXpresso_8.2.2/workspace/TP1_ghostbuster_etu/Debug/libMyLab_lib.a
LOAD /Users/selement/Documents/LPCXpresso_8.2.2/workspace/CMSISv2p00_LPC17xx/Debug/libCMSISv2p00_LPC17xx.a
START GROUP
LOAD /Applications/lpcxpresso_8.2.2_650/lpcxpresso/tools/bin/../lib/gcc/arm-none-eabi/5.4.1/../../../../arm-none-eabi/lib/armv7-m/libcr_semihost.a
LOAD /Applications/lpcxpresso_8.2.2_650/lpcxpresso/tools/bin/../lib/gcc/arm-none-eabi/5.4.1/../../../../arm-none-eabi/lib/armv7-m/libcr_c.a
LOAD /Applications/lpcxpresso_8.2.2_650/lpcxpresso/tools/bin/../lib/gcc/arm-none-eabi/5.4.1/armv7-m/libcr_eabihelpers.a
END GROUP
                0x0000000000000000                __base_MFlash512 = 0x0
                0x0000000000000000                __base_Flash = 0x0
                0x0000000000080000                __top_MFlash512 = 0x80000
                0x0000000000080000                __top_Flash = 0x80000
                0x0000000010000000                __base_RamLoc32 = 0x10000000
                0x0000000010000000                __base_RAM = 0x10000000
                0x0000000010008000                __top_RamLoc32 = 0x10008000
                0x0000000010008000                __top_RAM = 0x10008000
                0x000000002007c000                __base_RamAHB32 = 0x2007c000
                0x000000002007c000                __base_RAM2 = 0x2007c000
                0x0000000020084000                __top_RamAHB32 = 0x20084000
                0x0000000020084000                __top_RAM2 = 0x20084000

.text           0x0000000000000000     0x5b08
 FILL mask 0xff
                0x0000000000000000                __vectors_start__ = ABSOLUTE (.)
 *(.isr_vector)
 .isr_vector    0x0000000000000000       0xcc ./src/cr_startup_lpc17.o
                0x0000000000000000                g_pfnVectors
                0x00000000000000cc                . = ALIGN (0x4)
                0x00000000000000cc                __section_table_start = .
                0x00000000000000cc                __data_section_table = .
                0x00000000000000cc        0x4 LONG 0x5b20 LOADADDR (.data)
                0x00000000000000d0        0x4 LONG 0x10000000 ADDR (.data)
                0x00000000000000d4        0x4 LONG 0xec SIZEOF (.data)
                0x00000000000000d8        0x4 LONG 0x5b08 LOADADDR (.data_RAM2)
                0x00000000000000dc        0x4 LONG 0x2007c000 ADDR (.data_RAM2)
                0x00000000000000e0        0x4 LONG 0x18 SIZEOF (.data_RAM2)
                0x00000000000000e4                __data_section_table_end = .
                0x00000000000000e4                __bss_section_table = .
                0x00000000000000e4        0x4 LONG 0x100000ec ADDR (.bss)
                0x00000000000000e8        0x4 LONG 0xafc SIZEOF (.bss)
                0x00000000000000ec        0x4 LONG 0x2007c018 ADDR (.bss_RAM2)
                0x00000000000000f0        0x4 LONG 0x0 SIZEOF (.bss_RAM2)
                0x00000000000000f4                __bss_section_table_end = .
                0x00000000000000f4                __section_table_end = .
 *(.after_vectors*)
 .after_vectors
                0x00000000000000f4      0x12c ./src/cr_startup_lpc17.o
                0x00000000000000f4                data_init
                0x0000000000000138                bss_init
                0x0000000000000170                ResetISR
                0x00000000000001e8                NMI_Handler
                0x00000000000001f0                HardFault_Handler
                0x00000000000001f8                MemManage_Handler
                0x0000000000000200                BusFault_Handler
                0x0000000000000208                UsageFault_Handler
                0x0000000000000210                DebugMon_Handler
                0x0000000000000218                CANActivity_IRQHandler
                0x0000000000000218                TIMER3_IRQHandler
                0x0000000000000218                IntDefaultHandler
                0x0000000000000218                PLL0_IRQHandler
                0x0000000000000218                CAN_IRQHandler
                0x0000000000000218                PLL1_IRQHandler
                0x0000000000000218                SSP0_IRQHandler
                0x0000000000000218                I2S_IRQHandler
                0x0000000000000218                I2C2_IRQHandler
                0x0000000000000218                RTC_IRQHandler
                0x0000000000000218                TIMER0_IRQHandler
                0x0000000000000218                SPI_IRQHandler
                0x0000000000000218                EINT1_IRQHandler
                0x0000000000000218                TIMER1_IRQHandler
                0x0000000000000218                UART2_IRQHandler
                0x0000000000000218                ADC_IRQHandler
                0x0000000000000218                SSP1_IRQHandler
                0x0000000000000218                USB_IRQHandler
                0x0000000000000218                BOD_IRQHandler
                0x0000000000000218                WDT_IRQHandler
                0x0000000000000218                QEI_IRQHandler
                0x0000000000000218                EINT0_IRQHandler
                0x0000000000000218                DMA_IRQHandler
                0x0000000000000218                UART3_IRQHandler
                0x0000000000000218                MCPWM_IRQHandler
                0x0000000000000218                TIMER2_IRQHandler
                0x0000000000000218                ENET_IRQHandler
                0x0000000000000218                RIT_IRQHandler
                0x0000000000000218                I2C0_IRQHandler
                0x0000000000000218                USBActivity_IRQHandler
                0x0000000000000218                PWM1_IRQHandler
                0x0000000000000218                I2C1_IRQHandler
                0x0000000000000218                EINT2_IRQHandler
                0x0000000000000218                UART1_IRQHandler
                0x0000000000000218                EINT3_IRQHandler
 *(.text*)
 .text.move     0x0000000000000220       0xdc ./src/tp1_ghostbuster.o
                0x0000000000000220                move
 .text.inverse_dir
                0x00000000000002fc      0x104 ./src/tp1_ghostbuster.o
                0x00000000000002fc                inverse_dir
 .text.check_border
                0x0000000000000400       0xbc ./src/tp1_ghostbuster.o
                0x0000000000000400                check_border
 .text.check_ball_vs_ghost
                0x00000000000004bc       0xc4 ./src/tp1_ghostbuster.o
                0x00000000000004bc                check_ball_vs_ghost
 .text.init_ball
                0x0000000000000580       0x40 ./src/tp1_ghostbuster.o
                0x0000000000000580                init_ball
 .text.main     0x00000000000005c0      0x124 ./src/tp1_ghostbuster.o
                0x00000000000005c0                main
 .text.write_trace
                0x00000000000006e4       0x28 ./src/trace_mgt.o
                0x00000000000006e4                write_trace
 .text.vListInsertEnd
                0x000000000000070c       0x50 ./FreeRTOS_src/list.o
                0x000000000000070c                vListInsertEnd
 .text.vListRemove
                0x000000000000075c       0x50 ./FreeRTOS_src/list.o
                0x000000000000075c                vListRemove
 .text.vTaskIncrementTick
                0x00000000000007ac      0x12c ./FreeRTOS_src/tasks.o
                0x00000000000007ac                vTaskIncrementTick
 .text.vTaskSwitchContext
                0x00000000000008d8      0x100 ./FreeRTOS_src/tasks.o
                0x00000000000008d8                vTaskSwitchContext
 .text.vPortSVCHandler
                0x00000000000009d8       0x24 ./FreeRTOS_portable/port.o
                0x00000000000009d8                vPortSVCHandler
 .text.xPortPendSVHandler
                0x00000000000009fc       0x40 ./FreeRTOS_portable/port.o
                0x00000000000009fc                xPortPendSVHandler
 .text.xPortSysTickHandler
                0x0000000000000a3c       0x28 ./FreeRTOS_portable/port.o
                0x0000000000000a3c                xPortSysTickHandler
 .text.rnd_32   0x0000000000000a64       0x78 /Users/selement/Documents/LPCXpresso_8.2.2/workspace/TP1_ghostbuster_etu/Debug/libMyLab_lib.a(custom_rand.o)
                0x0000000000000a64                rnd_32
 .text.init_rnd32
                0x0000000000000adc       0x6c /Users/selement/Documents/LPCXpresso_8.2.2/workspace/TP1_ghostbuster_etu/Debug/libMyLab_lib.a(custom_rand.o)
                0x0000000000000adc                init_rnd32
 .text.LCD_RS_ENA
                0x0000000000000b48       0x38 /Users/selement/Documents/LPCXpresso_8.2.2/workspace/TP1_ghostbuster_etu/Debug/libMyLab_lib.a(lcd.o)
 .text.LCD_RS_DIS
                0x0000000000000b80       0x38 /Users/selement/Documents/LPCXpresso_8.2.2/workspace/TP1_ghostbuster_etu/Debug/libMyLab_lib.a(lcd.o)
 .text.Write_Cmd_Data
                0x0000000000000bb8       0x24 /Users/selement/Documents/LPCXpresso_8.2.2/workspace/TP1_ghostbuster_etu/Debug/libMyLab_lib.a(lcd.o)
                0x0000000000000bb8                Write_Cmd_Data
 .text.Write_Cmd
                0x0000000000000bdc       0x24 /Users/selement/Documents/LPCXpresso_8.2.2/workspace/TP1_ghostbuster_etu/Debug/libMyLab_lib.a(lcd.o)
                0x0000000000000bdc                Write_Cmd
 .text.Write_Data
                0x0000000000000c00       0x30 /Users/selement/Documents/LPCXpresso_8.2.2/workspace/TP1_ghostbuster_etu/Debug/libMyLab_lib.a(lcd.o)
                0x0000000000000c00                Write_Data
 .text.Write_Data_U16
                0x0000000000000c30       0x24 /Users/selement/Documents/LPCXpresso_8.2.2/workspace/TP1_ghostbuster_etu/Debug/libMyLab_lib.a(lcd.o)
                0x0000000000000c30                Write_Data_U16
 .text.Delay    0x0000000000000c54       0x30 /Users/selement/Documents/LPCXpresso_8.2.2/workspace/TP1_ghostbuster_etu/Debug/libMyLab_lib.a(lcd.o)
                0x0000000000000c54                Delay
 .text.ILI9341_Initial
                0x0000000000000c84      0x21c /Users/selement/Documents/LPCXpresso_8.2.2/workspace/TP1_ghostbuster_etu/Debug/libMyLab_lib.a(lcd.o)
                0x0000000000000c84                ILI9341_Initial
 .text.init_lcd
                0x0000000000000ea0       0x54 /Users/selement/Documents/LPCXpresso_8.2.2/workspace/TP1_ghostbuster_etu/Debug/libMyLab_lib.a(lcd.o)
                0x0000000000000ea0                init_lcd
 .text.LCD_SetPos
                0x0000000000000ef4       0xb0 /Users/selement/Documents/LPCXpresso_8.2.2/workspace/TP1_ghostbuster_etu/Debug/libMyLab_lib.a(lcd.o)
                0x0000000000000ef4                LCD_SetPos
 .text.clear_screen
                0x0000000000000fa4       0x48 /Users/selement/Documents/LPCXpresso_8.2.2/workspace/TP1_ghostbuster_etu/Debug/libMyLab_lib.a(lcd.o)
                0x0000000000000fa4                clear_screen
 .text.lcd_set_fenetre_pixel
                0x0000000000000fec       0x24 /Users/selement/Documents/LPCXpresso_8.2.2/workspace/TP1_ghostbuster_etu/Debug/libMyLab_lib.a(lcd.o)
                0x0000000000000fec                lcd_set_fenetre_pixel
 .text.lcd_circle
                0x0000000000001010      0x1bc /Users/selement/Documents/LPCXpresso_8.2.2/workspace/TP1_ghostbuster_etu/Debug/libMyLab_lib.a(lcd.o)
                0x0000000000001010                lcd_circle
 .text.lcd_filled_rectangle
                0x00000000000011cc       0xa4 /Users/selement/Documents/LPCXpresso_8.2.2/workspace/TP1_ghostbuster_etu/Debug/libMyLab_lib.a(lcd.o)
                0x00000000000011cc                lcd_filled_rectangle
 .text.lcd_print_char
                0x0000000000001270      0x108 /Users/selement/Documents/LPCXpresso_8.2.2/workspace/TP1_ghostbuster_etu/Debug/libMyLab_lib.a(lcd.o)
                0x0000000000001270                lcd_print_char
 .text.lcd_print
                0x0000000000001378       0xf8 /Users/selement/Documents/LPCXpresso_8.2.2/workspace/TP1_ghostbuster_etu/Debug/libMyLab_lib.a(lcd.o)
                0x0000000000001378                lcd_print
 .text.read_bmp_file
                0x0000000000001470      0x1f0 /Users/selement/Documents/LPCXpresso_8.2.2/workspace/TP1_ghostbuster_etu/Debug/libMyLab_lib.a(lcd.o)
                0x0000000000001470                read_bmp_file
 .text.display_bitmap16
                0x0000000000001660       0x70 /Users/selement/Documents/LPCXpresso_8.2.2/workspace/TP1_ghostbuster_etu/Debug/libMyLab_lib.a(lcd.o)
                0x0000000000001660                display_bitmap16
 .text.ssp_init_custom
                0x00000000000016d0       0x84 /Users/selement/Documents/LPCXpresso_8.2.2/workspace/TP1_ghostbuster_etu/Debug/libMyLab_lib.a(ssp.o)
                0x00000000000016d0                ssp_init_custom
 .text.ssp_send_buf
                0x0000000000001754       0x48 /Users/selement/Documents/LPCXpresso_8.2.2/workspace/TP1_ghostbuster_etu/Debug/libMyLab_lib.a(ssp.o)
                0x0000000000001754                ssp_send_buf
 .text.NVIC_EnableIRQ
                0x000000000000179c       0x30 /Users/selement/Documents/LPCXpresso_8.2.2/workspace/TP1_ghostbuster_etu/Debug/libMyLab_lib.a(traces.o)
 .text.NVIC_SetPendingIRQ
                0x00000000000017cc       0x34 /Users/selement/Documents/LPCXpresso_8.2.2/workspace/TP1_ghostbuster_etu/Debug/libMyLab_lib.a(traces.o)
 .text.start_timer
                0x0000000000001800       0xa0 /Users/selement/Documents/LPCXpresso_8.2.2/workspace/TP1_ghostbuster_etu/Debug/libMyLab_lib.a(traces.o)
                0x0000000000001800                start_timer
 .text.write_trace_ref
                0x00000000000018a0      0x134 /Users/selement/Documents/LPCXpresso_8.2.2/workspace/TP1_ghostbuster_etu/Debug/libMyLab_lib.a(traces.o)
                0x00000000000018a0                write_trace_ref
 .text.UART0_IRQHandler
                0x00000000000019d4       0x7c /Users/selement/Documents/LPCXpresso_8.2.2/workspace/TP1_ghostbuster_etu/Debug/libMyLab_lib.a(traces.o)
                0x00000000000019d4                UART0_IRQHandler
 .text.init_traces
                0x0000000000001a50       0x44 /Users/selement/Documents/LPCXpresso_8.2.2/workspace/TP1_ghostbuster_etu/Debug/libMyLab_lib.a(traces.o)
                0x0000000000001a50                init_traces
 .text.uart0_init
                0x0000000000001a94       0xac /Users/selement/Documents/LPCXpresso_8.2.2/workspace/TP1_ghostbuster_etu/Debug/libMyLab_lib.a(uart.o)
                0x0000000000001a94                uart0_init
 .text.SystemInit
                0x0000000000001b40       0xe4 /Users/selement/Documents/LPCXpresso_8.2.2/workspace/CMSISv2p00_LPC17xx/Debug/libCMSISv2p00_LPC17xx.a(system_LPC17xx.o)
                0x0000000000001b40                SystemInit
 .text.__main   0x0000000000001c24       0x14 /Applications/lpcxpresso_8.2.2_650/lpcxpresso/tools/bin/../lib/gcc/arm-none-eabi/5.4.1/../../../../arm-none-eabi/lib/armv7-m/libcr_semihost.a(_cr__main.o)
                0x0000000000001c24                __main
                0x0000000000001c24                __CR_SEMIHOST
 .text.memcpy   0x0000000000001c38        0x4 /Applications/lpcxpresso_8.2.2_650/lpcxpresso/tools/bin/../lib/gcc/arm-none-eabi/5.4.1/../../../../arm-none-eabi/lib/armv7-m/libcr_c.a(memcpy.o)
                0x0000000000001c38                memcpy
 .text.memset   0x0000000000001c3c        0x4 /Applications/lpcxpresso_8.2.2_650/lpcxpresso/tools/bin/../lib/gcc/arm-none-eabi/5.4.1/../../../../arm-none-eabi/lib/armv7-m/libcr_c.a(memset.o)
                0x0000000000001c3c                memset
 .text.malloc   0x0000000000001c40       0xc8 /Applications/lpcxpresso_8.2.2_650/lpcxpresso/tools/bin/../lib/gcc/arm-none-eabi/5.4.1/../../../../arm-none-eabi/lib/armv7-m/libcr_c.a(alloc.o)
                0x0000000000001c40                malloc
 .text.free     0x0000000000001d08       0x30 /Applications/lpcxpresso_8.2.2_650/lpcxpresso/tools/bin/../lib/gcc/arm-none-eabi/5.4.1/../../../../arm-none-eabi/lib/armv7-m/libcr_c.a(alloc.o)
                0x0000000000001d08                free
 .text._Csys_alloc
                0x0000000000001d38       0x20 /Applications/lpcxpresso_8.2.2_650/lpcxpresso/tools/bin/../lib/gcc/arm-none-eabi/5.4.1/../../../../arm-none-eabi/lib/armv7-m/libcr_c.a(alloc.o)
                0x0000000000001d38                _Csys_alloc
 .text.fclose   0x0000000000001d58       0x6c /Applications/lpcxpresso_8.2.2_650/lpcxpresso/tools/bin/../lib/gcc/arm-none-eabi/5.4.1/../../../../arm-none-eabi/lib/armv7-m/libcr_c.a(fclose.o)
                0x0000000000001d58                fclose
 .text.fflush   0x0000000000001dc4       0x30 /Applications/lpcxpresso_8.2.2_650/lpcxpresso/tools/bin/../lib/gcc/arm-none-eabi/5.4.1/../../../../arm-none-eabi/lib/armv7-m/libcr_c.a(fflush.o)
                0x0000000000001dc4                fflush
 .text.fopen    0x0000000000001df4       0x28 /Applications/lpcxpresso_8.2.2_650/lpcxpresso/tools/bin/../lib/gcc/arm-none-eabi/5.4.1/../../../../arm-none-eabi/lib/armv7-m/libcr_c.a(fopen.o)
                0x0000000000001df4                fopen
 .text.fp_round
                0x0000000000001e1c       0x4c /Applications/lpcxpresso_8.2.2_650/lpcxpresso/tools/bin/../lib/gcc/arm-none-eabi/5.4.1/../../../../arm-none-eabi/lib/armv7-m/libcr_c.a(fpprintf.o)
 .text.pr_dec.constprop.1
                0x0000000000001e68       0x26 /Applications/lpcxpresso_8.2.2_650/lpcxpresso/tools/bin/../lib/gcc/arm-none-eabi/5.4.1/../../../../arm-none-eabi/lib/armv7-m/libcr_c.a(fpprintf.o)
 *fill*         0x0000000000001e8e        0x2 ff
 .text.sprintf  0x0000000000001e90       0x6c /Applications/lpcxpresso_8.2.2_650/lpcxpresso/tools/bin/../lib/gcc/arm-none-eabi/5.4.1/../../../../arm-none-eabi/lib/armv7-m/libcr_c.a(fpprintf.o)
                0x0000000000001e90                sprintf
 *fill*         0x0000000000001efc        0x4 ff
 .text.fp_display
                0x0000000000001f00      0x8ec /Applications/lpcxpresso_8.2.2_650/lpcxpresso/tools/bin/../lib/gcc/arm-none-eabi/5.4.1/../../../../arm-none-eabi/lib/armv7-m/libcr_c.a(fpprintf.o)
 .text.vsprintf
                0x00000000000027ec       0x5c /Applications/lpcxpresso_8.2.2_650/lpcxpresso/tools/bin/../lib/gcc/arm-none-eabi/5.4.1/../../../../arm-none-eabi/lib/armv7-m/libcr_c.a(fpprintf.o)
                0x00000000000027ec                vsprintf
 .text.vsnprintf
                0x0000000000002848       0x5c /Applications/lpcxpresso_8.2.2_650/lpcxpresso/tools/bin/../lib/gcc/arm-none-eabi/5.4.1/../../../../arm-none-eabi/lib/armv7-m/libcr_c.a(fpprintf.o)
                0x0000000000002848                vsnprintf
 .text.printf   0x00000000000028a4       0x54 /Applications/lpcxpresso_8.2.2_650/lpcxpresso/tools/bin/../lib/gcc/arm-none-eabi/5.4.1/../../../../arm-none-eabi/lib/armv7-m/libcr_c.a(fpprintf.o)
                0x00000000000028a4                printf
 .text.fread    0x00000000000028f8       0x1a /Applications/lpcxpresso_8.2.2_650/lpcxpresso/tools/bin/../lib/gcc/arm-none-eabi/5.4.1/../../../../arm-none-eabi/lib/armv7-m/libcr_c.a(fread.o)
                0x00000000000028f8                fread
 .text.freopen  0x0000000000002912       0x88 /Applications/lpcxpresso_8.2.2_650/lpcxpresso/tools/bin/../lib/gcc/arm-none-eabi/5.4.1/../../../../arm-none-eabi/lib/armv7-m/libcr_c.a(freopen.o)
                0x0000000000002912                freopen
 *fill*         0x000000000000299a        0x2 ff
 .text.fseek    0x000000000000299c      0x110 /Applications/lpcxpresso_8.2.2_650/lpcxpresso/tools/bin/../lib/gcc/arm-none-eabi/5.4.1/../../../../arm-none-eabi/lib/armv7-m/libcr_c.a(fseek.o)
                0x000000000000299c                fseek
 .text.ftell    0x0000000000002aac       0x4c /Applications/lpcxpresso_8.2.2_650/lpcxpresso/tools/bin/../lib/gcc/arm-none-eabi/5.4.1/../../../../arm-none-eabi/lib/armv7-m/libcr_c.a(ftell.o)
                0x0000000000002aac                ftell
 .text._initio  0x0000000000002af8       0xa4 /Applications/lpcxpresso_8.2.2_650/lpcxpresso/tools/bin/../lib/gcc/arm-none-eabi/5.4.1/../../../../arm-none-eabi/lib/armv7-m/libcr_c.a(initio.o)
                0x0000000000002af8                _initio
 .text._terminateio
                0x0000000000002b9c       0x44 /Applications/lpcxpresso_8.2.2_650/lpcxpresso/tools/bin/../lib/gcc/arm-none-eabi/5.4.1/../../../../arm-none-eabi/lib/armv7-m/libcr_c.a(initio.o)
                0x0000000000002b9c                _terminateio
 .text.__vfprintf
                0x0000000000002be0      0xd28 /Applications/lpcxpresso_8.2.2_650/lpcxpresso/tools/bin/../lib/gcc/arm-none-eabi/5.4.1/../../../../arm-none-eabi/lib/armv7-m/libcr_c.a(printf.o)
                0x0000000000002be0                __vfprintf
 .text.remove   0x0000000000003908       0x14 /Applications/lpcxpresso_8.2.2_650/lpcxpresso/tools/bin/../lib/gcc/arm-none-eabi/5.4.1/../../../../arm-none-eabi/lib/armv7-m/libcr_c.a(remove.o)
                0x0000000000003908                remove
 .text.setvbuf  0x000000000000391c       0x40 /Applications/lpcxpresso_8.2.2_650/lpcxpresso/tools/bin/../lib/gcc/arm-none-eabi/5.4.1/../../../../arm-none-eabi/lib/armv7-m/libcr_c.a(setvbuf.o)
                0x000000000000391c                setvbuf
 .text.exit     0x000000000000395c       0x2c /Applications/lpcxpresso_8.2.2_650/lpcxpresso/tools/bin/../lib/gcc/arm-none-eabi/5.4.1/../../../../arm-none-eabi/lib/armv7-m/libcr_c.a(stdlib.o)
                0x000000000000395c                exit
 .text.strlen   0x0000000000003988       0x4a /Applications/lpcxpresso_8.2.2_650/lpcxpresso/tools/bin/../lib/gcc/arm-none-eabi/5.4.1/../../../../arm-none-eabi/lib/armv7-m/libcr_c.a(strlen.o)
                0x0000000000003988                strlen
 .text._Csys_read_
                0x00000000000039d2       0x22 /Applications/lpcxpresso_8.2.2_650/lpcxpresso/tools/bin/../lib/gcc/arm-none-eabi/5.4.1/../../../../arm-none-eabi/lib/armv7-m/libcr_c.a(__fillbuf.o)
                0x00000000000039d2                _Csys_read_
 .text.__filbuf
                0x00000000000039f4      0x178 /Applications/lpcxpresso_8.2.2_650/lpcxpresso/tools/bin/../lib/gcc/arm-none-eabi/5.4.1/../../../../arm-none-eabi/lib/armv7-m/libcr_c.a(__fillbuf.o)
                0x00000000000039f4                __filbuf
 .text._fillb2  0x0000000000003b6c       0x1c /Applications/lpcxpresso_8.2.2_650/lpcxpresso/tools/bin/../lib/gcc/arm-none-eabi/5.4.1/../../../../arm-none-eabi/lib/armv7-m/libcr_c.a(__fillbuf.o)
                0x0000000000003b6c                _fillb2
 .text._sbrk    0x0000000000003b88       0x40 /Applications/lpcxpresso_8.2.2_650/lpcxpresso/tools/bin/../lib/gcc/arm-none-eabi/5.4.1/../../../../arm-none-eabi/lib/armv7-m/libcr_c.a(_cr_sbrk.o)
                0x0000000000003b88                _sbrk
 .text._deferredlazyseek
                0x0000000000003bc8       0x44 /Applications/lpcxpresso_8.2.2_650/lpcxpresso/tools/bin/../lib/gcc/arm-none-eabi/5.4.1/../../../../arm-none-eabi/lib/armv7-m/libcr_c.a(_deferredlazyseek.o)
                0x0000000000003bc8                _deferredlazyseek
 .text.__flsbuf
                0x0000000000003c0c      0x140 /Applications/lpcxpresso_8.2.2_650/lpcxpresso/tools/bin/../lib/gcc/arm-none-eabi/5.4.1/../../../../arm-none-eabi/lib/armv7-m/libcr_c.a(_deferredlazyseek.o)
                0x0000000000003c0c                __flsbuf
 .text._do_fflush
                0x0000000000003d4c       0x44 /Applications/lpcxpresso_8.2.2_650/lpcxpresso/tools/bin/../lib/gcc/arm-none-eabi/5.4.1/../../../../arm-none-eabi/lib/armv7-m/libcr_c.a(_do_fflush.o)
                0x0000000000003d4c                _do_fflush
 .text._fdopen  0x0000000000003d90       0x6a /Applications/lpcxpresso_8.2.2_650/lpcxpresso/tools/bin/../lib/gcc/arm-none-eabi/5.4.1/../../../../arm-none-eabi/lib/armv7-m/libcr_c.a(_fdopen.o)
                0x0000000000003d90                _fdopen
 .text._fflush  0x0000000000003dfa       0x58 /Applications/lpcxpresso_8.2.2_650/lpcxpresso/tools/bin/../lib/gcc/arm-none-eabi/5.4.1/../../../../arm-none-eabi/lib/armv7-m/libcr_c.a(_fflush.o)
                0x0000000000003dfa                _fflush
 .text._frexpl  0x0000000000003e52       0x5a /Applications/lpcxpresso_8.2.2_650/lpcxpresso/tools/bin/../lib/gcc/arm-none-eabi/5.4.1/../../../../arm-none-eabi/lib/armv7-m/libcr_c.a(_frexpl.o)
                0x0000000000003e52                _frexpl
 .text._ldexpl  0x0000000000003eac       0x4c /Applications/lpcxpresso_8.2.2_650/lpcxpresso/tools/bin/../lib/gcc/arm-none-eabi/5.4.1/../../../../arm-none-eabi/lib/armv7-m/libcr_c.a(_ldexpl.o)
                0x0000000000003eac                _ldexpl
 .text._Cread   0x0000000000003ef8       0x8c /Applications/lpcxpresso_8.2.2_650/lpcxpresso/tools/bin/../lib/gcc/arm-none-eabi/5.4.1/../../../../arm-none-eabi/lib/armv7-m/libcr_c.a(_read.o)
                0x0000000000003ef8                _Cread
 .text._Cwritebuf
                0x0000000000003f84       0x68 /Applications/lpcxpresso_8.2.2_650/lpcxpresso/tools/bin/../lib/gcc/arm-none-eabi/5.4.1/../../../../arm-none-eabi/lib/armv7-m/libcr_c.a(_writebuf.o)
                0x0000000000003f84                _Cwritebuf
 .text.__check_heap_overflow
                0x0000000000003fec       0x18 /Applications/lpcxpresso_8.2.2_650/lpcxpresso/tools/bin/../lib/gcc/arm-none-eabi/5.4.1/../../../../arm-none-eabi/lib/armv7-m/libcr_c.a(_cr_check_heap.o)
                0x0000000000003fec                __check_heap_overflow
 .text.__aeabi_dmul
                0x0000000000004004      0x110 /Applications/lpcxpresso_8.2.2_650/lpcxpresso/tools/bin/../lib/gcc/arm-none-eabi/5.4.1/armv7-m/libcr_eabihelpers.a(double.o)
                0x0000000000004004                __aeabi_dmul
 .text.__aeabi_ddiv
                0x0000000000004114      0x138 /Applications/lpcxpresso_8.2.2_650/lpcxpresso/tools/bin/../lib/gcc/arm-none-eabi/5.4.1/armv7-m/libcr_eabihelpers.a(double.o)
                0x0000000000004114                __aeabi_ddiv
 .text.__aeabi_dsub
                0x000000000000424c      0x1a0 /Applications/lpcxpresso_8.2.2_650/lpcxpresso/tools/bin/../lib/gcc/arm-none-eabi/5.4.1/armv7-m/libcr_eabihelpers.a(double.o)
                0x000000000000424c                __aeabi_dsub
 .text.__aeabi_dadd
                0x00000000000043ec      0x10c /Applications/lpcxpresso_8.2.2_650/lpcxpresso/tools/bin/../lib/gcc/arm-none-eabi/5.4.1/armv7-m/libcr_eabihelpers.a(double.o)
                0x00000000000043ec                __aeabi_dadd
 .text.__aeabi_d2iz
                0x00000000000044f8       0x40 /Applications/lpcxpresso_8.2.2_650/lpcxpresso/tools/bin/../lib/gcc/arm-none-eabi/5.4.1/armv7-m/libcr_eabihelpers.a(double.o)
                0x00000000000044f8                __aeabi_d2iz
 .text.__bhs_ui2d
                0x0000000000004538       0x46 /Applications/lpcxpresso_8.2.2_650/lpcxpresso/tools/bin/../lib/gcc/arm-none-eabi/5.4.1/armv7-m/libcr_eabihelpers.a(double.o)
                0x0000000000004538                __bhs_ui2d
 .text.__aeabi_i2d
                0x000000000000457e       0x10 /Applications/lpcxpresso_8.2.2_650/lpcxpresso/tools/bin/../lib/gcc/arm-none-eabi/5.4.1/armv7-m/libcr_eabihelpers.a(double.o)
                0x000000000000457e                __aeabi_i2d
 .text.__aeabi_dcmpeq
                0x000000000000458e       0x2c /Applications/lpcxpresso_8.2.2_650/lpcxpresso/tools/bin/../lib/gcc/arm-none-eabi/5.4.1/armv7-m/libcr_eabihelpers.a(double.o)
                0x000000000000458e                __aeabi_dcmpeq
 .text.__aeabi_dcmplt
                0x00000000000045ba       0x54 /Applications/lpcxpresso_8.2.2_650/lpcxpresso/tools/bin/../lib/gcc/arm-none-eabi/5.4.1/armv7-m/libcr_eabihelpers.a(double.o)
                0x00000000000045ba                __aeabi_dcmplt
 .text.__aeabi_dcmple
                0x000000000000460e       0x54 /Applications/lpcxpresso_8.2.2_650/lpcxpresso/tools/bin/../lib/gcc/arm-none-eabi/5.4.1/armv7-m/libcr_eabihelpers.a(double.o)
                0x000000000000460e                __aeabi_dcmple
 .text.__aeabi_dcmpge
                0x0000000000004662       0x54 /Applications/lpcxpresso_8.2.2_650/lpcxpresso/tools/bin/../lib/gcc/arm-none-eabi/5.4.1/armv7-m/libcr_eabihelpers.a(double.o)
                0x0000000000004662                __aeabi_dcmpge
 .text.__aeabi_memcpy
                0x00000000000046b6       0x34 /Applications/lpcxpresso_8.2.2_650/lpcxpresso/tools/bin/../lib/gcc/arm-none-eabi/5.4.1/armv7-m/libcr_eabihelpers.a(memcpy.o)
                0x00000000000046b6                __aeabi_memcpy
                0x00000000000046c0                __aeabi_memcpy4
                0x00000000000046c0                __aeabi_memcpy8
 .text.__aeabi_memset_lowlevel
                0x00000000000046ea       0x32 /Applications/lpcxpresso_8.2.2_650/lpcxpresso/tools/bin/../lib/gcc/arm-none-eabi/5.4.1/armv7-m/libcr_eabihelpers.a(memcpy.o)
                0x00000000000046ea                __aeabi_lowlevel_memset
 .text.__sys_appexit
                0x000000000000471c        0xc /Applications/lpcxpresso_8.2.2_650/lpcxpresso/tools/bin/../lib/gcc/arm-none-eabi/5.4.1/../../../../arm-none-eabi/lib/armv7-m/libcr_semihost.a(__sys_appexit.o)
                0x000000000000471c                __exit
                0x000000000000471c                __sys_appexit
 .text.__sys_close
                0x0000000000004728        0xc /Applications/lpcxpresso_8.2.2_650/lpcxpresso/tools/bin/../lib/gcc/arm-none-eabi/5.4.1/../../../../arm-none-eabi/lib/armv7-m/libcr_semihost.a(__sys_close.o)
                0x0000000000004728                __sys_close
 .text.__sys_flen
                0x0000000000004734        0xc /Applications/lpcxpresso_8.2.2_650/lpcxpresso/tools/bin/../lib/gcc/arm-none-eabi/5.4.1/../../../../arm-none-eabi/lib/armv7-m/libcr_semihost.a(__sys_flen.o)
                0x0000000000004734                __sys_flen
 .text.__sys_istty
                0x0000000000004740        0xc /Applications/lpcxpresso_8.2.2_650/lpcxpresso/tools/bin/../lib/gcc/arm-none-eabi/5.4.1/../../../../arm-none-eabi/lib/armv7-m/libcr_semihost.a(__sys_istty.o)
                0x0000000000004740                __sys_istty
 .text.__sys_open
                0x000000000000474c        0xc /Applications/lpcxpresso_8.2.2_650/lpcxpresso/tools/bin/../lib/gcc/arm-none-eabi/5.4.1/../../../../arm-none-eabi/lib/armv7-m/libcr_semihost.a(__sys_open.o)
                0x000000000000474c                __sys_open
 .text.__sys_read
                0x0000000000004758        0xc /Applications/lpcxpresso_8.2.2_650/lpcxpresso/tools/bin/../lib/gcc/arm-none-eabi/5.4.1/../../../../arm-none-eabi/lib/armv7-m/libcr_semihost.a(__sys_read.o)
                0x0000000000004758                __sys_read
 .text.__sys_readc
                0x0000000000004764        0x8 /Applications/lpcxpresso_8.2.2_650/lpcxpresso/tools/bin/../lib/gcc/arm-none-eabi/5.4.1/../../../../arm-none-eabi/lib/armv7-m/libcr_semihost.a(__sys_readc.o)
                0x0000000000004764                __readc
                0x0000000000004764                __sys_readc
 .text.__sys_remove
                0x000000000000476c        0xc /Applications/lpcxpresso_8.2.2_650/lpcxpresso/tools/bin/../lib/gcc/arm-none-eabi/5.4.1/../../../../arm-none-eabi/lib/armv7-m/libcr_semihost.a(__sys_remove.o)
                0x000000000000476c                __sys_remove
 .text.__sys_seek
                0x0000000000004778        0xc /Applications/lpcxpresso_8.2.2_650/lpcxpresso/tools/bin/../lib/gcc/arm-none-eabi/5.4.1/../../../../arm-none-eabi/lib/armv7-m/libcr_semihost.a(__sys_seek.o)
                0x0000000000004778                __sys_seek
 .text.__sys_tmpnam
                0x0000000000004784        0xc /Applications/lpcxpresso_8.2.2_650/lpcxpresso/tools/bin/../lib/gcc/arm-none-eabi/5.4.1/../../../../arm-none-eabi/lib/armv7-m/libcr_semihost.a(__sys_tmpnam.o)
                0x0000000000004784                __sys_tmpnam
 .text.__sys_write
                0x0000000000004790        0xc /Applications/lpcxpresso_8.2.2_650/lpcxpresso/tools/bin/../lib/gcc/arm-none-eabi/5.4.1/../../../../arm-none-eabi/lib/armv7-m/libcr_semihost.a(__sys_write.o)
                0x0000000000004790                __write
                0x0000000000004790                __sys_write
 *(.rodata .rodata.* .constdata .constdata.*)
 .rodata        0x000000000000479c       0x26 ./src/tp1_ghostbuster.o
 *fill*         0x00000000000047c2        0x2 ff
 .rodata        0x00000000000047c4      0x18b /Users/selement/Documents/LPCXpresso_8.2.2/workspace/TP1_ghostbuster_etu/Debug/libMyLab_lib.a(lcd.o)
 *fill*         0x000000000000494f        0x1 ff
 .rodata        0x0000000000004950       0xcc /Users/selement/Documents/LPCXpresso_8.2.2/workspace/TP1_ghostbuster_etu/Debug/libMyLab_lib.a(traces.o)
 .rodata.SmallFont
                0x0000000000004a1c      0x478 /Users/selement/Documents/LPCXpresso_8.2.2/workspace/TP1_ghostbuster_etu/Debug/libMyLab_lib.a(fonts.o)
                0x0000000000004a1c                SmallFont
 .rodata.BigFont
                0x0000000000004e94      0xbe4 /Users/selement/Documents/LPCXpresso_8.2.2/workspace/TP1_ghostbuster_etu/Debug/libMyLab_lib.a(fonts.o)
                0x0000000000004e94                BigFont
 .rodata.str1.1
                0x0000000000005a78       0x18 /Applications/lpcxpresso_8.2.2_650/lpcxpresso/tools/bin/../lib/gcc/arm-none-eabi/5.4.1/../../../../arm-none-eabi/lib/armv7-m/libcr_c.a(alloc.o)
 .rodata.str1.1
                0x0000000000005a90       0x34 /Applications/lpcxpresso_8.2.2_650/lpcxpresso/tools/bin/../lib/gcc/arm-none-eabi/5.4.1/../../../../arm-none-eabi/lib/armv7-m/libcr_c.a(fpprintf.o)
                                         0x35 (size before relaxing)
 .rodata.str1.1
                0x0000000000005ac4        0x4 /Applications/lpcxpresso_8.2.2_650/lpcxpresso/tools/bin/../lib/gcc/arm-none-eabi/5.4.1/../../../../arm-none-eabi/lib/armv7-m/libcr_c.a(initio.o)
 .rodata.str1.1
                0x0000000000005ac8       0x31 /Applications/lpcxpresso_8.2.2_650/lpcxpresso/tools/bin/../lib/gcc/arm-none-eabi/5.4.1/../../../../arm-none-eabi/lib/armv7-m/libcr_c.a(printf.o)
                                         0x38 (size before relaxing)
 *fill*         0x0000000000005af9        0x7 ff
 .rodata.__huge_vall
                0x0000000000005b00        0x8 /Applications/lpcxpresso_8.2.2_650/lpcxpresso/tools/bin/../lib/gcc/arm-none-eabi/5.4.1/../../../../arm-none-eabi/lib/armv7-m/libcr_c.a(_hugeval.o)
                0x0000000000005b00                __huge_vall
                0x0000000000005b08                . = ALIGN (0x4)

.glue_7         0x0000000000005b08        0x0
 .glue_7        0x0000000000005b08        0x0 linker stubs

.glue_7t        0x0000000000005b08        0x0
 .glue_7t       0x0000000000005b08        0x0 linker stubs

.vfp11_veneer   0x0000000000005b08        0x0
 .vfp11_veneer  0x0000000000005b08        0x0 linker stubs

.v4_bx          0x0000000000005b08        0x0
 .v4_bx         0x0000000000005b08        0x0 linker stubs

.iplt           0x0000000000005b08        0x0
 .iplt          0x0000000000005b08        0x0 ./src/cr_startup_lpc17.o

.rel.dyn        0x0000000000005b08        0x0
 .rel.iplt      0x0000000000005b08        0x0 ./src/cr_startup_lpc17.o

.ARM.extab
 *(.ARM.extab* .gnu.linkonce.armextab.*)
                0x0000000000005b08                __exidx_start = .

.ARM.exidx
 *(.ARM.exidx* .gnu.linkonce.armexidx.*)
                0x0000000000005b08                __exidx_end = .
                0x0000000000005b08                _etext = .

.data_RAM2      0x000000002007c000       0x18 load address 0x0000000000005b08
 FILL mask 0xff
                [!provide]                        PROVIDE (__start_data_RAM2, .)
 *(.ramfunc.$RAM2)
 *(.ramfunc.$RamAHB32)
 *(.data.$RAM2*)
 .data.$RAM2    0x000000002007c000       0x18 ./src/tp1_ghostbuster.o
                0x000000002007c000                ghost_im_left
                0x000000002007c008                ghost_im_right
                0x000000002007c010                ghost_im_center
 *(.data.$RamAHB32*)
                0x000000002007c018                . = ALIGN (0x4)
                [!provide]                        PROVIDE (__end_data_RAM2, .)

.uninit_RESERVED
                0x0000000010000000        0x0
 *(.bss.$RESERVED*)
                0x0000000010000000                . = ALIGN (0x4)
                0x0000000010000000                _end_uninit_RESERVED = .

.data           0x0000000010000000       0xec load address 0x0000000000005b20
 FILL mask 0xff
                0x0000000010000000                _data = .
 *(vtable)
 *(.ramfunc*)
 *(.data*)
 .data.lives    0x0000000010000000        0x4 ./src/tp1_ghostbuster.o
                0x0000000010000000                lives
 .data.previous_id_in
                0x0000000010000004        0x4 ./FreeRTOS_src/tasks.o
 .data.xNextTaskUnblockTime
                0x0000000010000008        0x4 ./FreeRTOS_src/tasks.o
 .data.olds     0x000000001000000c       0xdc /Users/selement/Documents/LPCXpresso_8.2.2/workspace/TP1_ghostbuster_etu/Debug/libMyLab_lib.a(custom_rand.o)
                0x000000001000000c                olds
 .data.SystemCoreClock
                0x00000000100000e8        0x4 /Users/selement/Documents/LPCXpresso_8.2.2/workspace/CMSISv2p00_LPC17xx/Debug/libCMSISv2p00_LPC17xx.a(system_LPC17xx.o)
                0x00000000100000e8                SystemCoreClock
                0x00000000100000ec                . = ALIGN (0x4)
                0x00000000100000ec                _edata = .

.igot.plt       0x00000000100000ec        0x0 load address 0x0000000000005c0c
 .igot.plt      0x00000000100000ec        0x0 ./src/cr_startup_lpc17.o

.bss_RAM2       0x000000002007c018        0x0
                [!provide]                        PROVIDE (__start_bss_RAM2, .)
 *(.bss.$RAM2*)
 *(.bss.$RamAHB32*)
                0x000000002007c018                . = ALIGN ((. != 0x0)?0x4:0x1)
                0x000000002007c018                PROVIDE (__end_bss_RAM2, .)

.bss            0x00000000100000ec      0xafc
                0x00000000100000ec                _bss = .
 *(.bss*)
 .bss.score     0x00000000100000ec        0x4 ./src/tp1_ghostbuster.o
                0x00000000100000ec                score
 .bss.pxCurrentTCB
                0x00000000100000f0        0x4 ./FreeRTOS_src/tasks.o
                0x00000000100000f0                pxCurrentTCB
 .bss.pxReadyTasksLists
                0x00000000100000f4       0x64 ./FreeRTOS_src/tasks.o
 .bss.pxDelayedTaskList
                0x0000000010000158        0x4 ./FreeRTOS_src/tasks.o
 .bss.pxOverflowDelayedTaskList
                0x000000001000015c        0x4 ./FreeRTOS_src/tasks.o
 .bss.xTickCount
                0x0000000010000160        0x4 ./FreeRTOS_src/tasks.o
 .bss.uxTopReadyPriority
                0x0000000010000164        0x4 ./FreeRTOS_src/tasks.o
 .bss.uxSchedulerSuspended
                0x0000000010000168        0x4 ./FreeRTOS_src/tasks.o
 .bss.uxMissedTicks
                0x000000001000016c        0x4 ./FreeRTOS_src/tasks.o
 .bss.xMissedYield
                0x0000000010000170        0x4 ./FreeRTOS_src/tasks.o
 .bss.xNumOfOverflows
                0x0000000010000174        0x4 ./FreeRTOS_src/tasks.o
 .bss.uxTaskNumber
                0x0000000010000178        0x4 ./FreeRTOS_src/tasks.o
 .bss.write_idx
                0x000000001000017c        0x4 /Users/selement/Documents/LPCXpresso_8.2.2/workspace/TP1_ghostbuster_etu/Debug/libMyLab_lib.a(traces.o)
                0x000000001000017c                write_idx
 .bss.read_idx  0x0000000010000180        0x4 /Users/selement/Documents/LPCXpresso_8.2.2/workspace/TP1_ghostbuster_etu/Debug/libMyLab_lib.a(traces.o)
                0x0000000010000180                read_idx
 .bss.int_enabled
                0x0000000010000184        0x1 /Users/selement/Documents/LPCXpresso_8.2.2/workspace/TP1_ghostbuster_etu/Debug/libMyLab_lib.a(traces.o)
 .bss.trace_init_done
                0x0000000010000185        0x1 /Users/selement/Documents/LPCXpresso_8.2.2/workspace/TP1_ghostbuster_etu/Debug/libMyLab_lib.a(traces.o)
 *fill*         0x0000000010000186        0x2 
 .bss._extra    0x0000000010000188        0x4 /Applications/lpcxpresso_8.2.2_650/lpcxpresso/tools/bin/../lib/gcc/arm-none-eabi/5.4.1/../../../../arm-none-eabi/lib/armv7-m/libcr_c.a(initio.o)
                0x0000000010000188                _extra
 .bss.__Ciob    0x000000001000018c      0x140 /Applications/lpcxpresso_8.2.2_650/lpcxpresso/tools/bin/../lib/gcc/arm-none-eabi/5.4.1/../../../../arm-none-eabi/lib/armv7-m/libcr_c.a(stdio.o)
                0x000000001000018c                __Ciob
 .bss._exitvector
                0x00000000100002cc       0x84 /Applications/lpcxpresso_8.2.2_650/lpcxpresso/tools/bin/../lib/gcc/arm-none-eabi/5.4.1/../../../../arm-none-eabi/lib/armv7-m/libcr_c.a(stdlib.o)
                0x00000000100002cc                _exitvector
 .bss._number_of_exit_functions
                0x0000000010000350        0x4 /Applications/lpcxpresso_8.2.2_650/lpcxpresso/tools/bin/../lib/gcc/arm-none-eabi/5.4.1/../../../../arm-none-eabi/lib/armv7-m/libcr_c.a(stdlib.o)
                0x0000000010000350                _number_of_exit_functions
 .bss.__heaps   0x0000000010000354        0x4 /Applications/lpcxpresso_8.2.2_650/lpcxpresso/tools/bin/../lib/gcc/arm-none-eabi/5.4.1/../../../../arm-none-eabi/lib/armv7-m/libcr_c.a(__init_alloc.o)
                0x0000000010000354                __heaps
 .bss.__end_of_heap
                0x0000000010000358        0x4 /Applications/lpcxpresso_8.2.2_650/lpcxpresso/tools/bin/../lib/gcc/arm-none-eabi/5.4.1/../../../../arm-none-eabi/lib/armv7-m/libcr_c.a(__init_alloc.o)
                0x0000000010000358                __end_of_heap
 .bss.errno     0x000000001000035c        0x4 /Applications/lpcxpresso_8.2.2_650/lpcxpresso/tools/bin/../lib/gcc/arm-none-eabi/5.4.1/../../../../arm-none-eabi/lib/armv7-m/libcr_c.a(errno.o)
                0x000000001000035c                errno
 *(COMMON)
 COMMON         0x0000000010000360       0x7c ./src/tp1_ghostbuster.o
                0x0000000010000360                ghost_width
                0x0000000010000362                ghost_height
                0x0000000010000364                object
 COMMON         0x00000000100003dc        0x8 /Users/selement/Documents/LPCXpresso_8.2.2/workspace/TP1_ghostbuster_etu/Debug/libMyLab_lib.a(custom_rand.o)
                0x00000000100003dc                _j
                0x00000000100003e0                _k
 COMMON         0x00000000100003e4      0x804 /Users/selement/Documents/LPCXpresso_8.2.2/workspace/TP1_ghostbuster_etu/Debug/libMyLab_lib.a(traces.o)
                0x00000000100003e4                timer_counter
                0x00000000100003e8                trace_buffer
                0x0000000010000be8                . = ALIGN (0x4)
                0x0000000010000be8                _ebss = .
                [!provide]                        PROVIDE (end, .)

.noinit_RAM2    0x000000002007c018        0x0
 *(.noinit.$RAM2*)
 *(.noinit.$RamAHB32*)
                0x000000002007c018                . = ALIGN (0x4)

.noinit         0x0000000010000be8        0x0
                0x0000000010000be8                _noinit = .
 *(.noinit*)
                0x0000000010000be8                . = ALIGN (0x4)
                0x0000000010000be8                _end_noinit = .
                0x0000000010000be8                PROVIDE (_pvHeapStart, DEFINED (__user_heap_base)?__user_heap_base:.)
                0x0000000010008000                PROVIDE (_vStackTop, DEFINED (__user_stack_top)?__user_stack_top:(__top_RamLoc32 - 0x0))
                [!provide]                        PROVIDE (__valid_user_code_checksum, (0x0 - ((((((_vStackTop + (ResetISR + 0x1)) + (NMI_Handler + 0x1)) + (HardFault_Handler + 0x1)) + (DEFINED (MemManage_Handler)?MemManage_Handler:0x0 + 0x1)) + (DEFINED (BusFault_Handler)?BusFault_Handler:0x0 + 0x1)) + (DEFINED (UsageFault_Handler)?UsageFault_Handler:0x0 + 0x1))))
OUTPUT(TP1_ghostbuster_etu.axf elf32-littlearm)

.debug_info     0x0000000000000000     0x41ef
 .debug_info    0x0000000000000000      0x259 ./src/cr_startup_lpc17.o
 .debug_info    0x0000000000000259      0x410 ./src/tp1_ghostbuster.o
 .debug_info    0x0000000000000669       0xd7 ./src/trace_mgt.o
 .debug_info    0x0000000000000740      0x264 ./FreeRTOS_src/list.o
 .debug_info    0x00000000000009a4      0xa47 ./FreeRTOS_src/tasks.o
 .debug_info    0x00000000000013eb      0x1c6 ./FreeRTOS_portable/port.o
 .debug_info    0x00000000000015b1      0x126 /Users/selement/Documents/LPCXpresso_8.2.2/workspace/TP1_ghostbuster_etu/Debug/libMyLab_lib.a(custom_rand.o)
 .debug_info    0x00000000000016d7     0x10ee /Users/selement/Documents/LPCXpresso_8.2.2/workspace/TP1_ghostbuster_etu/Debug/libMyLab_lib.a(lcd.o)
 .debug_info    0x00000000000027c5      0x5d3 /Users/selement/Documents/LPCXpresso_8.2.2/workspace/TP1_ghostbuster_etu/Debug/libMyLab_lib.a(ssp.o)
 .debug_info    0x0000000000002d98      0xa01 /Users/selement/Documents/LPCXpresso_8.2.2/workspace/TP1_ghostbuster_etu/Debug/libMyLab_lib.a(traces.o)
 .debug_info    0x0000000000003799      0x699 /Users/selement/Documents/LPCXpresso_8.2.2/workspace/TP1_ghostbuster_etu/Debug/libMyLab_lib.a(uart.o)
 .debug_info    0x0000000000003e32       0xa5 /Users/selement/Documents/LPCXpresso_8.2.2/workspace/TP1_ghostbuster_etu/Debug/libMyLab_lib.a(fonts.o)
 .debug_info    0x0000000000003ed7      0x318 /Users/selement/Documents/LPCXpresso_8.2.2/workspace/CMSISv2p00_LPC17xx/Debug/libCMSISv2p00_LPC17xx.a(system_LPC17xx.o)

.debug_abbrev   0x0000000000000000     0x103f
 .debug_abbrev  0x0000000000000000      0x100 ./src/cr_startup_lpc17.o
 .debug_abbrev  0x0000000000000100      0x194 ./src/tp1_ghostbuster.o
 .debug_abbrev  0x0000000000000294       0x8a ./src/trace_mgt.o
 .debug_abbrev  0x000000000000031e       0xbf ./FreeRTOS_src/list.o
 .debug_abbrev  0x00000000000003dd      0x1e8 ./FreeRTOS_src/tasks.o
 .debug_abbrev  0x00000000000005c5      0x11d ./FreeRTOS_portable/port.o
 .debug_abbrev  0x00000000000006e2       0xc2 /Users/selement/Documents/LPCXpresso_8.2.2/workspace/TP1_ghostbuster_etu/Debug/libMyLab_lib.a(custom_rand.o)
 .debug_abbrev  0x00000000000007a4      0x25b /Users/selement/Documents/LPCXpresso_8.2.2/workspace/TP1_ghostbuster_etu/Debug/libMyLab_lib.a(lcd.o)
 .debug_abbrev  0x00000000000009ff      0x163 /Users/selement/Documents/LPCXpresso_8.2.2/workspace/TP1_ghostbuster_etu/Debug/libMyLab_lib.a(ssp.o)
 .debug_abbrev  0x0000000000000b62      0x213 /Users/selement/Documents/LPCXpresso_8.2.2/workspace/TP1_ghostbuster_etu/Debug/libMyLab_lib.a(traces.o)
 .debug_abbrev  0x0000000000000d75      0x19c /Users/selement/Documents/LPCXpresso_8.2.2/workspace/TP1_ghostbuster_etu/Debug/libMyLab_lib.a(uart.o)
 .debug_abbrev  0x0000000000000f11       0x48 /Users/selement/Documents/LPCXpresso_8.2.2/workspace/TP1_ghostbuster_etu/Debug/libMyLab_lib.a(fonts.o)
 .debug_abbrev  0x0000000000000f59       0xe6 /Users/selement/Documents/LPCXpresso_8.2.2/workspace/CMSISv2p00_LPC17xx/Debug/libCMSISv2p00_LPC17xx.a(system_LPC17xx.o)

.debug_aranges  0x0000000000000000      0x480
 .debug_aranges
                0x0000000000000000       0x68 ./src/cr_startup_lpc17.o
 .debug_aranges
                0x0000000000000068       0x50 ./src/tp1_ghostbuster.o
 .debug_aranges
                0x00000000000000b8       0x20 ./src/trace_mgt.o
 .debug_aranges
                0x00000000000000d8       0x40 ./FreeRTOS_src/list.o
 .debug_aranges
                0x0000000000000118       0xe0 ./FreeRTOS_src/tasks.o
 .debug_aranges
                0x00000000000001f8       0x70 ./FreeRTOS_portable/port.o
 .debug_aranges
                0x0000000000000268       0x28 /Users/selement/Documents/LPCXpresso_8.2.2/workspace/TP1_ghostbuster_etu/Debug/libMyLab_lib.a(custom_rand.o)
 .debug_aranges
                0x0000000000000290       0xf8 /Users/selement/Documents/LPCXpresso_8.2.2/workspace/TP1_ghostbuster_etu/Debug/libMyLab_lib.a(lcd.o)
 .debug_aranges
                0x0000000000000388       0x38 /Users/selement/Documents/LPCXpresso_8.2.2/workspace/TP1_ghostbuster_etu/Debug/libMyLab_lib.a(ssp.o)
 .debug_aranges
                0x00000000000003c0       0x50 /Users/selement/Documents/LPCXpresso_8.2.2/workspace/TP1_ghostbuster_etu/Debug/libMyLab_lib.a(traces.o)
 .debug_aranges
                0x0000000000000410       0x30 /Users/selement/Documents/LPCXpresso_8.2.2/workspace/TP1_ghostbuster_etu/Debug/libMyLab_lib.a(uart.o)
 .debug_aranges
                0x0000000000000440       0x18 /Users/selement/Documents/LPCXpresso_8.2.2/workspace/TP1_ghostbuster_etu/Debug/libMyLab_lib.a(fonts.o)
 .debug_aranges
                0x0000000000000458       0x28 /Users/selement/Documents/LPCXpresso_8.2.2/workspace/CMSISv2p00_LPC17xx/Debug/libCMSISv2p00_LPC17xx.a(system_LPC17xx.o)

.debug_ranges   0x0000000000000000      0x3a8
 .debug_ranges  0x0000000000000000       0x58 ./src/cr_startup_lpc17.o
 .debug_ranges  0x0000000000000058       0x40 ./src/tp1_ghostbuster.o
 .debug_ranges  0x0000000000000098       0x10 ./src/trace_mgt.o
 .debug_ranges  0x00000000000000a8       0x30 ./FreeRTOS_src/list.o
 .debug_ranges  0x00000000000000d8       0xd0 ./FreeRTOS_src/tasks.o
 .debug_ranges  0x00000000000001a8       0x60 ./FreeRTOS_portable/port.o
 .debug_ranges  0x0000000000000208       0x18 /Users/selement/Documents/LPCXpresso_8.2.2/workspace/TP1_ghostbuster_etu/Debug/libMyLab_lib.a(custom_rand.o)
 .debug_ranges  0x0000000000000220       0xe8 /Users/selement/Documents/LPCXpresso_8.2.2/workspace/TP1_ghostbuster_etu/Debug/libMyLab_lib.a(lcd.o)
 .debug_ranges  0x0000000000000308       0x28 /Users/selement/Documents/LPCXpresso_8.2.2/workspace/TP1_ghostbuster_etu/Debug/libMyLab_lib.a(ssp.o)
 .debug_ranges  0x0000000000000330       0x40 /Users/selement/Documents/LPCXpresso_8.2.2/workspace/TP1_ghostbuster_etu/Debug/libMyLab_lib.a(traces.o)
 .debug_ranges  0x0000000000000370       0x20 /Users/selement/Documents/LPCXpresso_8.2.2/workspace/TP1_ghostbuster_etu/Debug/libMyLab_lib.a(uart.o)
 .debug_ranges  0x0000000000000390       0x18 /Users/selement/Documents/LPCXpresso_8.2.2/workspace/CMSISv2p00_LPC17xx/Debug/libCMSISv2p00_LPC17xx.a(system_LPC17xx.o)

.debug_macro    0x0000000000000000     0x4118
 .debug_macro   0x0000000000000000       0x52 ./src/cr_startup_lpc17.o
 .debug_macro   0x0000000000000052      0x892 ./src/cr_startup_lpc17.o
 .debug_macro   0x00000000000008e4       0x10 ./src/cr_startup_lpc17.o
 .debug_macro   0x00000000000008f4      0x12d ./src/cr_startup_lpc17.o
 .debug_macro   0x0000000000000a21      0x5b2 ./src/cr_startup_lpc17.o
 .debug_macro   0x0000000000000fd3      0x1b5 ./src/tp1_ghostbuster.o
 .debug_macro   0x0000000000001188       0xa0 ./src/tp1_ghostbuster.o
 .debug_macro   0x0000000000001228       0x22 ./src/tp1_ghostbuster.o
 .debug_macro   0x000000000000124a       0x82 ./src/tp1_ghostbuster.o
 .debug_macro   0x00000000000012cc       0x46 ./src/tp1_ghostbuster.o
 .debug_macro   0x0000000000001312      0x150 ./src/tp1_ghostbuster.o
 .debug_macro   0x0000000000001462       0xa3 ./src/tp1_ghostbuster.o
 .debug_macro   0x0000000000001505       0x12 ./src/tp1_ghostbuster.o
 .debug_macro   0x0000000000001517       0x1f ./src/tp1_ghostbuster.o
 .debug_macro   0x0000000000001536      0x177 ./src/tp1_ghostbuster.o
 .debug_macro   0x00000000000016ad       0x49 ./src/tp1_ghostbuster.o
 .debug_macro   0x00000000000016f6       0x57 ./src/tp1_ghostbuster.o
 .debug_macro   0x000000000000174d       0x6a ./src/tp1_ghostbuster.o
 .debug_macro   0x00000000000017b7       0x62 ./src/tp1_ghostbuster.o
 .debug_macro   0x0000000000001819       0x1c ./src/tp1_ghostbuster.o
 .debug_macro   0x0000000000001835       0x2e ./src/tp1_ghostbuster.o
 .debug_macro   0x0000000000001863       0x18 ./src/tp1_ghostbuster.o
 .debug_macro   0x000000000000187b      0x7af ./src/tp1_ghostbuster.o
 .debug_macro   0x000000000000202a      0x2c7 ./src/tp1_ghostbuster.o
 .debug_macro   0x00000000000022f1       0x1c ./src/tp1_ghostbuster.o
 .debug_macro   0x000000000000230d       0x28 ./src/tp1_ghostbuster.o
 .debug_macro   0x0000000000002335       0x1c ./src/tp1_ghostbuster.o
 .debug_macro   0x0000000000002351       0xc2 ./src/tp1_ghostbuster.o
 .debug_macro   0x0000000000002413       0x22 ./src/tp1_ghostbuster.o
 .debug_macro   0x0000000000002435      0x135 ./src/trace_mgt.o
 .debug_macro   0x000000000000256a       0x10 ./src/trace_mgt.o
 .debug_macro   0x000000000000257a      0x150 ./src/trace_mgt.o
 .debug_macro   0x00000000000026ca       0x16 ./src/trace_mgt.o
 .debug_macro   0x00000000000026e0       0x9d ./FreeRTOS_src/list.o
 .debug_macro   0x000000000000277d       0x28 ./FreeRTOS_src/list.o
 .debug_macro   0x00000000000027a5      0x130 ./FreeRTOS_src/tasks.o
 .debug_macro   0x00000000000028d5       0x61 ./FreeRTOS_src/tasks.o
 .debug_macro   0x0000000000002936       0x16 ./FreeRTOS_src/tasks.o
 .debug_macro   0x000000000000294c       0xda ./FreeRTOS_portable/port.o
 .debug_macro   0x0000000000002a26       0x46 /Users/selement/Documents/LPCXpresso_8.2.2/workspace/TP1_ghostbuster_etu/Debug/libMyLab_lib.a(custom_rand.o)
 .debug_macro   0x0000000000002a6c      0x886 /Users/selement/Documents/LPCXpresso_8.2.2/workspace/TP1_ghostbuster_etu/Debug/libMyLab_lib.a(custom_rand.o)
 .debug_macro   0x00000000000032f2       0xf8 /Users/selement/Documents/LPCXpresso_8.2.2/workspace/TP1_ghostbuster_etu/Debug/libMyLab_lib.a(lcd.o)
 .debug_macro   0x00000000000033ea       0x9a /Users/selement/Documents/LPCXpresso_8.2.2/workspace/TP1_ghostbuster_etu/Debug/libMyLab_lib.a(lcd.o)
 .debug_macro   0x0000000000003484       0xc4 /Users/selement/Documents/LPCXpresso_8.2.2/workspace/TP1_ghostbuster_etu/Debug/libMyLab_lib.a(lcd.o)
 .debug_macro   0x0000000000003548       0x90 /Users/selement/Documents/LPCXpresso_8.2.2/workspace/TP1_ghostbuster_etu/Debug/libMyLab_lib.a(ssp.o)
 .debug_macro   0x00000000000035d8       0x22 /Users/selement/Documents/LPCXpresso_8.2.2/workspace/TP1_ghostbuster_etu/Debug/libMyLab_lib.a(ssp.o)
 .debug_macro   0x00000000000035fa       0xcf /Users/selement/Documents/LPCXpresso_8.2.2/workspace/TP1_ghostbuster_etu/Debug/libMyLab_lib.a(traces.o)
 .debug_macro   0x00000000000036c9       0x84 /Users/selement/Documents/LPCXpresso_8.2.2/workspace/TP1_ghostbuster_etu/Debug/libMyLab_lib.a(uart.o)
 .debug_macro   0x000000000000374d       0x1a /Users/selement/Documents/LPCXpresso_8.2.2/workspace/TP1_ghostbuster_etu/Debug/libMyLab_lib.a(fonts.o)
 .debug_macro   0x0000000000003767      0x12b /Users/selement/Documents/LPCXpresso_8.2.2/workspace/CMSISv2p00_LPC17xx/Debug/libCMSISv2p00_LPC17xx.a(system_LPC17xx.o)
 .debug_macro   0x0000000000003892      0x886 /Users/selement/Documents/LPCXpresso_8.2.2/workspace/CMSISv2p00_LPC17xx/Debug/libCMSISv2p00_LPC17xx.a(system_LPC17xx.o)

.debug_line     0x0000000000000000     0x269f
 .debug_line    0x0000000000000000      0x1ea ./src/cr_startup_lpc17.o
 .debug_line    0x00000000000001ea      0x485 ./src/tp1_ghostbuster.o
 .debug_line    0x000000000000066f      0x29f ./src/trace_mgt.o
 .debug_line    0x000000000000090e      0x22c ./FreeRTOS_src/list.o
 .debug_line    0x0000000000000b3a      0x5be ./FreeRTOS_src/tasks.o
 .debug_line    0x00000000000010f8      0x276 ./FreeRTOS_portable/port.o
 .debug_line    0x000000000000136e      0x1a0 /Users/selement/Documents/LPCXpresso_8.2.2/workspace/TP1_ghostbuster_etu/Debug/libMyLab_lib.a(custom_rand.o)
 .debug_line    0x000000000000150e      0x77c /Users/selement/Documents/LPCXpresso_8.2.2/workspace/TP1_ghostbuster_etu/Debug/libMyLab_lib.a(lcd.o)
 .debug_line    0x0000000000001c8a      0x26e /Users/selement/Documents/LPCXpresso_8.2.2/workspace/TP1_ghostbuster_etu/Debug/libMyLab_lib.a(ssp.o)
 .debug_line    0x0000000000001ef8      0x311 /Users/selement/Documents/LPCXpresso_8.2.2/workspace/TP1_ghostbuster_etu/Debug/libMyLab_lib.a(traces.o)
 .debug_line    0x0000000000002209      0x230 /Users/selement/Documents/LPCXpresso_8.2.2/workspace/TP1_ghostbuster_etu/Debug/libMyLab_lib.a(uart.o)
 .debug_line    0x0000000000002439       0x85 /Users/selement/Documents/LPCXpresso_8.2.2/workspace/TP1_ghostbuster_etu/Debug/libMyLab_lib.a(fonts.o)
 .debug_line    0x00000000000024be      0x1e1 /Users/selement/Documents/LPCXpresso_8.2.2/workspace/CMSISv2p00_LPC17xx/Debug/libCMSISv2p00_LPC17xx.a(system_LPC17xx.o)

.debug_str      0x0000000000000000     0xe67a
 .debug_str     0x0000000000000000     0x3d87 ./src/cr_startup_lpc17.o
                                       0x3e06 (size before relaxing)
 .debug_str     0x0000000000003d87     0x77a2 ./src/tp1_ghostbuster.o
                                       0xb445 (size before relaxing)
 .debug_str     0x000000000000b529       0x7c ./src/trace_mgt.o
                                       0xa916 (size before relaxing)
 .debug_str     0x000000000000b5a5      0x142 ./FreeRTOS_src/list.o
                                       0x453a (size before relaxing)
 .debug_str     0x000000000000b6e7     0x10a0 ./FreeRTOS_src/tasks.o
                                       0x5ad1 (size before relaxing)
 .debug_str     0x000000000000c787      0x368 ./FreeRTOS_portable/port.o
                                       0x4a62 (size before relaxing)
 .debug_str     0x000000000000caef      0x6b7 /Users/selement/Documents/LPCXpresso_8.2.2/workspace/TP1_ghostbuster_etu/Debug/libMyLab_lib.a(custom_rand.o)
                                       0x3c63 (size before relaxing)
 .debug_str     0x000000000000d1a6      0x987 /Users/selement/Documents/LPCXpresso_8.2.2/workspace/TP1_ghostbuster_etu/Debug/libMyLab_lib.a(lcd.o)
                                       0x8ede (size before relaxing)
 .debug_str     0x000000000000db2d      0x30c /Users/selement/Documents/LPCXpresso_8.2.2/workspace/TP1_ghostbuster_etu/Debug/libMyLab_lib.a(ssp.o)
                                       0x80a7 (size before relaxing)
 .debug_str     0x000000000000de39      0x3bf /Users/selement/Documents/LPCXpresso_8.2.2/workspace/TP1_ghostbuster_etu/Debug/libMyLab_lib.a(traces.o)
                                       0x8578 (size before relaxing)
 .debug_str     0x000000000000e1f8       0x61 /Users/selement/Documents/LPCXpresso_8.2.2/workspace/TP1_ghostbuster_etu/Debug/libMyLab_lib.a(uart.o)
                                       0x802b (size before relaxing)
 .debug_str     0x000000000000e259       0x1f /Users/selement/Documents/LPCXpresso_8.2.2/workspace/TP1_ghostbuster_etu/Debug/libMyLab_lib.a(fonts.o)
                                       0x253a (size before relaxing)
 .debug_str     0x000000000000e278      0x402 /Users/selement/Documents/LPCXpresso_8.2.2/workspace/CMSISv2p00_LPC17xx/Debug/libCMSISv2p00_LPC17xx.a(system_LPC17xx.o)
                                       0x8148 (size before relaxing)

.comment        0x0000000000000000      0x14c
 .comment       0x0000000000000000       0x6e ./src/cr_startup_lpc17.o
                                         0x6f (size before relaxing)
 .comment       0x000000000000006e       0x6f ./src/tp1_ghostbuster.o
 .comment       0x000000000000006e       0x6f ./src/trace_mgt.o
 .comment       0x000000000000006e       0x6f ./FreeRTOS_src/list.o
 .comment       0x000000000000006e       0x6f ./FreeRTOS_src/tasks.o
 .comment       0x000000000000006e       0x6f ./FreeRTOS_portable/port.o
 .comment       0x000000000000006e       0x70 /Users/selement/Documents/LPCXpresso_8.2.2/workspace/TP1_ghostbuster_etu/Debug/libMyLab_lib.a(custom_rand.o)
                                         0x71 (size before relaxing)
 .comment       0x00000000000000de       0x71 /Users/selement/Documents/LPCXpresso_8.2.2/workspace/TP1_ghostbuster_etu/Debug/libMyLab_lib.a(lcd.o)
 .comment       0x00000000000000de       0x71 /Users/selement/Documents/LPCXpresso_8.2.2/workspace/TP1_ghostbuster_etu/Debug/libMyLab_lib.a(ssp.o)
 .comment       0x00000000000000de       0x71 /Users/selement/Documents/LPCXpresso_8.2.2/workspace/TP1_ghostbuster_etu/Debug/libMyLab_lib.a(traces.o)
 .comment       0x00000000000000de       0x71 /Users/selement/Documents/LPCXpresso_8.2.2/workspace/TP1_ghostbuster_etu/Debug/libMyLab_lib.a(uart.o)
 .comment       0x00000000000000de       0x71 /Users/selement/Documents/LPCXpresso_8.2.2/workspace/TP1_ghostbuster_etu/Debug/libMyLab_lib.a(fonts.o)
 .comment       0x00000000000000de       0x6f /Users/selement/Documents/LPCXpresso_8.2.2/workspace/CMSISv2p00_LPC17xx/Debug/libCMSISv2p00_LPC17xx.a(system_LPC17xx.o)
 .comment       0x00000000000000de       0x6e /Applications/lpcxpresso_8.2.2_650/lpcxpresso/tools/bin/../lib/gcc/arm-none-eabi/5.4.1/../../../../arm-none-eabi/lib/armv7-m/libcr_semihost.a(_cr__main.o)
                                         0x6f (size before relaxing)
 .comment       0x000000000000014c       0x6f /Applications/lpcxpresso_8.2.2_650/lpcxpresso/tools/bin/../lib/gcc/arm-none-eabi/5.4.1/../../../../arm-none-eabi/lib/armv7-m/libcr_c.a(memcpy.o)
 .comment       0x000000000000014c       0x6f /Applications/lpcxpresso_8.2.2_650/lpcxpresso/tools/bin/../lib/gcc/arm-none-eabi/5.4.1/../../../../arm-none-eabi/lib/armv7-m/libcr_c.a(memset.o)
 .comment       0x000000000000014c       0x6f /Applications/lpcxpresso_8.2.2_650/lpcxpresso/tools/bin/../lib/gcc/arm-none-eabi/5.4.1/../../../../arm-none-eabi/lib/armv7-m/libcr_c.a(alloc.o)
 .comment       0x000000000000014c       0x6f /Applications/lpcxpresso_8.2.2_650/lpcxpresso/tools/bin/../lib/gcc/arm-none-eabi/5.4.1/../../../../arm-none-eabi/lib/armv7-m/libcr_c.a(fclose.o)
 .comment       0x000000000000014c       0x6f /Applications/lpcxpresso_8.2.2_650/lpcxpresso/tools/bin/../lib/gcc/arm-none-eabi/5.4.1/../../../../arm-none-eabi/lib/armv7-m/libcr_c.a(fflush.o)
 .comment       0x000000000000014c       0x6f /Applications/lpcxpresso_8.2.2_650/lpcxpresso/tools/bin/../lib/gcc/arm-none-eabi/5.4.1/../../../../arm-none-eabi/lib/armv7-m/libcr_c.a(fopen.o)
 .comment       0x000000000000014c       0x6f /Applications/lpcxpresso_8.2.2_650/lpcxpresso/tools/bin/../lib/gcc/arm-none-eabi/5.4.1/../../../../arm-none-eabi/lib/armv7-m/libcr_c.a(fpprintf.o)
 .comment       0x000000000000014c       0x6f /Applications/lpcxpresso_8.2.2_650/lpcxpresso/tools/bin/../lib/gcc/arm-none-eabi/5.4.1/../../../../arm-none-eabi/lib/armv7-m/libcr_c.a(fread.o)
 .comment       0x000000000000014c       0x6f /Applications/lpcxpresso_8.2.2_650/lpcxpresso/tools/bin/../lib/gcc/arm-none-eabi/5.4.1/../../../../arm-none-eabi/lib/armv7-m/libcr_c.a(freopen.o)
 .comment       0x000000000000014c       0x6f /Applications/lpcxpresso_8.2.2_650/lpcxpresso/tools/bin/../lib/gcc/arm-none-eabi/5.4.1/../../../../arm-none-eabi/lib/armv7-m/libcr_c.a(fseek.o)
 .comment       0x000000000000014c       0x6f /Applications/lpcxpresso_8.2.2_650/lpcxpresso/tools/bin/../lib/gcc/arm-none-eabi/5.4.1/../../../../arm-none-eabi/lib/armv7-m/libcr_c.a(ftell.o)
 .comment       0x000000000000014c       0x6f /Applications/lpcxpresso_8.2.2_650/lpcxpresso/tools/bin/../lib/gcc/arm-none-eabi/5.4.1/../../../../arm-none-eabi/lib/armv7-m/libcr_c.a(initio.o)
 .comment       0x000000000000014c       0x6f /Applications/lpcxpresso_8.2.2_650/lpcxpresso/tools/bin/../lib/gcc/arm-none-eabi/5.4.1/../../../../arm-none-eabi/lib/armv7-m/libcr_c.a(printf.o)
 .comment       0x000000000000014c       0x6f /Applications/lpcxpresso_8.2.2_650/lpcxpresso/tools/bin/../lib/gcc/arm-none-eabi/5.4.1/../../../../arm-none-eabi/lib/armv7-m/libcr_c.a(remove.o)
 .comment       0x000000000000014c       0x6f /Applications/lpcxpresso_8.2.2_650/lpcxpresso/tools/bin/../lib/gcc/arm-none-eabi/5.4.1/../../../../arm-none-eabi/lib/armv7-m/libcr_c.a(setvbuf.o)
 .comment       0x000000000000014c       0x6f /Applications/lpcxpresso_8.2.2_650/lpcxpresso/tools/bin/../lib/gcc/arm-none-eabi/5.4.1/../../../../arm-none-eabi/lib/armv7-m/libcr_c.a(stdio.o)
 .comment       0x000000000000014c       0x6f /Applications/lpcxpresso_8.2.2_650/lpcxpresso/tools/bin/../lib/gcc/arm-none-eabi/5.4.1/../../../../arm-none-eabi/lib/armv7-m/libcr_c.a(stdlib.o)
 .comment       0x000000000000014c       0x6f /Applications/lpcxpresso_8.2.2_650/lpcxpresso/tools/bin/../lib/gcc/arm-none-eabi/5.4.1/../../../../arm-none-eabi/lib/armv7-m/libcr_c.a(strlen.o)
 .comment       0x000000000000014c       0x6f /Applications/lpcxpresso_8.2.2_650/lpcxpresso/tools/bin/../lib/gcc/arm-none-eabi/5.4.1/../../../../arm-none-eabi/lib/armv7-m/libcr_c.a(__fillbuf.o)
 .comment       0x000000000000014c       0x6f /Applications/lpcxpresso_8.2.2_650/lpcxpresso/tools/bin/../lib/gcc/arm-none-eabi/5.4.1/../../../../arm-none-eabi/lib/armv7-m/libcr_c.a(__init_alloc.o)
 .comment       0x000000000000014c       0x6f /Applications/lpcxpresso_8.2.2_650/lpcxpresso/tools/bin/../lib/gcc/arm-none-eabi/5.4.1/../../../../arm-none-eabi/lib/armv7-m/libcr_c.a(_cr_sbrk.o)
 .comment       0x000000000000014c       0x6f /Applications/lpcxpresso_8.2.2_650/lpcxpresso/tools/bin/../lib/gcc/arm-none-eabi/5.4.1/../../../../arm-none-eabi/lib/armv7-m/libcr_c.a(_deferredlazyseek.o)
 .comment       0x000000000000014c       0x6f /Applications/lpcxpresso_8.2.2_650/lpcxpresso/tools/bin/../lib/gcc/arm-none-eabi/5.4.1/../../../../arm-none-eabi/lib/armv7-m/libcr_c.a(_do_fflush.o)
 .comment       0x000000000000014c       0x6f /Applications/lpcxpresso_8.2.2_650/lpcxpresso/tools/bin/../lib/gcc/arm-none-eabi/5.4.1/../../../../arm-none-eabi/lib/armv7-m/libcr_c.a(_fdopen.o)
 .comment       0x000000000000014c       0x6f /Applications/lpcxpresso_8.2.2_650/lpcxpresso/tools/bin/../lib/gcc/arm-none-eabi/5.4.1/../../../../arm-none-eabi/lib/armv7-m/libcr_c.a(_fflush.o)
 .comment       0x000000000000014c       0x6f /Applications/lpcxpresso_8.2.2_650/lpcxpresso/tools/bin/../lib/gcc/arm-none-eabi/5.4.1/../../../../arm-none-eabi/lib/armv7-m/libcr_c.a(_frexpl.o)
 .comment       0x000000000000014c       0x6f /Applications/lpcxpresso_8.2.2_650/lpcxpresso/tools/bin/../lib/gcc/arm-none-eabi/5.4.1/../../../../arm-none-eabi/lib/armv7-m/libcr_c.a(_hugeval.o)
 .comment       0x000000000000014c       0x6f /Applications/lpcxpresso_8.2.2_650/lpcxpresso/tools/bin/../lib/gcc/arm-none-eabi/5.4.1/../../../../arm-none-eabi/lib/armv7-m/libcr_c.a(_ldexpl.o)
 .comment       0x000000000000014c       0x6f /Applications/lpcxpresso_8.2.2_650/lpcxpresso/tools/bin/../lib/gcc/arm-none-eabi/5.4.1/../../../../arm-none-eabi/lib/armv7-m/libcr_c.a(_read.o)
 .comment       0x000000000000014c       0x6f /Applications/lpcxpresso_8.2.2_650/lpcxpresso/tools/bin/../lib/gcc/arm-none-eabi/5.4.1/../../../../arm-none-eabi/lib/armv7-m/libcr_c.a(_writebuf.o)
 .comment       0x000000000000014c       0x6f /Applications/lpcxpresso_8.2.2_650/lpcxpresso/tools/bin/../lib/gcc/arm-none-eabi/5.4.1/../../../../arm-none-eabi/lib/armv7-m/libcr_c.a(errno.o)
 .comment       0x000000000000014c       0x6f /Applications/lpcxpresso_8.2.2_650/lpcxpresso/tools/bin/../lib/gcc/arm-none-eabi/5.4.1/../../../../arm-none-eabi/lib/armv7-m/libcr_c.a(_cr_check_heap.o)
 .comment       0x000000000000014c       0x6f /Applications/lpcxpresso_8.2.2_650/lpcxpresso/tools/bin/../lib/gcc/arm-none-eabi/5.4.1/armv7-m/libcr_eabihelpers.a(double.o)

.ARM.attributes
                0x0000000000000000       0x31
 .ARM.attributes
                0x0000000000000000       0x33 ./src/cr_startup_lpc17.o
 .ARM.attributes
                0x0000000000000033       0x33 ./src/tp1_ghostbuster.o
 .ARM.attributes
                0x0000000000000066       0x33 ./src/trace_mgt.o
 .ARM.attributes
                0x0000000000000099       0x33 ./FreeRTOS_src/list.o
 .ARM.attributes
                0x00000000000000cc       0x33 ./FreeRTOS_src/tasks.o
 .ARM.attributes
                0x00000000000000ff       0x33 ./FreeRTOS_portable/port.o
 .ARM.attributes
                0x0000000000000132       0x33 /Users/selement/Documents/LPCXpresso_8.2.2/workspace/TP1_ghostbuster_etu/Debug/libMyLab_lib.a(custom_rand.o)
 .ARM.attributes
                0x0000000000000165       0x33 /Users/selement/Documents/LPCXpresso_8.2.2/workspace/TP1_ghostbuster_etu/Debug/libMyLab_lib.a(lcd.o)
 .ARM.attributes
                0x0000000000000198       0x33 /Users/selement/Documents/LPCXpresso_8.2.2/workspace/TP1_ghostbuster_etu/Debug/libMyLab_lib.a(ssp.o)
 .ARM.attributes
                0x00000000000001cb       0x33 /Users/selement/Documents/LPCXpresso_8.2.2/workspace/TP1_ghostbuster_etu/Debug/libMyLab_lib.a(traces.o)
 .ARM.attributes
                0x00000000000001fe       0x33 /Users/selement/Documents/LPCXpresso_8.2.2/workspace/TP1_ghostbuster_etu/Debug/libMyLab_lib.a(uart.o)
 .ARM.attributes
                0x0000000000000231       0x33 /Users/selement/Documents/LPCXpresso_8.2.2/workspace/TP1_ghostbuster_etu/Debug/libMyLab_lib.a(fonts.o)
 .ARM.attributes
                0x0000000000000264       0x33 /Users/selement/Documents/LPCXpresso_8.2.2/workspace/CMSISv2p00_LPC17xx/Debug/libCMSISv2p00_LPC17xx.a(system_LPC17xx.o)
 .ARM.attributes
                0x0000000000000297       0x33 /Applications/lpcxpresso_8.2.2_650/lpcxpresso/tools/bin/../lib/gcc/arm-none-eabi/5.4.1/../../../../arm-none-eabi/lib/armv7-m/libcr_semihost.a(_cr__main.o)
 .ARM.attributes
                0x00000000000002ca       0x33 /Applications/lpcxpresso_8.2.2_650/lpcxpresso/tools/bin/../lib/gcc/arm-none-eabi/5.4.1/../../../../arm-none-eabi/lib/armv7-m/libcr_c.a(memcpy.o)
 .ARM.attributes
                0x00000000000002fd       0x33 /Applications/lpcxpresso_8.2.2_650/lpcxpresso/tools/bin/../lib/gcc/arm-none-eabi/5.4.1/../../../../arm-none-eabi/lib/armv7-m/libcr_c.a(memset.o)
 .ARM.attributes
                0x0000000000000330       0x33 /Applications/lpcxpresso_8.2.2_650/lpcxpresso/tools/bin/../lib/gcc/arm-none-eabi/5.4.1/../../../../arm-none-eabi/lib/armv7-m/libcr_c.a(alloc.o)
 .ARM.attributes
                0x0000000000000363       0x33 /Applications/lpcxpresso_8.2.2_650/lpcxpresso/tools/bin/../lib/gcc/arm-none-eabi/5.4.1/../../../../arm-none-eabi/lib/armv7-m/libcr_c.a(fclose.o)
 .ARM.attributes
                0x0000000000000396       0x33 /Applications/lpcxpresso_8.2.2_650/lpcxpresso/tools/bin/../lib/gcc/arm-none-eabi/5.4.1/../../../../arm-none-eabi/lib/armv7-m/libcr_c.a(fflush.o)
 .ARM.attributes
                0x00000000000003c9       0x33 /Applications/lpcxpresso_8.2.2_650/lpcxpresso/tools/bin/../lib/gcc/arm-none-eabi/5.4.1/../../../../arm-none-eabi/lib/armv7-m/libcr_c.a(fopen.o)
 .ARM.attributes
                0x00000000000003fc       0x33 /Applications/lpcxpresso_8.2.2_650/lpcxpresso/tools/bin/../lib/gcc/arm-none-eabi/5.4.1/../../../../arm-none-eabi/lib/armv7-m/libcr_c.a(fpprintf.o)
 .ARM.attributes
                0x000000000000042f       0x33 /Applications/lpcxpresso_8.2.2_650/lpcxpresso/tools/bin/../lib/gcc/arm-none-eabi/5.4.1/../../../../arm-none-eabi/lib/armv7-m/libcr_c.a(fread.o)
 .ARM.attributes
                0x0000000000000462       0x33 /Applications/lpcxpresso_8.2.2_650/lpcxpresso/tools/bin/../lib/gcc/arm-none-eabi/5.4.1/../../../../arm-none-eabi/lib/armv7-m/libcr_c.a(freopen.o)
 .ARM.attributes
                0x0000000000000495       0x33 /Applications/lpcxpresso_8.2.2_650/lpcxpresso/tools/bin/../lib/gcc/arm-none-eabi/5.4.1/../../../../arm-none-eabi/lib/armv7-m/libcr_c.a(fseek.o)
 .ARM.attributes
                0x00000000000004c8       0x33 /Applications/lpcxpresso_8.2.2_650/lpcxpresso/tools/bin/../lib/gcc/arm-none-eabi/5.4.1/../../../../arm-none-eabi/lib/armv7-m/libcr_c.a(ftell.o)
 .ARM.attributes
                0x00000000000004fb       0x33 /Applications/lpcxpresso_8.2.2_650/lpcxpresso/tools/bin/../lib/gcc/arm-none-eabi/5.4.1/../../../../arm-none-eabi/lib/armv7-m/libcr_c.a(initio.o)
 .ARM.attributes
                0x000000000000052e       0x33 /Applications/lpcxpresso_8.2.2_650/lpcxpresso/tools/bin/../lib/gcc/arm-none-eabi/5.4.1/../../../../arm-none-eabi/lib/armv7-m/libcr_c.a(printf.o)
 .ARM.attributes
                0x0000000000000561       0x33 /Applications/lpcxpresso_8.2.2_650/lpcxpresso/tools/bin/../lib/gcc/arm-none-eabi/5.4.1/../../../../arm-none-eabi/lib/armv7-m/libcr_c.a(remove.o)
 .ARM.attributes
                0x0000000000000594       0x33 /Applications/lpcxpresso_8.2.2_650/lpcxpresso/tools/bin/../lib/gcc/arm-none-eabi/5.4.1/../../../../arm-none-eabi/lib/armv7-m/libcr_c.a(setvbuf.o)
 .ARM.attributes
                0x00000000000005c7       0x33 /Applications/lpcxpresso_8.2.2_650/lpcxpresso/tools/bin/../lib/gcc/arm-none-eabi/5.4.1/../../../../arm-none-eabi/lib/armv7-m/libcr_c.a(stdio.o)
 .ARM.attributes
                0x00000000000005fa       0x33 /Applications/lpcxpresso_8.2.2_650/lpcxpresso/tools/bin/../lib/gcc/arm-none-eabi/5.4.1/../../../../arm-none-eabi/lib/armv7-m/libcr_c.a(stdlib.o)
 .ARM.attributes
                0x000000000000062d       0x33 /Applications/lpcxpresso_8.2.2_650/lpcxpresso/tools/bin/../lib/gcc/arm-none-eabi/5.4.1/../../../../arm-none-eabi/lib/armv7-m/libcr_c.a(strlen.o)
 .ARM.attributes
                0x0000000000000660       0x33 /Applications/lpcxpresso_8.2.2_650/lpcxpresso/tools/bin/../lib/gcc/arm-none-eabi/5.4.1/../../../../arm-none-eabi/lib/armv7-m/libcr_c.a(__fillbuf.o)
 .ARM.attributes
                0x0000000000000693       0x33 /Applications/lpcxpresso_8.2.2_650/lpcxpresso/tools/bin/../lib/gcc/arm-none-eabi/5.4.1/../../../../arm-none-eabi/lib/armv7-m/libcr_c.a(__init_alloc.o)
 .ARM.attributes
                0x00000000000006c6       0x33 /Applications/lpcxpresso_8.2.2_650/lpcxpresso/tools/bin/../lib/gcc/arm-none-eabi/5.4.1/../../../../arm-none-eabi/lib/armv7-m/libcr_c.a(_cr_sbrk.o)
 .ARM.attributes
                0x00000000000006f9       0x33 /Applications/lpcxpresso_8.2.2_650/lpcxpresso/tools/bin/../lib/gcc/arm-none-eabi/5.4.1/../../../../arm-none-eabi/lib/armv7-m/libcr_c.a(_deferredlazyseek.o)
 .ARM.attributes
                0x000000000000072c       0x33 /Applications/lpcxpresso_8.2.2_650/lpcxpresso/tools/bin/../lib/gcc/arm-none-eabi/5.4.1/../../../../arm-none-eabi/lib/armv7-m/libcr_c.a(_do_fflush.o)
 .ARM.attributes
                0x000000000000075f       0x33 /Applications/lpcxpresso_8.2.2_650/lpcxpresso/tools/bin/../lib/gcc/arm-none-eabi/5.4.1/../../../../arm-none-eabi/lib/armv7-m/libcr_c.a(_fdopen.o)
 .ARM.attributes
                0x0000000000000792       0x33 /Applications/lpcxpresso_8.2.2_650/lpcxpresso/tools/bin/../lib/gcc/arm-none-eabi/5.4.1/../../../../arm-none-eabi/lib/armv7-m/libcr_c.a(_fflush.o)
 .ARM.attributes
                0x00000000000007c5       0x33 /Applications/lpcxpresso_8.2.2_650/lpcxpresso/tools/bin/../lib/gcc/arm-none-eabi/5.4.1/../../../../arm-none-eabi/lib/armv7-m/libcr_c.a(_frexpl.o)
 .ARM.attributes
                0x00000000000007f8       0x33 /Applications/lpcxpresso_8.2.2_650/lpcxpresso/tools/bin/../lib/gcc/arm-none-eabi/5.4.1/../../../../arm-none-eabi/lib/armv7-m/libcr_c.a(_hugeval.o)
 .ARM.attributes
                0x000000000000082b       0x33 /Applications/lpcxpresso_8.2.2_650/lpcxpresso/tools/bin/../lib/gcc/arm-none-eabi/5.4.1/../../../../arm-none-eabi/lib/armv7-m/libcr_c.a(_ldexpl.o)
 .ARM.attributes
                0x000000000000085e       0x33 /Applications/lpcxpresso_8.2.2_650/lpcxpresso/tools/bin/../lib/gcc/arm-none-eabi/5.4.1/../../../../arm-none-eabi/lib/armv7-m/libcr_c.a(_read.o)
 .ARM.attributes
                0x0000000000000891       0x33 /Applications/lpcxpresso_8.2.2_650/lpcxpresso/tools/bin/../lib/gcc/arm-none-eabi/5.4.1/../../../../arm-none-eabi/lib/armv7-m/libcr_c.a(_writebuf.o)
 .ARM.attributes
                0x00000000000008c4       0x33 /Applications/lpcxpresso_8.2.2_650/lpcxpresso/tools/bin/../lib/gcc/arm-none-eabi/5.4.1/../../../../arm-none-eabi/lib/armv7-m/libcr_c.a(errno.o)
 .ARM.attributes
                0x00000000000008f7       0x33 /Applications/lpcxpresso_8.2.2_650/lpcxpresso/tools/bin/../lib/gcc/arm-none-eabi/5.4.1/../../../../arm-none-eabi/lib/armv7-m/libcr_c.a(_cr_check_heap.o)
 .ARM.attributes
                0x000000000000092a       0x33 /Applications/lpcxpresso_8.2.2_650/lpcxpresso/tools/bin/../lib/gcc/arm-none-eabi/5.4.1/armv7-m/libcr_eabihelpers.a(double.o)
 .ARM.attributes
                0x000000000000095d       0x21 /Applications/lpcxpresso_8.2.2_650/lpcxpresso/tools/bin/../lib/gcc/arm-none-eabi/5.4.1/armv7-m/libcr_eabihelpers.a(memcpy.o)
 .ARM.attributes
                0x000000000000097e       0x21 /Applications/lpcxpresso_8.2.2_650/lpcxpresso/tools/bin/../lib/gcc/arm-none-eabi/5.4.1/../../../../arm-none-eabi/lib/armv7-m/libcr_semihost.a(__sys_appexit.o)
 .ARM.attributes
                0x000000000000099f       0x21 /Applications/lpcxpresso_8.2.2_650/lpcxpresso/tools/bin/../lib/gcc/arm-none-eabi/5.4.1/../../../../arm-none-eabi/lib/armv7-m/libcr_semihost.a(__sys_close.o)
 .ARM.attributes
                0x00000000000009c0       0x21 /Applications/lpcxpresso_8.2.2_650/lpcxpresso/tools/bin/../lib/gcc/arm-none-eabi/5.4.1/../../../../arm-none-eabi/lib/armv7-m/libcr_semihost.a(__sys_flen.o)
 .ARM.attributes
                0x00000000000009e1       0x21 /Applications/lpcxpresso_8.2.2_650/lpcxpresso/tools/bin/../lib/gcc/arm-none-eabi/5.4.1/../../../../arm-none-eabi/lib/armv7-m/libcr_semihost.a(__sys_istty.o)
 .ARM.attributes
                0x0000000000000a02       0x21 /Applications/lpcxpresso_8.2.2_650/lpcxpresso/tools/bin/../lib/gcc/arm-none-eabi/5.4.1/../../../../arm-none-eabi/lib/armv7-m/libcr_semihost.a(__sys_open.o)
 .ARM.attributes
                0x0000000000000a23       0x21 /Applications/lpcxpresso_8.2.2_650/lpcxpresso/tools/bin/../lib/gcc/arm-none-eabi/5.4.1/../../../../arm-none-eabi/lib/armv7-m/libcr_semihost.a(__sys_read.o)
 .ARM.attributes
                0x0000000000000a44       0x21 /Applications/lpcxpresso_8.2.2_650/lpcxpresso/tools/bin/../lib/gcc/arm-none-eabi/5.4.1/../../../../arm-none-eabi/lib/armv7-m/libcr_semihost.a(__sys_readc.o)
 .ARM.attributes
                0x0000000000000a65       0x21 /Applications/lpcxpresso_8.2.2_650/lpcxpresso/tools/bin/../lib/gcc/arm-none-eabi/5.4.1/../../../../arm-none-eabi/lib/armv7-m/libcr_semihost.a(__sys_remove.o)
 .ARM.attributes
                0x0000000000000a86       0x21 /Applications/lpcxpresso_8.2.2_650/lpcxpresso/tools/bin/../lib/gcc/arm-none-eabi/5.4.1/../../../../arm-none-eabi/lib/armv7-m/libcr_semihost.a(__sys_seek.o)
 .ARM.attributes
                0x0000000000000aa7       0x21 /Applications/lpcxpresso_8.2.2_650/lpcxpresso/tools/bin/../lib/gcc/arm-none-eabi/5.4.1/../../../../arm-none-eabi/lib/armv7-m/libcr_semihost.a(__sys_tmpnam.o)
 .ARM.attributes
                0x0000000000000ac8       0x21 /Applications/lpcxpresso_8.2.2_650/lpcxpresso/tools/bin/../lib/gcc/arm-none-eabi/5.4.1/../../../../arm-none-eabi/lib/armv7-m/libcr_semihost.a(__sys_write.o)

.debug_frame    0x0000000000000000      0xf08
 .debug_frame   0x0000000000000000      0x128 ./src/cr_startup_lpc17.o
 .debug_frame   0x0000000000000128      0x124 ./src/tp1_ghostbuster.o
 .debug_frame   0x000000000000024c       0x34 ./src/trace_mgt.o
 .debug_frame   0x0000000000000280       0xd8 ./FreeRTOS_src/list.o
 .debug_frame   0x0000000000000358      0x388 ./FreeRTOS_src/tasks.o
 .debug_frame   0x00000000000006e0      0x148 ./FreeRTOS_portable/port.o
 .debug_frame   0x0000000000000828       0x5c /Users/selement/Documents/LPCXpresso_8.2.2/workspace/TP1_ghostbuster_etu/Debug/libMyLab_lib.a(custom_rand.o)
 .debug_frame   0x0000000000000884      0x408 /Users/selement/Documents/LPCXpresso_8.2.2/workspace/TP1_ghostbuster_etu/Debug/libMyLab_lib.a(lcd.o)
 .debug_frame   0x0000000000000c8c       0xa8 /Users/selement/Documents/LPCXpresso_8.2.2/workspace/TP1_ghostbuster_etu/Debug/libMyLab_lib.a(ssp.o)
 .debug_frame   0x0000000000000d34      0x11c /Users/selement/Documents/LPCXpresso_8.2.2/workspace/TP1_ghostbuster_etu/Debug/libMyLab_lib.a(traces.o)
 .debug_frame   0x0000000000000e50       0x7c /Users/selement/Documents/LPCXpresso_8.2.2/workspace/TP1_ghostbuster_etu/Debug/libMyLab_lib.a(uart.o)
 .debug_frame   0x0000000000000ecc       0x3c /Users/selement/Documents/LPCXpresso_8.2.2/workspace/CMSISv2p00_LPC17xx/Debug/libCMSISv2p00_LPC17xx.a(system_LPC17xx.o)
